#
# There is insufficient memory for the Java Runtime Environment to continue.
# Native memory allocation (malloc) failed to allocate 1587184 bytes. Error detail: Chunk::new
# Possible reasons:
#   The system is out of physical RAM or swap space
#   This process is running with CompressedOops enabled, and the Java Heap may be blocking the growth of the native heap
# Possible solutions:
#   Reduce memory load on the system
#   Increase physical memory or swap space
#   Check if swap backing store is full
#   Decrease Java heap size (-Xmx/-Xms)
#   Decrease number of Java threads
#   Decrease Java thread stack sizes (-Xss)
#   Set larger code cache with -XX:ReservedCodeCacheSize=
#   JVM is running with Unscaled Compressed Oops mode in which the Java heap is
#     placed in the first 4GB address space. The Java Heap base address is the
#     maximum limit for the native heap growth. Please use -XX:HeapBaseMinAddress
#     to set the Java Heap base and to place the Java Heap above 4GB virtual address.
# This output file may be truncated or incomplete.
#
#  Out of Memory Error (arena.cpp:168), pid=19672, tid=10596
#
# JRE version: OpenJDK Runtime Environment Temurin-21.0.12.1+1 (21.0.12.1+1) (build 21.0.12.1+1-LTS)
# Java VM: OpenJDK 64-Bit Server VM Temurin-21.0.12.1+1 (21.0.12.1+1-LTS, mixed mode, sharing, tiered, compressed oops, compressed class ptrs, g1 gc, windows-amd64)
# No core dump will be written. Minidumps are not enabled by default on client versions of Windows
#

---------------  S U M M A R Y ------------

Command Line: --add-opens=java.base/java.lang=ALL-UNNAMED --add-opens=java.base/java.lang.invoke=ALL-UNNAMED --add-opens=java.base/java.util=ALL-UNNAMED --add-opens=java.prefs/java.util.prefs=ALL-UNNAMED --add-exports=jdk.compiler/com.sun.tools.javac.api=ALL-UNNAMED --add-exports=jdk.compiler/com.sun.tools.javac.util=ALL-UNNAMED --add-opens=java.base/java.util=ALL-UNNAMED --add-opens=java.prefs/java.util.prefs=ALL-UNNAMED --add-opens=java.base/java.nio.charset=ALL-UNNAMED --add-opens=java.base/java.net=ALL-UNNAMED --add-opens=java.base/java.util.concurrent.atomic=ALL-UNNAMED --add-opens=java.xml/javax.xml.namespace=ALL-UNNAMED -Xmx1536m -Dfile.encoding=UTF-8 -Duser.country=PH -Duser.language=en -Duser.variant -javaagent:C:\Users\Teddy Lorenz Guangco\.gradle\wrapper\dists\gradle-8.14.3-all\10utluxaxniiv4wxiphsi49nj\gradle-8.14.3\lib\agents\gradle-instrumentation-agent-8.14.3.jar org.gradle.launcher.daemon.bootstrap.GradleDaemon 8.14.3

Host: AMD Ryzen 7 6800H with Radeon Graphics         , 16 cores, 23G,  Windows 11 , 64 bit Build 26100 (10.0.26100.7019)
Time: Mon Sep 28 19:14:17 2026 Malay Peninsula Standard Time elapsed time: 6.770689 seconds (0d 0h 0m 6s)

---------------  T H R E A D  ---------------

Current thread (0x000001dc552aa1a0):  JavaThread "C2 CompilerThread7" daemon [_thread_in_native, id=10596, stack(0x000000d4d5300000,0x000000d4d5400000) (1024K)]


Current CompileTask:
C2:6770 8059       4       org.gradle.cache.internal.btree.FreeListBlockStore::read (12 bytes)

Stack: [0x000000d4d5300000,0x000000d4d5400000]
Native frames: (J=compiled Java code, j=interpreted, Vv=VM code, C=native code)
V  [jvm.dll+0x6d83e9]
V  [jvm.dll+0x8b5736]
V  [jvm.dll+0x8b7cee]
V  [jvm.dll+0x8b83d3]
V  [jvm.dll+0x284596]
V  [jvm.dll+0xc685d]
V  [jvm.dll+0xc6da1]
V  [jvm.dll+0x3bf18b]
V  [jvm.dll+0x38b6d2]
V  [jvm.dll+0x38ab1a]
V  [jvm.dll+0x24c700]
V  [jvm.dll+0x24bce0]
V  [jvm.dll+0x1cb4ae]
V  [jvm.dll+0x25baad]
V  [jvm.dll+0x25a03a]
V  [jvm.dll+0x3f8aae]
V  [jvm.dll+0x8600cd]
V  [jvm.dll+0x6d6c1d]
C  [ucrtbase.dll+0x37b0]
C  [KERNEL32.DLL+0x2e8d7]
C  [ntdll.dll+0x8c53c]


---------------  P R O C E S S  ---------------

Threads class SMR info:
_java_thread_list=0x000001dc55349b70, length=98, elements={
0x000001dc6faed220, 0x000001dc7a7f1160, 0x000001dc7a7f1bc0, 0x000001dc7a7f59d0,
0x000001dc7a7f86d0, 0x000001dc7a7fb140, 0x000001dc7a7fbba0, 0x000001dc7a804940,
0x000001dc7a8071f0, 0x000001dc7a806b20, 0x000001dc7ab17eb0, 0x000001dc7abf2350,
0x000001dc7a8078c0, 0x000001dc7a807f90, 0x000001dc7a808660, 0x000001dc7a805d80,
0x000001dc7a808d30, 0x000001dc51b70fc0, 0x000001dc50a16440, 0x000001dc5147a8d0,
0x000001dc51684c60, 0x000001dc5179ee10, 0x000001dc5195b100, 0x000001dc5178cd90,
0x000001dc5178acc0, 0x000001dc5178c070, 0x000001dc5178e140, 0x000001dc5178d420,
0x000001dc5178dab0, 0x000001dc5178b9e0, 0x000001dc52e38fe0, 0x000001dc52e39d00,
0x000001dc52e3a390, 0x000001dc52e382c0, 0x000001dc52e3aa20, 0x000001dc52e3b0b0,
0x000001dc7a806450, 0x000001dc52e3bdd0, 0x000001dc52e3b740, 0x000001dc52e3d180,
0x000001dc52e3c460, 0x000001dc52e3ebc0, 0x000001dc52e3caf0, 0x000001dc52e3d810,
0x000001dc52e3e530, 0x000001dc52ffda60, 0x000001dc52ffe0f0, 0x000001dc52ffcd40,
0x000001dc52ffd3d0, 0x000001dc52ffc020, 0x000001dc52fffb30, 0x000001dc52ffc6b0,
0x000001dc53002fb0, 0x000001dc53000850, 0x000001dc530001c0, 0x000001dc53000ee0,
0x000001dc53001570, 0x000001dc53001c00, 0x000001dc53002290, 0x000001dc53002920,
0x000001dc7f0de5e0, 0x000001dc7f0dec70, 0x000001dc7f0ddf50, 0x000001dc7f0dcba0,
0x000001dc7f0dd230, 0x000001dc7f0dd8c0, 0x000001dc7f0dc510, 0x000001dc7f0db7f0,
0x000001dc7f0df300, 0x000001dc7f0dbe80, 0x000001dc7f0e06b0, 0x000001dc7f0e0020,
0x000001dc7f0e1a60, 0x000001dc7f0e2780, 0x000001dc7f0e2e10, 0x000001dc7f0e0d40,
0x000001dc7f0e13d0, 0x000001dc7f0df990, 0x000001dc54ebfda0, 0x000001dc54ec0430,
0x000001dc54ec0ac0, 0x000001dc54ebdcd0, 0x000001dc54ec1150, 0x000001dc54ec17e0,
0x000001dc54ebe9f0, 0x000001dc54ebe360, 0x000001dc54ec1e70, 0x000001dc54ec2500,
0x000001dc54ebf710, 0x000001dc54ebf080, 0x000001dc54ec2b90, 0x000001dc54ec4c60,
0x000001dc552a8d30, 0x000001dc552ac3b0, 0x000001dc552aa1a0, 0x000001dc54ec3f40,
0x000001dc54ec45d0, 0x000001dc528e09b0
}

Java Threads: ( => current thread )
  0x000001dc6faed220 JavaThread "main"                              [_thread_blocked, id=18484, stack(0x000000d4ce000000,0x000000d4ce100000) (1024K)]
  0x000001dc7a7f1160 JavaThread "Reference Handler"          daemon [_thread_blocked, id=18464, stack(0x000000d4ce800000,0x000000d4ce900000) (1024K)]
  0x000001dc7a7f1bc0 JavaThread "Finalizer"                  daemon [_thread_blocked, id=13628, stack(0x000000d4ce900000,0x000000d4cea00000) (1024K)]
  0x000001dc7a7f59d0 JavaThread "Signal Dispatcher"          daemon [_thread_blocked, id=22900, stack(0x000000d4cea00000,0x000000d4ceb00000) (1024K)]
  0x000001dc7a7f86d0 JavaThread "Attach Listener"            daemon [_thread_blocked, id=31428, stack(0x000000d4ceb00000,0x000000d4cec00000) (1024K)]
  0x000001dc7a7fb140 JavaThread "Service Thread"             daemon [_thread_blocked, id=18856, stack(0x000000d4cec00000,0x000000d4ced00000) (1024K)]
  0x000001dc7a7fbba0 JavaThread "Monitor Deflation Thread"   daemon [_thread_blocked, id=10244, stack(0x000000d4ced00000,0x000000d4cee00000) (1024K)]
  0x000001dc7a804940 JavaThread "C2 CompilerThread0"         daemon [_thread_blocked, id=30336, stack(0x000000d4cee00000,0x000000d4cef00000) (1024K)]
  0x000001dc7a8071f0 JavaThread "C1 CompilerThread0"         daemon [_thread_blocked, id=13064, stack(0x000000d4cef00000,0x000000d4cf000000) (1024K)]
  0x000001dc7a806b20 JavaThread "C1 CompilerThread1"         daemon [_thread_blocked, id=29800, stack(0x000000d4cf000000,0x000000d4cf100000) (1024K)]
  0x000001dc7ab17eb0 JavaThread "Common-Cleaner"             daemon [_thread_blocked, id=15252, stack(0x000000d4cf100000,0x000000d4cf200000) (1024K)]
  0x000001dc7abf2350 JavaThread "Notification Thread"        daemon [_thread_blocked, id=31000, stack(0x000000d4cf200000,0x000000d4cf300000) (1024K)]
  0x000001dc7a8078c0 JavaThread "C2 CompilerThread1"         daemon [_thread_in_native, id=18824, stack(0x000000d4cf300000,0x000000d4cf400000) (1024K)]
  0x000001dc7a807f90 JavaThread "C2 CompilerThread2"         daemon [_thread_blocked, id=10496, stack(0x000000d4cf400000,0x000000d4cf500000) (1024K)]
  0x000001dc7a808660 JavaThread "C2 CompilerThread3"         daemon [_thread_in_native, id=30528, stack(0x000000d4cfc00000,0x000000d4cfd00000) (1024K)]
  0x000001dc7a805d80 JavaThread "C1 CompilerThread2"         daemon [_thread_blocked, id=27948, stack(0x000000d4cfd00000,0x000000d4cfe00000) (1024K)]
  0x000001dc7a808d30 JavaThread "C1 CompilerThread3"         daemon [_thread_blocked, id=17200, stack(0x000000d4cfe00000,0x000000d4cff00000) (1024K)]
  0x000001dc51b70fc0 JavaThread "Daemon health stats"               [_thread_blocked, id=5428, stack(0x000000d4cff00000,0x000000d4d0000000) (1024K)]
  0x000001dc50a16440 JavaThread "Incoming local TCP Connector on port 62663"        [_thread_in_native, id=12236, stack(0x000000d4d0000000,0x000000d4d0100000) (1024K)]
  0x000001dc5147a8d0 JavaThread "Daemon periodic checks"            [_thread_blocked, id=24456, stack(0x000000d4d0100000,0x000000d4d0200000) (1024K)]
  0x000001dc51684c60 JavaThread "Daemon"                            [_thread_blocked, id=4176, stack(0x000000d4d0200000,0x000000d4d0300000) (1024K)]
  0x000001dc5179ee10 JavaThread "Handler for socket connection from /127.0.0.1:62663 to /127.0.0.1:62664"        [_thread_in_native, id=18088, stack(0x000000d4d0300000,0x000000d4d0400000) (1024K)]
  0x000001dc5195b100 JavaThread "Cancel handler"                    [_thread_blocked, id=16252, stack(0x000000d4d0400000,0x000000d4d0500000) (1024K)]
  0x000001dc5178cd90 JavaThread "Daemon worker"                     [_thread_in_Java, id=19504, stack(0x000000d4d0500000,0x000000d4d0600000) (1024K)]
  0x000001dc5178acc0 JavaThread "Asynchronous log dispatcher for DefaultDaemonConnection: socket connection from /127.0.0.1:62663 to /127.0.0.1:62664"        [_thread_blocked, id=25024, stack(0x000000d4d0600000,0x000000d4d0700000) (1024K)]
  0x000001dc5178c070 JavaThread "Stdin handler"                     [_thread_blocked, id=27484, stack(0x000000d4d0700000,0x000000d4d0800000) (1024K)]
  0x000001dc5178e140 JavaThread "Daemon client event forwarder"        [_thread_blocked, id=14564, stack(0x000000d4d0800000,0x000000d4d0900000) (1024K)]
  0x000001dc5178d420 JavaThread "Cache worker for journal cache (C:\Users\Teddy Lorenz Guangco\.gradle\caches\journal-1)"        [_thread_blocked, id=13000, stack(0x000000d4d0900000,0x000000d4d0a00000) (1024K)]
  0x000001dc5178dab0 JavaThread "File lock request listener"        [_thread_in_native, id=31492, stack(0x000000d4d0a00000,0x000000d4d0b00000) (1024K)]
  0x000001dc5178b9e0 JavaThread "Cache worker for file hash cache (C:\Users\Teddy Lorenz Guangco\.gradle\caches\8.14.3\fileHashes)"        [_thread_blocked, id=6292, stack(0x000000d4d0b00000,0x000000d4d0c00000) (1024K)]
  0x000001dc52e38fe0 JavaThread "Cache worker for file hash cache (C:\Users\Teddy Lorenz Guangco\CIT_Scheduler_Final\android\.gradle\8.14.3\fileHashes)"        [_thread_blocked, id=30884, stack(0x000000d4d1300000,0x000000d4d1400000) (1024K)]
  0x000001dc52e39d00 JavaThread "Cache worker for Build Output Cleanup Cache (C:\Users\Teddy Lorenz Guangco\CIT_Scheduler_Final\android\.gradle\buildOutputCleanup)"        [_thread_blocked, id=20324, stack(0x000000d4d1400000,0x000000d4d1500000) (1024K)]
  0x000001dc52e3a390 JavaThread "File watcher server"        daemon [_thread_in_native, id=11624, stack(0x000000d4d1500000,0x000000d4d1600000) (1024K)]
  0x000001dc52e382c0 JavaThread "File watcher consumer"      daemon [_thread_blocked, id=25892, stack(0x000000d4d1600000,0x000000d4d1700000) (1024K)]
  0x000001dc52e3aa20 JavaThread "jar transforms"                    [_thread_blocked, id=31304, stack(0x000000d4d1700000,0x000000d4d1800000) (1024K)]
  0x000001dc52e3b0b0 JavaThread "jar transforms Thread 2"           [_thread_blocked, id=26640, stack(0x000000d4d1800000,0x000000d4d1900000) (1024K)]
  0x000001dc7a806450 JavaThread "C2 CompilerThread4"         daemon [_thread_blocked, id=19588, stack(0x000000d4d1900000,0x000000d4d1a00000) (1024K)]
  0x000001dc52e3bdd0 JavaThread "Cache worker for checksums cache (C:\Users\Teddy Lorenz Guangco\CIT_Scheduler_Final\android\.gradle\8.14.3\checksums)"        [_thread_blocked, id=20952, stack(0x000000d4d1b00000,0x000000d4d1c00000) (1024K)]
  0x000001dc52e3b740 JavaThread "Cache worker for file content cache (C:\Users\Teddy Lorenz Guangco\.gradle\caches\8.14.3\fileContent)"        [_thread_blocked, id=30328, stack(0x000000d4d1c00000,0x000000d4d1d00000) (1024K)]
  0x000001dc52e3d180 JavaThread "jar transforms Thread 3"           [_thread_blocked, id=22076, stack(0x000000d4d1d00000,0x000000d4d1e00000) (1024K)]
  0x000001dc52e3c460 JavaThread "jar transforms Thread 4"           [_thread_blocked, id=25468, stack(0x000000d4d1e00000,0x000000d4d1f00000) (1024K)]
  0x000001dc52e3ebc0 JavaThread "jar transforms Thread 5"           [_thread_blocked, id=15848, stack(0x000000d4d1f00000,0x000000d4d2000000) (1024K)]
  0x000001dc52e3caf0 JavaThread "jar transforms Thread 6"           [_thread_blocked, id=6008, stack(0x000000d4d2000000,0x000000d4d2100000) (1024K)]
  0x000001dc52e3d810 JavaThread "Cache worker for cache directory md-supplier (C:\Users\Teddy Lorenz Guangco\.gradle\caches\8.14.3\md-supplier)"        [_thread_blocked, id=16260, stack(0x000000d4d2100000,0x000000d4d2200000) (1024K)]
  0x000001dc52e3e530 JavaThread "Cache worker for cache directory md-rule (C:\Users\Teddy Lorenz Guangco\.gradle\caches\8.14.3\md-rule)"        [_thread_blocked, id=15928, stack(0x000000d4d2200000,0x000000d4d2300000) (1024K)]
  0x000001dc52ffda60 JavaThread "jar transforms Thread 7"           [_thread_blocked, id=31720, stack(0x000000d4d2300000,0x000000d4d2400000) (1024K)]
  0x000001dc52ffe0f0 JavaThread "File lock release action executor"        [_thread_blocked, id=2092, stack(0x000000d4d2400000,0x000000d4d2500000) (1024K)]
  0x000001dc52ffcd40 JavaThread "Unconstrained build operations"        [_thread_blocked, id=25520, stack(0x000000d4d2500000,0x000000d4d2600000) (1024K)]
  0x000001dc52ffd3d0 JavaThread "Unconstrained build operations Thread 2"        [_thread_blocked, id=19064, stack(0x000000d4d2600000,0x000000d4d2700000) (1024K)]
  0x000001dc52ffc020 JavaThread "Unconstrained build operations Thread 3"        [_thread_blocked, id=24676, stack(0x000000d4d2700000,0x000000d4d2800000) (1024K)]
  0x000001dc52fffb30 JavaThread "Unconstrained build operations Thread 4"        [_thread_blocked, id=15244, stack(0x000000d4d2800000,0x000000d4d2900000) (1024K)]
  0x000001dc52ffc6b0 JavaThread "Unconstrained build operations Thread 5"        [_thread_blocked, id=22908, stack(0x000000d4d2900000,0x000000d4d2a00000) (1024K)]
  0x000001dc53002fb0 JavaThread "Unconstrained build operations Thread 6"        [_thread_blocked, id=27036, stack(0x000000d4d2a00000,0x000000d4d2b00000) (1024K)]
  0x000001dc53000850 JavaThread "Unconstrained build operations Thread 7"        [_thread_blocked, id=29036, stack(0x000000d4d2b00000,0x000000d4d2c00000) (1024K)]
  0x000001dc530001c0 JavaThread "Unconstrained build operations Thread 8"        [_thread_blocked, id=11784, stack(0x000000d4d2c00000,0x000000d4d2d00000) (1024K)]
  0x000001dc53000ee0 JavaThread "Unconstrained build operations Thread 9"        [_thread_blocked, id=27464, stack(0x000000d4d2d00000,0x000000d4d2e00000) (1024K)]
  0x000001dc53001570 JavaThread "Unconstrained build operations Thread 10"        [_thread_blocked, id=30808, stack(0x000000d4d2e00000,0x000000d4d2f00000) (1024K)]
  0x000001dc53001c00 JavaThread "Unconstrained build operations Thread 11"        [_thread_blocked, id=27920, stack(0x000000d4d2f00000,0x000000d4d3000000) (1024K)]
  0x000001dc53002290 JavaThread "Unconstrained build operations Thread 12"        [_thread_blocked, id=5040, stack(0x000000d4d3000000,0x000000d4d3100000) (1024K)]
  0x000001dc53002920 JavaThread "Unconstrained build operations Thread 13"        [_thread_blocked, id=31736, stack(0x000000d4d3100000,0x000000d4d3200000) (1024K)]
  0x000001dc7f0de5e0 JavaThread "Unconstrained build operations Thread 14"        [_thread_blocked, id=16836, stack(0x000000d4d3200000,0x000000d4d3300000) (1024K)]
  0x000001dc7f0dec70 JavaThread "Unconstrained build operations Thread 15"        [_thread_blocked, id=29680, stack(0x000000d4d3300000,0x000000d4d3400000) (1024K)]
  0x000001dc7f0ddf50 JavaThread "Unconstrained build operations Thread 16"        [_thread_blocked, id=17612, stack(0x000000d4d1a00000,0x000000d4d1b00000) (1024K)]
  0x000001dc7f0dcba0 JavaThread "Unconstrained build operations Thread 17"        [_thread_blocked, id=5216, stack(0x000000d4d3400000,0x000000d4d3500000) (1024K)]
  0x000001dc7f0dd230 JavaThread "Unconstrained build operations Thread 18"        [_thread_blocked, id=25860, stack(0x000000d4d3500000,0x000000d4d3600000) (1024K)]
  0x000001dc7f0dd8c0 JavaThread "Unconstrained build operations Thread 19"        [_thread_blocked, id=27972, stack(0x000000d4d3600000,0x000000d4d3700000) (1024K)]
  0x000001dc7f0dc510 JavaThread "Unconstrained build operations Thread 20"        [_thread_blocked, id=30660, stack(0x000000d4d3700000,0x000000d4d3800000) (1024K)]
  0x000001dc7f0db7f0 JavaThread "Unconstrained build operations Thread 21"        [_thread_blocked, id=26556, stack(0x000000d4d3800000,0x000000d4d3900000) (1024K)]
  0x000001dc7f0df300 JavaThread "Unconstrained build operations Thread 22"        [_thread_blocked, id=9052, stack(0x000000d4d3900000,0x000000d4d3a00000) (1024K)]
  0x000001dc7f0dbe80 JavaThread "Unconstrained build operations Thread 23"        [_thread_blocked, id=6392, stack(0x000000d4d3a00000,0x000000d4d3b00000) (1024K)]
  0x000001dc7f0e06b0 JavaThread "Unconstrained build operations Thread 24"        [_thread_blocked, id=31668, stack(0x000000d4d3b00000,0x000000d4d3c00000) (1024K)]
  0x000001dc7f0e0020 JavaThread "Unconstrained build operations Thread 25"        [_thread_blocked, id=29692, stack(0x000000d4d3c00000,0x000000d4d3d00000) (1024K)]
  0x000001dc7f0e1a60 JavaThread "Unconstrained build operations Thread 26"        [_thread_blocked, id=27608, stack(0x000000d4d3d00000,0x000000d4d3e00000) (1024K)]
  0x000001dc7f0e2780 JavaThread "Unconstrained build operations Thread 27"        [_thread_blocked, id=3384, stack(0x000000d4d3e00000,0x000000d4d3f00000) (1024K)]
  0x000001dc7f0e2e10 JavaThread "Unconstrained build operations Thread 28"        [_thread_blocked, id=4508, stack(0x000000d4d3f00000,0x000000d4d4000000) (1024K)]
  0x000001dc7f0e0d40 JavaThread "Unconstrained build operations Thread 29"        [_thread_blocked, id=27928, stack(0x000000d4d4000000,0x000000d4d4100000) (1024K)]
  0x000001dc7f0e13d0 JavaThread "Unconstrained build operations Thread 30"        [_thread_blocked, id=31404, stack(0x000000d4d4100000,0x000000d4d4200000) (1024K)]
  0x000001dc7f0df990 JavaThread "Unconstrained build operations Thread 31"        [_thread_blocked, id=20080, stack(0x000000d4d4200000,0x000000d4d4300000) (1024K)]
  0x000001dc54ebfda0 JavaThread "Unconstrained build operations Thread 32"        [_thread_blocked, id=27408, stack(0x000000d4d4300000,0x000000d4d4400000) (1024K)]
  0x000001dc54ec0430 JavaThread "Unconstrained build operations Thread 33"        [_thread_blocked, id=30728, stack(0x000000d4d4400000,0x000000d4d4500000) (1024K)]
  0x000001dc54ec0ac0 JavaThread "Unconstrained build operations Thread 34"        [_thread_blocked, id=3904, stack(0x000000d4d4500000,0x000000d4d4600000) (1024K)]
  0x000001dc54ebdcd0 JavaThread "Unconstrained build operations Thread 35"        [_thread_blocked, id=31636, stack(0x000000d4d4600000,0x000000d4d4700000) (1024K)]
  0x000001dc54ec1150 JavaThread "Unconstrained build operations Thread 36"        [_thread_blocked, id=29596, stack(0x000000d4d4700000,0x000000d4d4800000) (1024K)]
  0x000001dc54ec17e0 JavaThread "Unconstrained build operations Thread 37"        [_thread_blocked, id=22692, stack(0x000000d4d4800000,0x000000d4d4900000) (1024K)]
  0x000001dc54ebe9f0 JavaThread "Unconstrained build operations Thread 38"        [_thread_blocked, id=5044, stack(0x000000d4d4900000,0x000000d4d4a00000) (1024K)]
  0x000001dc54ebe360 JavaThread "Unconstrained build operations Thread 39"        [_thread_blocked, id=27064, stack(0x000000d4d4a00000,0x000000d4d4b00000) (1024K)]
  0x000001dc54ec1e70 JavaThread "Unconstrained build operations Thread 40"        [_thread_blocked, id=26444, stack(0x000000d4d4b00000,0x000000d4d4c00000) (1024K)]
  0x000001dc54ec2500 JavaThread "Unconstrained build operations Thread 41"        [_thread_blocked, id=30624, stack(0x000000d4d4c00000,0x000000d4d4d00000) (1024K)]
  0x000001dc54ebf710 JavaThread "Unconstrained build operations Thread 42"        [_thread_blocked, id=456, stack(0x000000d4d4d00000,0x000000d4d4e00000) (1024K)]
  0x000001dc54ebf080 JavaThread "Unconstrained build operations Thread 43"        [_thread_blocked, id=30028, stack(0x000000d4d4e00000,0x000000d4d4f00000) (1024K)]
  0x000001dc54ec2b90 JavaThread "Unconstrained build operations Thread 44"        [_thread_blocked, id=27580, stack(0x000000d4d4f00000,0x000000d4d5000000) (1024K)]
  0x000001dc54ec4c60 JavaThread "Unconstrained build operations Thread 45"        [_thread_blocked, id=27452, stack(0x000000d4d5000000,0x000000d4d5100000) (1024K)]
  0x000001dc552a8d30 JavaThread "C2 CompilerThread5"         daemon [_thread_blocked, id=4368, stack(0x000000d4d5100000,0x000000d4d5200000) (1024K)]
  0x000001dc552ac3b0 JavaThread "C2 CompilerThread6"         daemon [_thread_in_native, id=24292, stack(0x000000d4d5200000,0x000000d4d5300000) (1024K)]
=>0x000001dc552aa1a0 JavaThread "C2 CompilerThread7"         daemon [_thread_in_native, id=10596, stack(0x000000d4d5300000,0x000000d4d5400000) (1024K)]
  0x000001dc54ec3f40 JavaThread "jar transforms Thread 8"           [_thread_blocked, id=17400, stack(0x000000d4d5400000,0x000000d4d5500000) (1024K)]
  0x000001dc54ec45d0 JavaThread "jar transforms Thread 9"           [_thread_blocked, id=3976, stack(0x000000d4d5500000,0x000000d4d5600000) (1024K)]
  0x000001dc528e09b0 JavaThread "jar transforms Thread 10"          [_thread_blocked, id=7668, stack(0x000000d4d5600000,0x000000d4d5700000) (1024K)]
Total: 98

Other Threads:
  0x000001dc7a7cfa40 VMThread "VM Thread"                           [id=30792, stack(0x000000d4ce700000,0x000000d4ce800000) (1024K)]
  0x000001dc7a8eca00 WatcherThread "VM Periodic Task Thread"        [id=22476, stack(0x000000d4ce600000,0x000000d4ce700000) (1024K)]
  0x000001dc7200f2f0 WorkerThread "GC Thread#0"                     [id=21704, stack(0x000000d4ce100000,0x000000d4ce200000) (1024K)]
  0x000001dc7f10d040 WorkerThread "GC Thread#1"                     [id=31136, stack(0x000000d4cf500000,0x000000d4cf600000) (1024K)]
  0x000001dc7f09aca0 WorkerThread "GC Thread#2"                     [id=9560, stack(0x000000d4cf600000,0x000000d4cf700000) (1024K)]
  0x000001dc7f09b050 WorkerThread "GC Thread#3"                     [id=1884, stack(0x000000d4cf700000,0x000000d4cf800000) (1024K)]
  0x000001dc7f09b400 WorkerThread "GC Thread#4"                     [id=10560, stack(0x000000d4cf800000,0x000000d4cf900000) (1024K)]
  0x000001dc7f107fc0 WorkerThread "GC Thread#5"                     [id=19684, stack(0x000000d4cf900000,0x000000d4cfa00000) (1024K)]
  0x000001dc7f108370 WorkerThread "GC Thread#6"                     [id=22564, stack(0x000000d4cfa00000,0x000000d4cfb00000) (1024K)]
  0x000001dc7f108720 WorkerThread "GC Thread#7"                     [id=3352, stack(0x000000d4cfb00000,0x000000d4cfc00000) (1024K)]
  0x000001dc5256f330 WorkerThread "GC Thread#8"                     [id=19952, stack(0x000000d4d0c00000,0x000000d4d0d00000) (1024K)]
  0x000001dc5256e0c0 WorkerThread "GC Thread#9"                     [id=5724, stack(0x000000d4d0d00000,0x000000d4d0e00000) (1024K)]
  0x000001dc5256e470 WorkerThread "GC Thread#10"                    [id=23400, stack(0x000000d4d0e00000,0x000000d4d0f00000) (1024K)]
  0x000001dc5256d960 WorkerThread "GC Thread#11"                    [id=9660, stack(0x000000d4d0f00000,0x000000d4d1000000) (1024K)]
  0x000001dc5256d200 WorkerThread "GC Thread#12"                    [id=29124, stack(0x000000d4d1000000,0x000000d4d1100000) (1024K)]
  0x000001dc72039f70 ConcurrentGCThread "G1 Main Marker"            [id=21228, stack(0x000000d4ce200000,0x000000d4ce300000) (1024K)]
  0x000001dc7203c040 WorkerThread "G1 Conc#0"                       [id=31320, stack(0x000000d4ce300000,0x000000d4ce400000) (1024K)]
  0x000001dc5256e820 WorkerThread "G1 Conc#1"                       [id=25048, stack(0x000000d4d1100000,0x000000d4d1200000) (1024K)]
  0x000001dc5256dd10 WorkerThread "G1 Conc#2"                       [id=31092, stack(0x000000d4d1200000,0x000000d4d1300000) (1024K)]
  0x000001dc7a76ba20 ConcurrentGCThread "G1 Refine#0"               [id=2668, stack(0x000000d4ce400000,0x000000d4ce500000) (1024K)]
  0x000001dc7a76d260 ConcurrentGCThread "G1 Service"                [id=20868, stack(0x000000d4ce500000,0x000000d4ce600000) (1024K)]
Total: 21

Threads with active compile tasks:
C2 CompilerThread0  6816 8478       4       java.lang.reflect.Executable::getAnnotation (23 bytes)
C1 CompilerThread0  6816 8490       3       com.google.common.collect.AbstractMapBasedMultimap::createMaybeNavigableKeySet (65 bytes)
C1 CompilerThread1  6816 8477       3       org.gradle.internal.reflect.annotations.impl.DefaultTypeAnnotationMetadataStore::processPropertyMethodAnnotations (242 bytes)
C2 CompilerThread3  6816 8058       4       org.gradle.cache.internal.btree.CachingBlockStore::read (56 bytes)
C1 CompilerThread2  6816 8493       3       com.google.common.collect.AbstractMapBasedMultimap$KeySet::<init> (11 bytes)
C1 CompilerThread3  6816 8495       3       com.google.common.collect.AbstractMapBasedMultimap$KeySet$1::<init> (15 bytes)
C2 CompilerThread6  6817 8473       4       sun.reflect.generics.visitor.Reifier::visitClassTypeSignature (381 bytes)
C2 CompilerThread7  6817 8059       4       org.gradle.cache.internal.btree.FreeListBlockStore::read (12 bytes)
Total: 8

VM state: not at safepoint (normal execution)

VM Mutex/Monitor currently owned by a thread: None

Heap address: 0x00000000a0000000, size: 1536 MB, Compressed Oops mode: 32-bit

CDS archive(s) mapped at: [0x000001dc0f000000-0x000001dc0fba0000-0x000001dc0fba0000), size 12189696, SharedBaseAddress: 0x000001dc0f000000, ArchiveRelocationMode: 1.
Compressed class space mapped at: 0x000001dc10000000-0x000001dc50000000, reserved size: 1073741824
Narrow klass base: 0x000001dc0f000000, Narrow klass shift: 0, Narrow klass range: 0x100000000

GC Precious Log:
 CardTable entry size: 512
 Card Set container configuration: InlinePtr #cards 5 size 8 Array Of Cards #cards 12 size 40 Howl #buckets 4 coarsen threshold 1843 Howl Bitmap #cards 512 size 80 coarsen threshold 460 Card regions per heap region 1 cards per card region 2048
 CPUs: 16 total, 16 available
 Memory: 23820M
 Large Page Support: Disabled
 NUMA Support: Disabled
 Compressed Oops: Enabled (32-bit)
 Heap Region Size: 1M
 Heap Min Capacity: 8M
 Heap Initial Capacity: 374M
 Heap Max Capacity: 1536M
 Pre-touch: Disabled
 Parallel Workers: 13
 Concurrent Workers: 3
 Concurrent Refinement Workers: 13
 Periodic GC: Disabled

Heap:
 garbage-first heap   total 125952K, used 64998K [0x00000000a0000000, 0x0000000100000000)
  region size 1024K, 15 young (15360K), 3 survivors (3072K)
 Metaspace       used 51719K, committed 53440K, reserved 1114112K
  class space    used 7471K, committed 8320K, reserved 1048576K

Heap Regions: E=young(eden), S=young(survivor), O=old, HS=humongous(starts), HC=humongous(continues), CS=collection set, F=free, TAMS=top-at-mark-start, PB=parsable bottom
|   0|0x00000000a0000000, 0x00000000a0100000, 0x00000000a0100000|100%|HS|  |TAMS 0x00000000a0000000| PB 0x00000000a0000000| Complete 
|   1|0x00000000a0100000, 0x00000000a0200000, 0x00000000a0200000|100%|HC|  |TAMS 0x00000000a0100000| PB 0x00000000a0100000| Complete 
|   2|0x00000000a0200000, 0x00000000a0300000, 0x00000000a0300000|100%|HC|  |TAMS 0x00000000a0200000| PB 0x00000000a0200000| Complete 
|   3|0x00000000a0300000, 0x00000000a0400000, 0x00000000a0400000|100%| O|  |TAMS 0x00000000a0300000| PB 0x00000000a0300000| Untracked 
|   4|0x00000000a0400000, 0x00000000a0500000, 0x00000000a0500000|100%| O|  |TAMS 0x00000000a0400000| PB 0x00000000a0400000| Untracked 
|   5|0x00000000a0500000, 0x00000000a0600000, 0x00000000a0600000|100%| O|  |TAMS 0x00000000a0500000| PB 0x00000000a0500000| Untracked 
|   6|0x00000000a0600000, 0x00000000a0700000, 0x00000000a0700000|100%|HS|  |TAMS 0x00000000a0600000| PB 0x00000000a0600000| Complete 
|   7|0x00000000a0700000, 0x00000000a0800000, 0x00000000a0800000|100%| O|  |TAMS 0x00000000a0700000| PB 0x00000000a0700000| Untracked 
|   8|0x00000000a0800000, 0x00000000a0900000, 0x00000000a0900000|100%| O|  |TAMS 0x00000000a0800000| PB 0x00000000a0800000| Untracked 
|   9|0x00000000a0900000, 0x00000000a0a00000, 0x00000000a0a00000|100%| O|  |TAMS 0x00000000a0900000| PB 0x00000000a0900000| Untracked 
|  10|0x00000000a0a00000, 0x00000000a0b00000, 0x00000000a0b00000|100%| O|  |TAMS 0x00000000a0a00000| PB 0x00000000a0a00000| Untracked 
|  11|0x00000000a0b00000, 0x00000000a0c00000, 0x00000000a0c00000|100%| O|  |TAMS 0x00000000a0b00000| PB 0x00000000a0b00000| Untracked 
|  12|0x00000000a0c00000, 0x00000000a0d00000, 0x00000000a0d00000|100%| O|  |TAMS 0x00000000a0c00000| PB 0x00000000a0c00000| Untracked 
|  13|0x00000000a0d00000, 0x00000000a0e00000, 0x00000000a0e00000|100%| O|  |TAMS 0x00000000a0d00000| PB 0x00000000a0d00000| Untracked 
|  14|0x00000000a0e00000, 0x00000000a0f00000, 0x00000000a0f00000|100%| O|  |TAMS 0x00000000a0e00000| PB 0x00000000a0e00000| Untracked 
|  15|0x00000000a0f00000, 0x00000000a1000000, 0x00000000a1000000|100%| O|  |TAMS 0x00000000a0f00000| PB 0x00000000a0f00000| Untracked 
|  16|0x00000000a1000000, 0x00000000a1100000, 0x00000000a1100000|100%| O|  |TAMS 0x00000000a1000000| PB 0x00000000a1000000| Untracked 
|  17|0x00000000a1100000, 0x00000000a1200000, 0x00000000a1200000|100%| O|  |TAMS 0x00000000a1100000| PB 0x00000000a1100000| Untracked 
|  18|0x00000000a1200000, 0x00000000a1300000, 0x00000000a1300000|100%| O|  |TAMS 0x00000000a1200000| PB 0x00000000a1200000| Untracked 
|  19|0x00000000a1300000, 0x00000000a1400000, 0x00000000a1400000|100%| O|  |TAMS 0x00000000a1300000| PB 0x00000000a1300000| Untracked 
|  20|0x00000000a1400000, 0x00000000a1500000, 0x00000000a1500000|100%| O|  |TAMS 0x00000000a1400000| PB 0x00000000a1400000| Untracked 
|  21|0x00000000a1500000, 0x00000000a1600000, 0x00000000a1600000|100%| O|  |TAMS 0x00000000a1500000| PB 0x00000000a1500000| Untracked 
|  22|0x00000000a1600000, 0x00000000a1700000, 0x00000000a1700000|100%| O|  |TAMS 0x00000000a1600000| PB 0x00000000a1600000| Untracked 
|  23|0x00000000a1700000, 0x00000000a1800000, 0x00000000a1800000|100%| O|  |TAMS 0x00000000a1700000| PB 0x00000000a1700000| Untracked 
|  24|0x00000000a1800000, 0x00000000a1900000, 0x00000000a1900000|100%| O|  |TAMS 0x00000000a1800000| PB 0x00000000a1800000| Untracked 
|  25|0x00000000a1900000, 0x00000000a1a00000, 0x00000000a1a00000|100%| O|  |TAMS 0x00000000a1900000| PB 0x00000000a1900000| Untracked 
|  26|0x00000000a1a00000, 0x00000000a1b00000, 0x00000000a1b00000|100%| O|  |TAMS 0x00000000a1a00000| PB 0x00000000a1a00000| Untracked 
|  27|0x00000000a1b00000, 0x00000000a1c00000, 0x00000000a1c00000|100%| O|  |TAMS 0x00000000a1b00000| PB 0x00000000a1b00000| Untracked 
|  28|0x00000000a1c00000, 0x00000000a1d00000, 0x00000000a1d00000|100%| O|  |TAMS 0x00000000a1c00000| PB 0x00000000a1c00000| Untracked 
|  29|0x00000000a1d00000, 0x00000000a1e00000, 0x00000000a1e00000|100%| O|  |TAMS 0x00000000a1d00000| PB 0x00000000a1d00000| Untracked 
|  30|0x00000000a1e00000, 0x00000000a1f00000, 0x00000000a1f00000|100%| O|  |TAMS 0x00000000a1e00000| PB 0x00000000a1e00000| Untracked 
|  31|0x00000000a1f00000, 0x00000000a2000000, 0x00000000a2000000|100%| O|  |TAMS 0x00000000a1f00000| PB 0x00000000a1f00000| Untracked 
|  32|0x00000000a2000000, 0x00000000a2100000, 0x00000000a2100000|100%| O|  |TAMS 0x00000000a2000000| PB 0x00000000a2000000| Untracked 
|  33|0x00000000a2100000, 0x00000000a2200000, 0x00000000a2200000|100%| O|  |TAMS 0x00000000a2100000| PB 0x00000000a2100000| Untracked 
|  34|0x00000000a2200000, 0x00000000a2300000, 0x00000000a2300000|100%| O|  |TAMS 0x00000000a2200000| PB 0x00000000a2200000| Untracked 
|  35|0x00000000a2300000, 0x00000000a2400000, 0x00000000a2400000|100%|HS|  |TAMS 0x00000000a2300000| PB 0x00000000a2300000| Complete 
|  36|0x00000000a2400000, 0x00000000a2500000, 0x00000000a2500000|100%|HS|  |TAMS 0x00000000a2400000| PB 0x00000000a2400000| Complete 
|  37|0x00000000a2500000, 0x00000000a2600000, 0x00000000a2600000|100%|HS|  |TAMS 0x00000000a2500000| PB 0x00000000a2500000| Complete 
|  38|0x00000000a2600000, 0x00000000a2700000, 0x00000000a2700000|100%|HS|  |TAMS 0x00000000a2600000| PB 0x00000000a2600000| Complete 
|  39|0x00000000a2700000, 0x00000000a2800000, 0x00000000a2800000|100%|HS|  |TAMS 0x00000000a2700000| PB 0x00000000a2700000| Complete 
|  40|0x00000000a2800000, 0x00000000a2800000, 0x00000000a2900000|  0%| F|  |TAMS 0x00000000a2800000| PB 0x00000000a2800000| Untracked 
|  41|0x00000000a2900000, 0x00000000a2900000, 0x00000000a2a00000|  0%| F|  |TAMS 0x00000000a2900000| PB 0x00000000a2900000| Untracked 
|  42|0x00000000a2a00000, 0x00000000a2b00000, 0x00000000a2b00000|100%| O|  |TAMS 0x00000000a2a00000| PB 0x00000000a2a00000| Untracked 
|  43|0x00000000a2b00000, 0x00000000a2c00000, 0x00000000a2c00000|100%| O|  |TAMS 0x00000000a2b00000| PB 0x00000000a2b00000| Untracked 
|  44|0x00000000a2c00000, 0x00000000a2d00000, 0x00000000a2d00000|100%| O|  |TAMS 0x00000000a2c00000| PB 0x00000000a2c00000| Untracked 
|  45|0x00000000a2d00000, 0x00000000a2e00000, 0x00000000a2e00000|100%| O|  |TAMS 0x00000000a2d00000| PB 0x00000000a2d00000| Untracked 
|  46|0x00000000a2e00000, 0x00000000a2f00000, 0x00000000a2f00000|100%| O|  |TAMS 0x00000000a2e00000| PB 0x00000000a2e00000| Untracked 
|  47|0x00000000a2f00000, 0x00000000a2fd6218, 0x00000000a3000000| 83%| O|  |TAMS 0x00000000a2f00000| PB 0x00000000a2f00000| Untracked 
|  48|0x00000000a3000000, 0x00000000a3000000, 0x00000000a3100000|  0%| F|  |TAMS 0x00000000a3000000| PB 0x00000000a3000000| Untracked 
|  49|0x00000000a3100000, 0x00000000a3100000, 0x00000000a3200000|  0%| F|  |TAMS 0x00000000a3100000| PB 0x00000000a3100000| Untracked 
|  50|0x00000000a3200000, 0x00000000a3200000, 0x00000000a3300000|  0%| F|  |TAMS 0x00000000a3200000| PB 0x00000000a3200000| Untracked 
|  51|0x00000000a3300000, 0x00000000a3300000, 0x00000000a3400000|  0%| F|  |TAMS 0x00000000a3300000| PB 0x00000000a3300000| Untracked 
|  52|0x00000000a3400000, 0x00000000a3400000, 0x00000000a3500000|  0%| F|  |TAMS 0x00000000a3400000| PB 0x00000000a3400000| Untracked 
|  53|0x00000000a3500000, 0x00000000a3500000, 0x00000000a3600000|  0%| F|  |TAMS 0x00000000a3500000| PB 0x00000000a3500000| Untracked 
|  54|0x00000000a3600000, 0x00000000a36a3890, 0x00000000a3700000| 63%| S|CS|TAMS 0x00000000a3600000| PB 0x00000000a3600000| Complete 
|  55|0x00000000a3700000, 0x00000000a3800000, 0x00000000a3800000|100%| S|CS|TAMS 0x00000000a3700000| PB 0x00000000a3700000| Complete 
|  56|0x00000000a3800000, 0x00000000a3900000, 0x00000000a3900000|100%| S|CS|TAMS 0x00000000a3800000| PB 0x00000000a3800000| Complete 
|  57|0x00000000a3900000, 0x00000000a3900000, 0x00000000a3a00000|  0%| F|  |TAMS 0x00000000a3900000| PB 0x00000000a3900000| Untracked 
|  58|0x00000000a3a00000, 0x00000000a3a00000, 0x00000000a3b00000|  0%| F|  |TAMS 0x00000000a3a00000| PB 0x00000000a3a00000| Untracked 
|  59|0x00000000a3b00000, 0x00000000a3b00000, 0x00000000a3c00000|  0%| F|  |TAMS 0x00000000a3b00000| PB 0x00000000a3b00000| Untracked 
|  60|0x00000000a3c00000, 0x00000000a3c00000, 0x00000000a3d00000|  0%| F|  |TAMS 0x00000000a3c00000| PB 0x00000000a3c00000| Untracked 
|  61|0x00000000a3d00000, 0x00000000a3d00000, 0x00000000a3e00000|  0%| F|  |TAMS 0x00000000a3d00000| PB 0x00000000a3d00000| Untracked 
|  62|0x00000000a3e00000, 0x00000000a3e00000, 0x00000000a3f00000|  0%| F|  |TAMS 0x00000000a3e00000| PB 0x00000000a3e00000| Untracked 
|  63|0x00000000a3f00000, 0x00000000a3f00000, 0x00000000a4000000|  0%| F|  |TAMS 0x00000000a3f00000| PB 0x00000000a3f00000| Untracked 
|  64|0x00000000a4000000, 0x00000000a4000000, 0x00000000a4100000|  0%| F|  |TAMS 0x00000000a4000000| PB 0x00000000a4000000| Untracked 
|  65|0x00000000a4100000, 0x00000000a4100000, 0x00000000a4200000|  0%| F|  |TAMS 0x00000000a4100000| PB 0x00000000a4100000| Untracked 
|  66|0x00000000a4200000, 0x00000000a4200000, 0x00000000a4300000|  0%| F|  |TAMS 0x00000000a4200000| PB 0x00000000a4200000| Untracked 
|  67|0x00000000a4300000, 0x00000000a4300000, 0x00000000a4400000|  0%| F|  |TAMS 0x00000000a4300000| PB 0x00000000a4300000| Untracked 
|  68|0x00000000a4400000, 0x00000000a4400000, 0x00000000a4500000|  0%| F|  |TAMS 0x00000000a4400000| PB 0x00000000a4400000| Untracked 
|  69|0x00000000a4500000, 0x00000000a4500000, 0x00000000a4600000|  0%| F|  |TAMS 0x00000000a4500000| PB 0x00000000a4500000| Untracked 
|  70|0x00000000a4600000, 0x00000000a4600000, 0x00000000a4700000|  0%| F|  |TAMS 0x00000000a4600000| PB 0x00000000a4600000| Untracked 
|  71|0x00000000a4700000, 0x00000000a4700000, 0x00000000a4800000|  0%| F|  |TAMS 0x00000000a4700000| PB 0x00000000a4700000| Untracked 
|  72|0x00000000a4800000, 0x00000000a4800000, 0x00000000a4900000|  0%| F|  |TAMS 0x00000000a4800000| PB 0x00000000a4800000| Untracked 
|  73|0x00000000a4900000, 0x00000000a4900000, 0x00000000a4a00000|  0%| F|  |TAMS 0x00000000a4900000| PB 0x00000000a4900000| Untracked 
|  74|0x00000000a4a00000, 0x00000000a4a00000, 0x00000000a4b00000|  0%| F|  |TAMS 0x00000000a4a00000| PB 0x00000000a4a00000| Untracked 
|  75|0x00000000a4b00000, 0x00000000a4b00000, 0x00000000a4c00000|  0%| F|  |TAMS 0x00000000a4b00000| PB 0x00000000a4b00000| Untracked 
|  76|0x00000000a4c00000, 0x00000000a4c00000, 0x00000000a4d00000|  0%| F|  |TAMS 0x00000000a4c00000| PB 0x00000000a4c00000| Untracked 
|  77|0x00000000a4d00000, 0x00000000a4d00000, 0x00000000a4e00000|  0%| F|  |TAMS 0x00000000a4d00000| PB 0x00000000a4d00000| Untracked 
|  78|0x00000000a4e00000, 0x00000000a4e00000, 0x00000000a4f00000|  0%| F|  |TAMS 0x00000000a4e00000| PB 0x00000000a4e00000| Untracked 
|  79|0x00000000a4f00000, 0x00000000a4f00000, 0x00000000a5000000|  0%| F|  |TAMS 0x00000000a4f00000| PB 0x00000000a4f00000| Untracked 
|  80|0x00000000a5000000, 0x00000000a5000000, 0x00000000a5100000|  0%| F|  |TAMS 0x00000000a5000000| PB 0x00000000a5000000| Untracked 
|  81|0x00000000a5100000, 0x00000000a5100000, 0x00000000a5200000|  0%| F|  |TAMS 0x00000000a5100000| PB 0x00000000a5100000| Untracked 
|  82|0x00000000a5200000, 0x00000000a5200000, 0x00000000a5300000|  0%| F|  |TAMS 0x00000000a5200000| PB 0x00000000a5200000| Untracked 
|  83|0x00000000a5300000, 0x00000000a5300000, 0x00000000a5400000|  0%| F|  |TAMS 0x00000000a5300000| PB 0x00000000a5300000| Untracked 
|  84|0x00000000a5400000, 0x00000000a5400000, 0x00000000a5500000|  0%| F|  |TAMS 0x00000000a5400000| PB 0x00000000a5400000| Untracked 
|  85|0x00000000a5500000, 0x00000000a5500000, 0x00000000a5600000|  0%| F|  |TAMS 0x00000000a5500000| PB 0x00000000a5500000| Untracked 
|  86|0x00000000a5600000, 0x00000000a5600000, 0x00000000a5700000|  0%| F|  |TAMS 0x00000000a5600000| PB 0x00000000a5600000| Untracked 
|  87|0x00000000a5700000, 0x00000000a5700000, 0x00000000a5800000|  0%| F|  |TAMS 0x00000000a5700000| PB 0x00000000a5700000| Untracked 
|  88|0x00000000a5800000, 0x00000000a5800000, 0x00000000a5900000|  0%| F|  |TAMS 0x00000000a5800000| PB 0x00000000a5800000| Untracked 
|  89|0x00000000a5900000, 0x00000000a5900000, 0x00000000a5a00000|  0%| F|  |TAMS 0x00000000a5900000| PB 0x00000000a5900000| Untracked 
|  90|0x00000000a5a00000, 0x00000000a5a00000, 0x00000000a5b00000|  0%| F|  |TAMS 0x00000000a5a00000| PB 0x00000000a5a00000| Untracked 
|  91|0x00000000a5b00000, 0x00000000a5b00000, 0x00000000a5c00000|  0%| F|  |TAMS 0x00000000a5b00000| PB 0x00000000a5b00000| Untracked 
|  92|0x00000000a5c00000, 0x00000000a5c00000, 0x00000000a5d00000|  0%| F|  |TAMS 0x00000000a5c00000| PB 0x00000000a5c00000| Untracked 
|  93|0x00000000a5d00000, 0x00000000a5d00000, 0x00000000a5e00000|  0%| F|  |TAMS 0x00000000a5d00000| PB 0x00000000a5d00000| Untracked 
|  94|0x00000000a5e00000, 0x00000000a5e00000, 0x00000000a5f00000|  0%| F|  |TAMS 0x00000000a5e00000| PB 0x00000000a5e00000| Untracked 
|  95|0x00000000a5f00000, 0x00000000a5f00000, 0x00000000a6000000|  0%| F|  |TAMS 0x00000000a5f00000| PB 0x00000000a5f00000| Untracked 
|  96|0x00000000a6000000, 0x00000000a6000000, 0x00000000a6100000|  0%| F|  |TAMS 0x00000000a6000000| PB 0x00000000a6000000| Untracked 
|  97|0x00000000a6100000, 0x00000000a6100000, 0x00000000a6200000|  0%| F|  |TAMS 0x00000000a6100000| PB 0x00000000a6100000| Untracked 
|  98|0x00000000a6200000, 0x00000000a6200000, 0x00000000a6300000|  0%| F|  |TAMS 0x00000000a6200000| PB 0x00000000a6200000| Untracked 
|  99|0x00000000a6300000, 0x00000000a6300000, 0x00000000a6400000|  0%| F|  |TAMS 0x00000000a6300000| PB 0x00000000a6300000| Untracked 
| 205|0x00000000acd00000, 0x00000000acd00000, 0x00000000ace00000|  0%| F|  |TAMS 0x00000000acd00000| PB 0x00000000acd00000| Untracked 
| 206|0x00000000ace00000, 0x00000000ace00000, 0x00000000acf00000|  0%| F|  |TAMS 0x00000000ace00000| PB 0x00000000ace00000| Untracked 
| 207|0x00000000acf00000, 0x00000000acf00000, 0x00000000ad000000|  0%| F|  |TAMS 0x00000000acf00000| PB 0x00000000acf00000| Untracked 
| 208|0x00000000ad000000, 0x00000000ad000000, 0x00000000ad100000|  0%| F|  |TAMS 0x00000000ad000000| PB 0x00000000ad000000| Untracked 
| 209|0x00000000ad100000, 0x00000000ad100000, 0x00000000ad200000|  0%| F|  |TAMS 0x00000000ad100000| PB 0x00000000ad100000| Untracked 
| 210|0x00000000ad200000, 0x00000000ad200000, 0x00000000ad300000|  0%| F|  |TAMS 0x00000000ad200000| PB 0x00000000ad200000| Untracked 
| 211|0x00000000ad300000, 0x00000000ad400000, 0x00000000ad400000|100%| E|  |TAMS 0x00000000ad300000| PB 0x00000000ad300000| Complete 
| 212|0x00000000ad400000, 0x00000000ad500000, 0x00000000ad500000|100%| E|CS|TAMS 0x00000000ad400000| PB 0x00000000ad400000| Complete 
| 213|0x00000000ad500000, 0x00000000ad600000, 0x00000000ad600000|100%| E|CS|TAMS 0x00000000ad500000| PB 0x00000000ad500000| Complete 
| 214|0x00000000ad600000, 0x00000000ad700000, 0x00000000ad700000|100%| E|CS|TAMS 0x00000000ad600000| PB 0x00000000ad600000| Complete 
| 215|0x00000000ad700000, 0x00000000ad800000, 0x00000000ad800000|100%| E|CS|TAMS 0x00000000ad700000| PB 0x00000000ad700000| Complete 
| 216|0x00000000ad800000, 0x00000000ad900000, 0x00000000ad900000|100%| E|CS|TAMS 0x00000000ad800000| PB 0x00000000ad800000| Complete 
| 217|0x00000000ad900000, 0x00000000ada00000, 0x00000000ada00000|100%| E|CS|TAMS 0x00000000ad900000| PB 0x00000000ad900000| Complete 
| 218|0x00000000ada00000, 0x00000000adb00000, 0x00000000adb00000|100%| E|CS|TAMS 0x00000000ada00000| PB 0x00000000ada00000| Complete 
| 219|0x00000000adb00000, 0x00000000adc00000, 0x00000000adc00000|100%| E|  |TAMS 0x00000000adb00000| PB 0x00000000adb00000| Complete 
| 220|0x00000000adc00000, 0x00000000add00000, 0x00000000add00000|100%| E|CS|TAMS 0x00000000adc00000| PB 0x00000000adc00000| Complete 
| 221|0x00000000add00000, 0x00000000ade00000, 0x00000000ade00000|100%| E|CS|TAMS 0x00000000add00000| PB 0x00000000add00000| Complete 
| 373|0x00000000b7500000, 0x00000000b7600000, 0x00000000b7600000|100%| E|CS|TAMS 0x00000000b7500000| PB 0x00000000b7500000| Complete 
|1531|0x00000000ffb00000, 0x00000000ffc00000, 0x00000000ffc00000|100%| O|  |TAMS 0x00000000ffb00000| PB 0x00000000ffb00000| Untracked 
|1532|0x00000000ffc00000, 0x00000000ffd00000, 0x00000000ffd00000|100%| O|  |TAMS 0x00000000ffc00000| PB 0x00000000ffc00000| Untracked 
|1533|0x00000000ffd00000, 0x00000000ffe00000, 0x00000000ffe00000|100%| O|  |TAMS 0x00000000ffd00000| PB 0x00000000ffd00000| Untracked 
|1534|0x00000000ffe00000, 0x00000000fff00000, 0x00000000fff00000|100%| O|  |TAMS 0x00000000ffe00000| PB 0x00000000ffe00000| Untracked 
|1535|0x00000000fff00000, 0x0000000100000000, 0x0000000100000000|100%| O|  |TAMS 0x00000000fff00000| PB 0x00000000fff00000| Untracked 

Card table byte_map: [0x000001dc75d40000,0x000001dc76040000] _byte_map_base: 0x000001dc75840000

Marking Bits: (CMBitMap*) 0x000001dc7200f810
 Bits: [0x000001dc76040000, 0x000001dc77840000)

Polling page: 0x000001dc6fdc0000

Metaspace:

Usage:
  Non-class:     43.24 MB used.
      Class:      7.30 MB used.
       Both:     50.54 MB used.

Virtual space:
  Non-class space:       64.00 MB reserved,      44.12 MB ( 69%) committed,  1 nodes.
      Class space:        1.00 GB reserved,       8.12 MB ( <1%) committed,  1 nodes.
             Both:        1.06 GB reserved,      52.25 MB (  5%) committed. 

Chunk freelists:
   Non-Class:  3.86 MB
       Class:  7.91 MB
        Both:  11.77 MB

MaxMetaspaceSize: unlimited
CompressedClassSpaceSize: 1.00 GB
Initial GC threshold: 21.00 MB
Current GC threshold: 58.88 MB
CDS: on
 - commit_granule_bytes: 65536.
 - commit_granule_words: 8192.
 - virtual_space_node_default_size: 8388608.
 - enlarge_chunks_in_place: 1.
 - use_allocation_guard: 0.


Internal statistics:

num_allocs_failed_limit: 6.
num_arena_births: 3058.
num_arena_deaths: 0.
num_vsnodes_births: 2.
num_vsnodes_deaths: 0.
num_space_committed: 836.
num_space_uncommitted: 0.
num_chunks_returned_to_freelist: 6.
num_chunks_taken_from_freelist: 5535.
num_chunk_merges: 6.
num_chunk_splits: 3580.
num_chunks_enlarged: 2156.
num_inconsistent_stats: 0.

CodeHeap 'non-profiled nmethods': size=119168Kb used=4807Kb max_used=4807Kb free=114360Kb
 bounds [0x000001dc07ba0000, 0x000001dc08060000, 0x000001dc0f000000]
CodeHeap 'profiled nmethods': size=119104Kb used=15229Kb max_used=15229Kb free=103874Kb
 bounds [0x000001dc00000000, 0x000001dc00ee0000, 0x000001dc07450000]
CodeHeap 'non-nmethods': size=7488Kb used=4305Kb max_used=4376Kb free=3182Kb
 bounds [0x000001dc07450000, 0x000001dc078a0000, 0x000001dc07ba0000]
CodeCache: size=245760Kb, used=24341Kb, max_used=24412Kb, free=221416Kb
 total_blobs=8834, nmethods=7962, adapters=771, full_count=0
Compilation: enabled, stopped_count=0, restarted_count=0

Compilation events (20 events):
Event: 6.740 Thread 0x000001dc7a8071f0 8399       3       org.gradle.internal.instantiation.generator.AsmBackedClassGenerator::generate (6 bytes)
Event: 6.740 Thread 0x000001dc7a808d30 8400       3       org.gradle.internal.instantiation.generator.AbstractClassGenerator::generate (26 bytes)
Event: 6.740 Thread 0x000001dc7a806b20 8401       3       org.gradle.internal.instantiation.generator.AbstractClassGenerator$$Lambda/0x000001dc101cecd8::<init> (10 bytes)
Event: 6.740 Thread 0x000001dc7a805d80 nmethod 8398 0x000001dc08046c10 code [0x000001dc08046da0, 0x000001dc08046e70]
Event: 6.740 Thread 0x000001dc7a806b20 nmethod 8401 0x000001dc00e9ac10 code [0x000001dc00e9adc0, 0x000001dc00e9af78]
Event: 6.741 Thread 0x000001dc552ac3b0 8402       4       java.util.concurrent.ConcurrentLinkedQueue::offer (120 bytes)
Event: 6.741 Thread 0x000001dc7a8071f0 nmethod 8399 0x000001dc00e9b010 code [0x000001dc00e9b280, 0x000001dc00e9bc98]
Event: 6.741 Thread 0x000001dc7a805d80 8403       3       org.gradle.internal.instantiation.generator.AsmBackedClassGenerator::getDetails (52 bytes)
Event: 6.741 Thread 0x000001dc7a808d30 nmethod 8400 0x000001dc00e9c010 code [0x000001dc00e9c340, 0x000001dc00e9d628]
Event: 6.742 Thread 0x000001dc7a806b20 8404       1       org.gradle.internal.metaobject.BeanDynamicObject::access$500 (5 bytes)
Event: 6.742 Thread 0x000001dc7a806b20 nmethod 8404 0x000001dc08046f10 code [0x000001dc080470a0, 0x000001dc08047150]
Event: 6.743 Thread 0x000001dc7a805d80 nmethod 8403 0x000001dc00e9dd90 code [0x000001dc00e9e0a0, 0x000001dc00e9f370]
Event: 6.747 Thread 0x000001dc7a8078c0 nmethod 8390 0x000001dc08047210 code [0x000001dc080473e0, 0x000001dc08047a90]
Event: 6.755 Thread 0x000001dc552ac3b0 nmethod 8402 0x000001dc08048090 code [0x000001dc08048240, 0x000001dc08048688]
Event: 6.766 Thread 0x000001dc7a808d30 8406   !   3       java.lang.reflect.Proxy::newProxyInstance (75 bytes)
Event: 6.767 Thread 0x000001dc7a808d30 nmethod 8406 0x000001dc00e9f990 code [0x000001dc00e9fc00, 0x000001dc00ea07d8]
Event: 6.767 Thread 0x000001dc7a805d80 8407       3       org.objectweb.asm.SymbolTable::addConstantIntegerOrFloat (100 bytes)
Event: 6.767 Thread 0x000001dc7a808d30 8408       3       org.objectweb.asm.Type::equals (147 bytes)
Event: 6.767 Thread 0x000001dc7a805d80 nmethod 8407 0x000001dc00ea0c90 code [0x000001dc00ea0ea0, 0x000001dc00ea13d0]
Event: 6.768 Thread 0x000001dc7a808d30 nmethod 8408 0x000001dc00ea1690 code [0x000001dc00ea1940, 0x000001dc00ea28d0]

GC Heap History (20 events):
Event: 0.268 GC heap before
{Heap before GC invocations=0 (full 0):
 garbage-first heap   total 382976K, used 23552K [0x00000000a0000000, 0x0000000100000000)
  region size 1024K, 23 young (23552K), 0 survivors (0K)
 Metaspace       used 906K, committed 1024K, reserved 1114112K
  class space    used 72K, committed 128K, reserved 1048576K
}
Event: 0.270 GC heap after
{Heap after GC invocations=1 (full 0):
 garbage-first heap   total 382976K, used 1648K [0x00000000a0000000, 0x0000000100000000)
  region size 1024K, 2 young (2048K), 2 survivors (2048K)
 Metaspace       used 906K, committed 1024K, reserved 1114112K
  class space    used 72K, committed 128K, reserved 1048576K
}
Event: 0.722 GC heap before
{Heap before GC invocations=1 (full 0):
 garbage-first heap   total 382976K, used 40560K [0x00000000a0000000, 0x0000000100000000)
  region size 1024K, 38 young (38912K), 2 survivors (2048K)
 Metaspace       used 4458K, committed 4672K, reserved 1114112K
  class space    used 557K, committed 640K, reserved 1048576K
}
Event: 0.725 GC heap after
{Heap after GC invocations=2 (full 0):
 garbage-first heap   total 382976K, used 11003K [0x00000000a0000000, 0x0000000100000000)
  region size 1024K, 5 young (5120K), 5 survivors (5120K)
 Metaspace       used 4458K, committed 4672K, reserved 1114112K
  class space    used 557K, committed 640K, reserved 1048576K
}
Event: 2.404 GC heap before
{Heap before GC invocations=2 (full 0):
 garbage-first heap   total 382976K, used 162555K [0x00000000a0000000, 0x0000000100000000)
  region size 1024K, 152 young (155648K), 5 survivors (5120K)
 Metaspace       used 20891K, committed 21504K, reserved 1114112K
  class space    used 3070K, committed 3328K, reserved 1048576K
}
Event: 2.412 GC heap after
{Heap after GC invocations=3 (full 0):
 garbage-first heap   total 382976K, used 23927K [0x00000000a0000000, 0x0000000100000000)
  region size 1024K, 17 young (17408K), 17 survivors (17408K)
 Metaspace       used 20891K, committed 21504K, reserved 1114112K
  class space    used 3070K, committed 3328K, reserved 1048576K
}
Event: 3.244 GC heap before
{Heap before GC invocations=4 (full 0):
 garbage-first heap   total 81920K, used 81271K [0x00000000a0000000, 0x0000000100000000)
  region size 1024K, 73 young (74752K), 17 survivors (17408K)
 Metaspace       used 28565K, committed 29504K, reserved 1114112K
  class space    used 4263K, committed 4736K, reserved 1048576K
}
Event: 3.253 GC heap after
{Heap after GC invocations=5 (full 0):
 garbage-first heap   total 104448K, used 28642K [0x00000000a0000000, 0x0000000100000000)
  region size 1024K, 17 young (17408K), 17 survivors (17408K)
 Metaspace       used 28565K, committed 29504K, reserved 1114112K
  class space    used 4263K, committed 4736K, reserved 1048576K
}
Event: 3.817 GC heap before
{Heap before GC invocations=5 (full 0):
 garbage-first heap   total 104448K, used 72674K [0x00000000a0000000, 0x0000000100000000)
  region size 1024K, 61 young (62464K), 17 survivors (17408K)
 Metaspace       used 33445K, committed 34496K, reserved 1114112K
  class space    used 4820K, committed 5312K, reserved 1048576K
}
Event: 3.823 GC heap after
{Heap after GC invocations=6 (full 0):
 garbage-first heap   total 104448K, used 32216K [0x00000000a0000000, 0x0000000100000000)
  region size 1024K, 8 young (8192K), 8 survivors (8192K)
 Metaspace       used 33445K, committed 34496K, reserved 1114112K
  class space    used 4820K, committed 5312K, reserved 1048576K
}
Event: 3.966 GC heap before
{Heap before GC invocations=6 (full 0):
 garbage-first heap   total 104448K, used 45528K [0x00000000a0000000, 0x0000000100000000)
  region size 1024K, 18 young (18432K), 8 survivors (8192K)
 Metaspace       used 35088K, committed 36096K, reserved 1114112K
  class space    used 4972K, committed 5440K, reserved 1048576K
}
Event: 3.968 GC heap after
{Heap after GC invocations=7 (full 0):
 garbage-first heap   total 104448K, used 33684K [0x00000000a0000000, 0x0000000100000000)
  region size 1024K, 6 young (6144K), 6 survivors (6144K)
 Metaspace       used 35088K, committed 36096K, reserved 1114112K
  class space    used 4972K, committed 5440K, reserved 1048576K
}
Event: 4.690 GC heap before
{Heap before GC invocations=8 (full 0):
 garbage-first heap   total 104448K, used 86932K [0x00000000a0000000, 0x0000000100000000)
  region size 1024K, 58 young (59392K), 6 survivors (6144K)
 Metaspace       used 40728K, committed 42176K, reserved 1114112K
  class space    used 5902K, committed 6592K, reserved 1048576K
}
Event: 4.694 GC heap after
{Heap after GC invocations=9 (full 0):
 garbage-first heap   total 125952K, used 37875K [0x00000000a0000000, 0x0000000100000000)
  region size 1024K, 6 young (6144K), 6 survivors (6144K)
 Metaspace       used 40728K, committed 42176K, reserved 1114112K
  class space    used 5902K, committed 6592K, reserved 1048576K
}
Event: 5.676 GC heap before
{Heap before GC invocations=9 (full 0):
 garbage-first heap   total 125952K, used 107507K [0x00000000a0000000, 0x0000000100000000)
  region size 1024K, 73 young (74752K), 6 survivors (6144K)
 Metaspace       used 47987K, committed 49728K, reserved 1114112K
  class space    used 6974K, committed 7872K, reserved 1048576K
}
Event: 5.680 GC heap after
{Heap after GC invocations=10 (full 0):
 garbage-first heap   total 125952K, used 41795K [0x00000000a0000000, 0x0000000100000000)
  region size 1024K, 9 young (9216K), 9 survivors (9216K)
 Metaspace       used 47987K, committed 49728K, reserved 1114112K
  class space    used 6974K, committed 7872K, reserved 1048576K
}
Event: 6.410 GC heap before
{Heap before GC invocations=10 (full 0):
 garbage-first heap   total 125952K, used 106307K [0x00000000a0000000, 0x0000000100000000)
  region size 1024K, 73 young (74752K), 9 survivors (9216K)
 Metaspace       used 50883K, committed 52608K, reserved 1114112K
  class space    used 7385K, committed 8256K, reserved 1048576K
}
Event: 6.415 GC heap after
{Heap after GC invocations=11 (full 0):
 garbage-first heap   total 125952K, used 47434K [0x00000000a0000000, 0x0000000100000000)
  region size 1024K, 10 young (10240K), 10 survivors (10240K)
 Metaspace       used 50883K, committed 52608K, reserved 1114112K
  class space    used 7385K, committed 8256K, reserved 1048576K
}
Event: 6.661 GC heap before
{Heap before GC invocations=11 (full 0):
 garbage-first heap   total 125952K, used 108874K [0x00000000a0000000, 0x0000000100000000)
  region size 1024K, 71 young (72704K), 10 survivors (10240K)
 Metaspace       used 51306K, committed 53056K, reserved 1114112K
  class space    used 7403K, committed 8256K, reserved 1048576K
}
Event: 6.665 GC heap after
{Heap after GC invocations=12 (full 0):
 garbage-first heap   total 125952K, used 49638K [0x00000000a0000000, 0x0000000100000000)
  region size 1024K, 3 young (3072K), 3 survivors (3072K)
 Metaspace       used 51306K, committed 53056K, reserved 1114112K
  class space    used 7403K, committed 8256K, reserved 1048576K
}

Dll operation events (20 events):
Event: 0.070 Attempting to load shared library C:\Users\Teddy Lorenz Guangco\.vscode\extensions\redhat.java-1.56.0-win32-x64\jre\21.0.12.1-win32-x86_64\bin\nio.dll
Event: 0.070 Loaded shared library C:\Users\Teddy Lorenz Guangco\.vscode\extensions\redhat.java-1.56.0-win32-x64\jre\21.0.12.1-win32-x86_64\bin\nio.dll
Event: 0.073 Attempting to load shared library C:\Users\Teddy Lorenz Guangco\.vscode\extensions\redhat.java-1.56.0-win32-x64\jre\21.0.12.1-win32-x86_64\bin\zip.dll
Event: 0.073 Loaded shared library C:\Users\Teddy Lorenz Guangco\.vscode\extensions\redhat.java-1.56.0-win32-x64\jre\21.0.12.1-win32-x86_64\bin\zip.dll
Event: 0.272 Attempting to load shared library C:\Users\Teddy Lorenz Guangco\.vscode\extensions\redhat.java-1.56.0-win32-x64\jre\21.0.12.1-win32-x86_64\bin\jimage.dll
Event: 0.272 Loaded shared library C:\Users\Teddy Lorenz Guangco\.vscode\extensions\redhat.java-1.56.0-win32-x64\jre\21.0.12.1-win32-x86_64\bin\jimage.dll
Event: 0.374 Attempting to load shared library C:\Users\Teddy Lorenz Guangco\.vscode\extensions\redhat.java-1.56.0-win32-x64\jre\21.0.12.1-win32-x86_64\bin\verify.dll
Event: 0.374 Loaded shared library C:\Users\Teddy Lorenz Guangco\.vscode\extensions\redhat.java-1.56.0-win32-x64\jre\21.0.12.1-win32-x86_64\bin\verify.dll
Event: 0.444 Attempting to load shared library C:\Users\Teddy Lorenz Guangco\.gradle\native\1def1411415f61bf3af743bc5b6707747c0891f09f0c88961ee8f79bc544acac\windows-amd64\native-platform.dll
Event: 0.445 Loaded shared library C:\Users\Teddy Lorenz Guangco\.gradle\native\1def1411415f61bf3af743bc5b6707747c0891f09f0c88961ee8f79bc544acac\windows-amd64\native-platform.dll
Event: 0.453 Attempting to load shared library C:\Users\Teddy Lorenz Guangco\.gradle\native\0.2.7\x86_64-windows-gnu\gradle-fileevents.dll
Event: 0.453 Loaded shared library C:\Users\Teddy Lorenz Guangco\.gradle\native\0.2.7\x86_64-windows-gnu\gradle-fileevents.dll
Event: 1.200 Attempting to load shared library C:\Users\Teddy Lorenz Guangco\.vscode\extensions\redhat.java-1.56.0-win32-x64\jre\21.0.12.1-win32-x86_64\bin\management.dll
Event: 1.201 Loaded shared library C:\Users\Teddy Lorenz Guangco\.vscode\extensions\redhat.java-1.56.0-win32-x64\jre\21.0.12.1-win32-x86_64\bin\management.dll
Event: 1.203 Attempting to load shared library C:\Users\Teddy Lorenz Guangco\.vscode\extensions\redhat.java-1.56.0-win32-x64\jre\21.0.12.1-win32-x86_64\bin\management_ext.dll
Event: 1.203 Loaded shared library C:\Users\Teddy Lorenz Guangco\.vscode\extensions\redhat.java-1.56.0-win32-x64\jre\21.0.12.1-win32-x86_64\bin\management_ext.dll
Event: 1.303 Attempting to load shared library C:\Users\Teddy Lorenz Guangco\.vscode\extensions\redhat.java-1.56.0-win32-x64\jre\21.0.12.1-win32-x86_64\bin\extnet.dll
Event: 1.303 Loaded shared library C:\Users\Teddy Lorenz Guangco\.vscode\extensions\redhat.java-1.56.0-win32-x64\jre\21.0.12.1-win32-x86_64\bin\extnet.dll
Event: 1.453 Attempting to load shared library C:\Users\Teddy Lorenz Guangco\.vscode\extensions\redhat.java-1.56.0-win32-x64\jre\21.0.12.1-win32-x86_64\bin\sunmscapi.dll
Event: 1.454 Loaded shared library C:\Users\Teddy Lorenz Guangco\.vscode\extensions\redhat.java-1.56.0-win32-x64\jre\21.0.12.1-win32-x86_64\bin\sunmscapi.dll

Deoptimization events (20 events):
Event: 6.682 Thread 0x000001dc5178cd90 DEOPT PACKING pc=0x000001dc07d27534 sp=0x000000d4d05f6cb0
Event: 6.682 Thread 0x000001dc5178cd90 DEOPT UNPACKING pc=0x000001dc074a4422 sp=0x000000d4d05f6c78 mode 2
Event: 6.682 Thread 0x000001dc5178cd90 Uncommon trap: trap_request=0xffffffad fr.pc=0x000001dc07de40c0 relative=0x00000000000022a0
Event: 6.682 Thread 0x000001dc5178cd90 Uncommon trap: reason=uninitialized action=reinterpret pc=0x000001dc07de40c0 method=jdk.internal.loader.URLClassPath.getLoader(Ljava/net/URL;)Ljdk/internal/loader/URLClassPath$Loader; @ 22 c2
Event: 6.682 Thread 0x000001dc5178cd90 DEOPT PACKING pc=0x000001dc07de40c0 sp=0x000000d4d05f6ec0
Event: 6.682 Thread 0x000001dc5178cd90 DEOPT UNPACKING pc=0x000001dc074a4422 sp=0x000000d4d05f6e40 mode 2
Event: 6.682 Thread 0x000001dc5178cd90 Uncommon trap: trap_request=0xffffffde fr.pc=0x000001dc07d27534 relative=0x00000000000005d4
Event: 6.682 Thread 0x000001dc5178cd90 Uncommon trap: reason=class_check action=maybe_recompile pc=0x000001dc07d27534 method=java.lang.Throwable.<init>(Ljava/lang/String;Ljava/lang/Throwable;)V @ 24 c2
Event: 6.682 Thread 0x000001dc5178cd90 DEOPT PACKING pc=0x000001dc07d27534 sp=0x000000d4d05f6910
Event: 6.683 Thread 0x000001dc5178cd90 DEOPT UNPACKING pc=0x000001dc074a4422 sp=0x000000d4d05f68d8 mode 2
Event: 6.683 Thread 0x000001dc5178cd90 Uncommon trap: trap_request=0xffffffde fr.pc=0x000001dc07d27534 relative=0x00000000000005d4
Event: 6.683 Thread 0x000001dc5178cd90 Uncommon trap: reason=class_check action=maybe_recompile pc=0x000001dc07d27534 method=java.lang.Throwable.<init>(Ljava/lang/String;Ljava/lang/Throwable;)V @ 24 c2
Event: 6.683 Thread 0x000001dc5178cd90 DEOPT PACKING pc=0x000001dc07d27534 sp=0x000000d4d05f6c50
Event: 6.683 Thread 0x000001dc5178cd90 DEOPT UNPACKING pc=0x000001dc074a4422 sp=0x000000d4d05f6c18 mode 2
Event: 6.687 Thread 0x000001dc5178cd90 DEOPT PACKING pc=0x000001dc0052ddb9 sp=0x000000d4d05f66e0
Event: 6.687 Thread 0x000001dc5178cd90 DEOPT UNPACKING pc=0x000001dc074a4bc2 sp=0x000000d4d05f5be0 mode 0
Event: 6.695 Thread 0x000001dc5178cd90 DEOPT PACKING pc=0x000001dc0052ddb9 sp=0x000000d4d05f6720
Event: 6.695 Thread 0x000001dc5178cd90 DEOPT UNPACKING pc=0x000001dc074a4bc2 sp=0x000000d4d05f5c20 mode 0
Event: 6.704 Thread 0x000001dc5178cd90 DEOPT PACKING pc=0x000001dc0052ddb9 sp=0x000000d4d05f6870
Event: 6.704 Thread 0x000001dc5178cd90 DEOPT UNPACKING pc=0x000001dc074a4bc2 sp=0x000000d4d05f5d70 mode 0

Classes loaded (20 events):
Event: 6.210 Loading class java/nio/channels/Channels
Event: 6.210 Loading class java/nio/channels/Channels done
Event: 6.210 Loading class sun/nio/ch/Streams
Event: 6.210 Loading class sun/nio/ch/Streams done
Event: 6.210 Loading class sun/nio/ch/ChannelInputStream
Event: 6.211 Loading class sun/nio/ch/ChannelInputStream done
Event: 6.215 Loading class java/lang/foreign/MemorySegment
Event: 6.216 Loading class java/lang/foreign/MemorySegment done
Event: 6.555 Loading class java/util/stream/SortedOps
Event: 6.555 Loading class java/util/stream/SortedOps done
Event: 6.556 Loading class java/util/stream/SortedOps$OfRef
Event: 6.556 Loading class java/util/stream/SortedOps$OfRef done
Event: 6.561 Loading class java/util/stream/SortedOps$SizedRefSortingSink
Event: 6.561 Loading class java/util/stream/SortedOps$AbstractRefSortingSink
Event: 6.561 Loading class java/util/stream/SortedOps$AbstractRefSortingSink done
Event: 6.561 Loading class java/util/stream/SortedOps$SizedRefSortingSink done
Event: 6.728 Loading class java/lang/ThreadDeath
Event: 6.728 Loading class java/lang/ThreadDeath done
Event: 6.728 Loading class sun/misc/SharedSecrets
Event: 6.728 Loading class sun/misc/SharedSecrets done

Classes unloaded (0 events):
No events

Classes redefined (0 events):
No events

Internal exceptions (20 events):
Event: 5.523 Thread 0x000001dc5178cd90 Exception <a 'java/lang/NoSuchMethodError'{0x00000000a3b1f278}: 'java.lang.Object java.lang.invoke.DirectMethodHandle$Holder.newInvokeSpecial(java.lang.Object, java.lang.Object, java.lang.Object, int)'> (0x00000000a3b1f278) 
thrown [s\src\hotspot\share\interpreter\linkResolver.cpp, line 773]
Event: 5.523 Thread 0x000001dc5178cd90 Exception <a 'java/lang/NoSuchMethodError'{0x00000000a3b23850}: 'java.lang.Object java.lang.invoke.Invokers$Holder.linkToTargetMethod(java.lang.Object, java.lang.Object, int, java.lang.Object)'> (0x00000000a3b23850) 
thrown [s\src\hotspot\share\interpreter\linkResolver.cpp, line 773]
Event: 5.562 Thread 0x000001dc5178cd90 Exception <a 'java/lang/NoSuchMethodError'{0x00000000a39ed090}: 'java.lang.Object java.lang.invoke.DirectMethodHandle$Holder.invokeSpecial(java.lang.Object, java.lang.Object, long, java.lang.Object, java.lang.Object)'> (0x00000000a39ed090) 
thrown [s\src\hotspot\share\interpreter\linkResolver.cpp, line 773]
Event: 5.576 Thread 0x000001dc5178cd90 Exception <a 'java/lang/NoSuchMethodError'{0x00000000a38c4d08}: 'java.lang.Object java.lang.invoke.DirectMethodHandle$Holder.newInvokeSpecial(java.lang.Object, java.lang.Object, java.lang.Object, int, java.lang.Object)'> (0x00000000a38c4d08) 
thrown [s\src\hotspot\share\interpreter\linkResolver.cpp, line 773]
Event: 5.576 Thread 0x000001dc5178cd90 Exception <a 'java/lang/NoSuchMethodError'{0x00000000a38c9440}: 'java.lang.Object java.lang.invoke.Invokers$Holder.linkToTargetMethod(java.lang.Object, java.lang.Object, int, java.lang.Object, java.lang.Object)'> (0x00000000a38c9440) 
thrown [s\src\hotspot\share\interpreter\linkResolver.cpp, line 773]
Event: 5.672 Thread 0x000001dc5178cd90 Exception <a 'java/lang/NoSuchMethodError'{0x00000000a33aabb0}: 'int java.lang.invoke.DirectMethodHandle$Holder.invokeSpecialIFC(java.lang.Object, java.lang.Object, java.lang.Object)'> (0x00000000a33aabb0) 
thrown [s\src\hotspot\share\interpreter\linkResolver.cpp, line 773]
Event: 6.023 Thread 0x000001dc5178cd90 Exception <a 'java/lang/NoSuchMethodError'{0x00000000ad1e4138}: 'java.lang.Object java.lang.invoke.DirectMethodHandle$Holder.newInvokeSpecial(java.lang.Object, java.lang.Object, long, java.lang.Object)'> (0x00000000ad1e4138) 
thrown [s\src\hotspot\share\interpreter\linkResolver.cpp, line 773]
Event: 6.023 Thread 0x000001dc5178cd90 Exception <a 'java/lang/NoSuchMethodError'{0x00000000ad1e8e58}: 'java.lang.Object java.lang.invoke.DirectMethodHandle$Holder.invokeSpecial(java.lang.Object, java.lang.Object, java.lang.Object, long, java.lang.Object)'> (0x00000000ad1e8e58) 
thrown [s\src\hotspot\share\interpreter\linkResolver.cpp, line 773]
Event: 6.023 Thread 0x000001dc5178cd90 Exception <a 'java/lang/NoSuchMethodError'{0x00000000ad1ed4f8}: 'java.lang.Object java.lang.invoke.Invokers$Holder.linkToTargetMethod(java.lang.Object, long, java.lang.Object, java.lang.Object)'> (0x00000000ad1ed4f8) 
thrown [s\src\hotspot\share\interpreter\linkResolver.cpp, line 773]
Event: 6.026 Thread 0x000001dc5178cd90 Exception <a 'java/lang/NoSuchMethodError'{0x00000000ad0147e8}: 'void java.lang.invoke.DirectMethodHandle$Holder.invokeStatic(java.lang.Object, java.lang.Object, java.lang.Object, int, java.lang.Object)'> (0x00000000ad0147e8) 
thrown [s\src\hotspot\share\interpreter\linkResolver.cpp, line 773]
Event: 6.053 Thread 0x000001dc5178cd90 Exception <a 'java/lang/NoSuchMethodError'{0x00000000acf49df0}: 'int java.lang.invoke.DirectMethodHandle$Holder.invokeInterface(java.lang.Object, java.lang.Object, java.lang.Object, java.lang.Object, java.lang.Object)'> (0x00000000acf49df0) 
thrown [s\src\hotspot\share\interpreter\linkResolver.cpp, line 773]
Event: 6.164 Thread 0x000001dc5178cd90 Exception <a 'java/lang/NoSuchMethodError'{0x00000000a5d58188}: 'java.lang.Object java.lang.invoke.DirectMethodHandle$Holder.newInvokeSpecial(java.lang.Object, java.lang.Object, java.lang.Object, java.lang.Object, int, java.lang.Object)'> (0x00000000a5d58188) 
thrown [s\src\hotspot\share\interpreter\linkResolver.cpp, line 773]
Event: 6.164 Thread 0x000001dc5178cd90 Exception <a 'java/lang/NoSuchMethodError'{0x00000000a5d60778}: 'java.lang.Object java.lang.invoke.Invokers$Holder.linkToTargetMethod(java.lang.Object, java.lang.Object, java.lang.Object, int, java.lang.Object, java.lang.Object)'> (0x00000000a5d60778) 
thrown [s\src\hotspot\share\interpreter\linkResolver.cpp, line 773]
Event: 6.359 Thread 0x000001dc5178cd90 Exception <a 'java/lang/NoSuchMethodError'{0x00000000a4479cd0}: 'java.lang.Object java.lang.invoke.DirectMethodHandle$Holder.invokeSpecialIFC(java.lang.Object, java.lang.Object, java.lang.Object)'> (0x00000000a4479cd0) 
thrown [s\src\hotspot\share\interpreter\linkResolver.cpp, line 773]
Event: 6.638 Thread 0x000001dc5178cd90 Exception <a 'java/lang/ClassNotFoundException'{0x00000000a394bd98}: build_zjqhnt9ir89jrbtl948u5j57BeanInfo> (0x00000000a394bd98) 
thrown [s\src\hotspot\share\classfile\systemDictionary.cpp, line 313]
Event: 6.639 Thread 0x000001dc5178cd90 Exception <a 'java/lang/ClassNotFoundException'{0x00000000a3952ad0}: build_zjqhnt9ir89jrbtl948u5j57Customizer> (0x00000000a3952ad0) 
thrown [s\src\hotspot\share\classfile\systemDictionary.cpp, line 313]
Event: 6.729 Thread 0x000001dc5178cd90 Exception <a 'java/lang/ClassNotFoundException'{0x00000000ad7635f8}: sun/misc/SharedSecrets> (0x00000000ad7635f8) 
thrown [s\src\hotspot\share\classfile\systemDictionary.cpp, line 313]
Event: 6.729 Thread 0x000001dc5178cd90 Exception <a 'java/lang/ClassNotFoundException'{0x00000000ad764bf8}: variables_48eir62nr0rszttfeiqfpzhwqBeanInfo> (0x00000000ad764bf8) 
thrown [s\src\hotspot\share\classfile\systemDictionary.cpp, line 313]
Event: 6.729 Thread 0x000001dc5178cd90 Exception <a 'java/lang/ClassNotFoundException'{0x00000000ad76dd10}: variables_48eir62nr0rszttfeiqfpzhwqCustomizer> (0x00000000ad76dd10) 
thrown [s\src\hotspot\share\classfile\systemDictionary.cpp, line 313]
Event: 6.747 Thread 0x000001dc5178cd90 Exception <a 'java/lang/NoSuchMethodError'{0x00000000ad7c7bd8}: 'java.lang.Object java.lang.invoke.DirectMethodHandle$Holder.invokeInterface(java.lang.Object, java.lang.Object, java.lang.Object, java.lang.Object, java.lang.Object)'> (0x00000000ad7c7bd8) 
thrown [s\src\hotspot\share\interpreter\linkResolver.cpp, line 773]

ZGC Phase Switch (0 events):
No events

VM Operations (20 events):
Event: 6.076 Executing safepoint VM operation: ICBufferFull
Event: 6.076 Executing safepoint VM operation: ICBufferFull done
Event: 6.128 Executing non-safepoint VM operation: HandshakeAllThreads (Deoptimize)
Event: 6.128 Executing non-safepoint VM operation: HandshakeAllThreads (Deoptimize) done
Event: 6.210 Executing safepoint VM operation: ICBufferFull
Event: 6.211 Executing safepoint VM operation: ICBufferFull done
Event: 6.322 Executing non-safepoint VM operation: HandshakeAllThreads (Deoptimize)
Event: 6.322 Executing non-safepoint VM operation: HandshakeAllThreads (Deoptimize) done
Event: 6.360 Executing safepoint VM operation: ICBufferFull
Event: 6.360 Executing safepoint VM operation: ICBufferFull done
Event: 6.409 Executing safepoint VM operation: G1CollectForAllocation (G1 Evacuation Pause)
Event: 6.415 Executing safepoint VM operation: G1CollectForAllocation (G1 Evacuation Pause) done
Event: 6.523 Executing safepoint VM operation: ICBufferFull
Event: 6.524 Executing safepoint VM operation: ICBufferFull done
Event: 6.581 Executing non-safepoint VM operation: HandshakeAllThreads (Deoptimize)
Event: 6.581 Executing non-safepoint VM operation: HandshakeAllThreads (Deoptimize) done
Event: 6.661 Executing safepoint VM operation: G1CollectForAllocation (G1 Evacuation Pause)
Event: 6.665 Executing safepoint VM operation: G1CollectForAllocation (G1 Evacuation Pause) done
Event: 6.682 Executing non-safepoint VM operation: HandshakeAllThreads (Deoptimize)
Event: 6.682 Executing non-safepoint VM operation: HandshakeAllThreads (Deoptimize) done

Memory protections (0 events):
No events

Nmethod flushes (20 events):
Event: 3.981 Thread 0x000001dc7a7cfa40 flushing  nmethod 0x000001dc001d0310
Event: 3.981 Thread 0x000001dc7a7cfa40 flushing  nmethod 0x000001dc001ef310
Event: 3.981 Thread 0x000001dc7a7cfa40 flushing  nmethod 0x000001dc001ef790
Event: 3.981 Thread 0x000001dc7a7cfa40 flushing  nmethod 0x000001dc001f1090
Event: 3.981 Thread 0x000001dc7a7cfa40 flushing  nmethod 0x000001dc001f2310
Event: 3.981 Thread 0x000001dc7a7cfa40 flushing  nmethod 0x000001dc001f4090
Event: 3.981 Thread 0x000001dc7a7cfa40 flushing  nmethod 0x000001dc001f4910
Event: 3.981 Thread 0x000001dc7a7cfa40 flushing  nmethod 0x000001dc001f7310
Event: 3.981 Thread 0x000001dc7a7cfa40 flushing  nmethod 0x000001dc001f9a10
Event: 3.981 Thread 0x000001dc7a7cfa40 flushing  nmethod 0x000001dc001fa610
Event: 3.981 Thread 0x000001dc7a7cfa40 flushing  nmethod 0x000001dc0022dd10
Event: 3.981 Thread 0x000001dc7a7cfa40 flushing  nmethod 0x000001dc0022e010
Event: 3.981 Thread 0x000001dc7a7cfa40 flushing  nmethod 0x000001dc0022f990
Event: 3.981 Thread 0x000001dc7a7cfa40 flushing  nmethod 0x000001dc00230510
Event: 3.981 Thread 0x000001dc7a7cfa40 flushing  nmethod 0x000001dc00281b10
Event: 3.981 Thread 0x000001dc7a7cfa40 flushing  nmethod 0x000001dc00287490
Event: 3.981 Thread 0x000001dc7a7cfa40 flushing  nmethod 0x000001dc00288410
Event: 3.981 Thread 0x000001dc7a7cfa40 flushing  nmethod 0x000001dc002de210
Event: 3.981 Thread 0x000001dc7a7cfa40 flushing  nmethod 0x000001dc002de990
Event: 3.981 Thread 0x000001dc7a7cfa40 flushing  nmethod 0x000001dc002e3a90

Events (20 events):
Event: 6.362 Thread 0x000001dc5178cd90 Thread added: 0x000001dc54ebfda0
Event: 6.363 Thread 0x000001dc5178cd90 Thread added: 0x000001dc54ec0430
Event: 6.364 Thread 0x000001dc5178cd90 Thread added: 0x000001dc54ec0ac0
Event: 6.364 Thread 0x000001dc5178cd90 Thread added: 0x000001dc54ebdcd0
Event: 6.365 Thread 0x000001dc5178cd90 Thread added: 0x000001dc54ec1150
Event: 6.366 Thread 0x000001dc5178cd90 Thread added: 0x000001dc54ec17e0
Event: 6.367 Thread 0x000001dc5178cd90 Thread added: 0x000001dc54ebe9f0
Event: 6.367 Thread 0x000001dc5178cd90 Thread added: 0x000001dc54ebe360
Event: 6.368 Thread 0x000001dc5178cd90 Thread added: 0x000001dc54ec1e70
Event: 6.370 Thread 0x000001dc5178cd90 Thread added: 0x000001dc54ec2500
Event: 6.370 Thread 0x000001dc5178cd90 Thread added: 0x000001dc54ebf710
Event: 6.374 Thread 0x000001dc5178cd90 Thread added: 0x000001dc54ebf080
Event: 6.376 Thread 0x000001dc5178cd90 Thread added: 0x000001dc54ec2b90
Event: 6.377 Thread 0x000001dc5178cd90 Thread added: 0x000001dc54ec4c60
Event: 6.439 Thread 0x000001dc7a8071f0 Thread added: 0x000001dc552a8d30
Event: 6.447 Thread 0x000001dc552a8d30 Thread added: 0x000001dc552ac3b0
Event: 6.467 Thread 0x000001dc7a8071f0 Thread added: 0x000001dc552aa1a0
Event: 6.628 Thread 0x000001dc5178cd90 Thread added: 0x000001dc54ec3f40
Event: 6.648 Thread 0x000001dc5178cd90 Thread added: 0x000001dc54ec45d0
Event: 6.655 Thread 0x000001dc5178cd90 Thread added: 0x000001dc528e09b0


Dynamic libraries:
0x00007ff7ba6b0000 - 0x00007ff7ba6be000 	C:\Users\Teddy Lorenz Guangco\.vscode\extensions\redhat.java-1.56.0-win32-x64\jre\21.0.12.1-win32-x86_64\bin\java.exe
0x00007ffda41c0000 - 0x00007ffda4428000 	C:\WINDOWS\SYSTEM32\ntdll.dll
0x00007ffda2270000 - 0x00007ffda2339000 	C:\WINDOWS\System32\KERNEL32.DLL
0x00007ffda1a70000 - 0x00007ffda1e68000 	C:\WINDOWS\System32\KERNELBASE.dll
0x00007ffda1740000 - 0x00007ffda188b000 	C:\WINDOWS\System32\ucrtbase.dll
0x00007ffd8a490000 - 0x00007ffd8a4a8000 	C:\Users\Teddy Lorenz Guangco\.vscode\extensions\redhat.java-1.56.0-win32-x64\jre\21.0.12.1-win32-x86_64\bin\jli.dll
0x00007ffd8a650000 - 0x00007ffd8a66e000 	C:\Users\Teddy Lorenz Guangco\.vscode\extensions\redhat.java-1.56.0-win32-x64\jre\21.0.12.1-win32-x86_64\bin\VCRUNTIME140.dll
0x00007ffda1ff0000 - 0x00007ffda21b7000 	C:\WINDOWS\System32\USER32.dll
0x00007ffda0790000 - 0x00007ffda0a24000 	C:\WINDOWS\WinSxS\amd64_microsoft.windows.common-controls_6595b64144ccf1df_6.0.26100.7019_none_3e06ffa0e335b8a8\COMCTL32.dll
0x00007ffda1f30000 - 0x00007ffda1f57000 	C:\WINDOWS\System32\win32u.dll
0x00007ffda2ee0000 - 0x00007ffda2f0b000 	C:\WINDOWS\System32\GDI32.dll
0x00007ffda21c0000 - 0x00007ffda2269000 	C:\WINDOWS\System32\msvcrt.dll
0x00007ffda1890000 - 0x00007ffda19bc000 	C:\WINDOWS\System32\gdi32full.dll
0x00007ffda1490000 - 0x00007ffda1533000 	C:\WINDOWS\System32\msvcp_win.dll
0x00007ffda27a0000 - 0x00007ffda27d1000 	C:\WINDOWS\System32\IMM32.DLL
0x00007ffd8a630000 - 0x00007ffd8a63c000 	C:\Users\Teddy Lorenz Guangco\.vscode\extensions\redhat.java-1.56.0-win32-x64\jre\21.0.12.1-win32-x86_64\bin\vcruntime140_1.dll
0x00007ffd392a0000 - 0x00007ffd3932d000 	C:\Users\Teddy Lorenz Guangco\.vscode\extensions\redhat.java-1.56.0-win32-x64\jre\21.0.12.1-win32-x86_64\bin\msvcp140.dll
0x00007ffcef300000 - 0x00007ffcf00a2000 	C:\Users\Teddy Lorenz Guangco\.vscode\extensions\redhat.java-1.56.0-win32-x64\jre\21.0.12.1-win32-x86_64\bin\server\jvm.dll
0x00007ffda2480000 - 0x00007ffda2534000 	C:\WINDOWS\System32\ADVAPI32.dll
0x00007ffda3050000 - 0x00007ffda30f6000 	C:\WINDOWS\System32\sechost.dll
0x00007ffda3280000 - 0x00007ffda3398000 	C:\WINDOWS\System32\RPCRT4.dll
0x00007ffda27e0000 - 0x00007ffda2854000 	C:\WINDOWS\System32\WS2_32.dll
0x00007ffda1170000 - 0x00007ffda11ce000 	C:\WINDOWS\SYSTEM32\POWRPROF.dll
0x00007ffd97270000 - 0x00007ffd972a5000 	C:\WINDOWS\SYSTEM32\WINMM.dll
0x00007ffd998a0000 - 0x00007ffd998ab000 	C:\WINDOWS\SYSTEM32\VERSION.dll
0x00007ffda1150000 - 0x00007ffda1164000 	C:\WINDOWS\SYSTEM32\UMPDC.dll
0x00007ffd9f810000 - 0x00007ffd9f82b000 	C:\WINDOWS\SYSTEM32\kernel.appcore.dll
0x00007ffd8bad0000 - 0x00007ffd8bada000 	C:\Users\Teddy Lorenz Guangco\.vscode\extensions\redhat.java-1.56.0-win32-x64\jre\21.0.12.1-win32-x86_64\bin\jimage.dll
0x00007ffda0b40000 - 0x00007ffda0d82000 	C:\WINDOWS\SYSTEM32\DBGHELP.DLL
0x00007ffda3c70000 - 0x00007ffda3ffb000 	C:\WINDOWS\System32\combase.dll
0x00007ffda2f10000 - 0x00007ffda2fe7000 	C:\WINDOWS\System32\OLEAUT32.dll
0x00007ffda0a30000 - 0x00007ffda0a6c000 	C:\WINDOWS\SYSTEM32\dbgcore.DLL
0x00007ffda19c0000 - 0x00007ffda1a65000 	C:\WINDOWS\System32\bcryptPrimitives.dll
0x00007ffd8bac0000 - 0x00007ffd8bacf000 	C:\Users\Teddy Lorenz Guangco\.vscode\extensions\redhat.java-1.56.0-win32-x64\jre\21.0.12.1-win32-x86_64\bin\instrument.dll
0x00007ffd8baa0000 - 0x00007ffd8bac0000 	C:\Users\Teddy Lorenz Guangco\.vscode\extensions\redhat.java-1.56.0-win32-x64\jre\21.0.12.1-win32-x86_64\bin\java.dll
0x00007ffda33a0000 - 0x00007ffda3aef000 	C:\WINDOWS\System32\SHELL32.dll
0x00007ffda15d0000 - 0x00007ffda173b000 	C:\WINDOWS\System32\wintypes.dll
0x00007ffd9e600000 - 0x00007ffd9ee5d000 	C:\WINDOWS\SYSTEM32\windows.storage.dll
0x00007ffda4080000 - 0x00007ffda4172000 	C:\WINDOWS\System32\SHCORE.dll
0x00007ffda1f70000 - 0x00007ffda1fd7000 	C:\WINDOWS\System32\shlwapi.dll
0x00007ffda1230000 - 0x00007ffda1259000 	C:\WINDOWS\SYSTEM32\profapi.dll
0x00007ffd894a0000 - 0x00007ffd894b8000 	C:\Users\Teddy Lorenz Guangco\.vscode\extensions\redhat.java-1.56.0-win32-x64\jre\21.0.12.1-win32-x86_64\bin\zip.dll
0x00007ffd8a460000 - 0x00007ffd8a470000 	C:\Users\Teddy Lorenz Guangco\.vscode\extensions\redhat.java-1.56.0-win32-x64\jre\21.0.12.1-win32-x86_64\bin\net.dll
0x00007ffd99e80000 - 0x00007ffd99fa8000 	C:\WINDOWS\SYSTEM32\WINHTTP.dll
0x00007ffd9fd80000 - 0x00007ffd9fdeb000 	C:\WINDOWS\system32\mswsock.dll
0x00007ffd89480000 - 0x00007ffd89496000 	C:\Users\Teddy Lorenz Guangco\.vscode\extensions\redhat.java-1.56.0-win32-x64\jre\21.0.12.1-win32-x86_64\bin\nio.dll
0x00007ffd893c0000 - 0x00007ffd893d0000 	C:\Users\Teddy Lorenz Guangco\.vscode\extensions\redhat.java-1.56.0-win32-x64\jre\21.0.12.1-win32-x86_64\bin\verify.dll
0x00007ffd94c30000 - 0x00007ffd94c57000 	C:\Users\Teddy Lorenz Guangco\.gradle\native\1def1411415f61bf3af743bc5b6707747c0891f09f0c88961ee8f79bc544acac\windows-amd64\native-platform.dll
0x00007ffcd8440000 - 0x00007ffcd84b8000 	C:\Users\Teddy Lorenz Guangco\.gradle\native\0.2.7\x86_64-windows-gnu\gradle-fileevents.dll
0x00007ffd893b0000 - 0x00007ffd893ba000 	C:\Users\Teddy Lorenz Guangco\.vscode\extensions\redhat.java-1.56.0-win32-x64\jre\21.0.12.1-win32-x86_64\bin\management.dll
0x00007ffd6d700000 - 0x00007ffd6d70c000 	C:\Users\Teddy Lorenz Guangco\.vscode\extensions\redhat.java-1.56.0-win32-x64\jre\21.0.12.1-win32-x86_64\bin\management_ext.dll
0x00007ffda2860000 - 0x00007ffda2868000 	C:\WINDOWS\System32\PSAPI.DLL
0x00007ffd9f2e0000 - 0x00007ffd9f314000 	C:\WINDOWS\SYSTEM32\IPHLPAPI.DLL
0x00007ffda2470000 - 0x00007ffda247a000 	C:\WINDOWS\System32\NSI.dll
0x00007ffd698e0000 - 0x00007ffd698e9000 	C:\Users\Teddy Lorenz Guangco\.vscode\extensions\redhat.java-1.56.0-win32-x64\jre\21.0.12.1-win32-x86_64\bin\extnet.dll
0x00007ffda0eb0000 - 0x00007ffda0ecb000 	C:\WINDOWS\SYSTEM32\CRYPTSP.dll
0x00007ffd9faf0000 - 0x00007ffd9fb2a000 	C:\WINDOWS\system32\rsaenh.dll
0x00007ffd9fe80000 - 0x00007ffd9feab000 	C:\WINDOWS\SYSTEM32\USERENV.dll
0x00007ffda1200000 - 0x00007ffda122a000 	C:\WINDOWS\SYSTEM32\bcrypt.dll
0x00007ffda0210000 - 0x00007ffda021c000 	C:\WINDOWS\SYSTEM32\CRYPTBASE.dll
0x00007ffd39040000 - 0x00007ffd3904e000 	C:\Users\Teddy Lorenz Guangco\.vscode\extensions\redhat.java-1.56.0-win32-x64\jre\21.0.12.1-win32-x86_64\bin\sunmscapi.dll
0x00007ffda1310000 - 0x00007ffda1487000 	C:\WINDOWS\System32\CRYPT32.dll
0x00007ffda0390000 - 0x00007ffda03c0000 	C:\WINDOWS\SYSTEM32\ncrypt.dll
0x00007ffda0340000 - 0x00007ffda037f000 	C:\WINDOWS\SYSTEM32\NTASN1.dll
0x00007ffd79370000 - 0x00007ffd79378000 	C:\WINDOWS\system32\wshunix.dll

JVMTI agents:
C:\Users\Teddy Lorenz Guangco\.gradle\wrapper\dists\gradle-8.14.3-all\10utluxaxniiv4wxiphsi49nj\gradle-8.14.3\lib\agents\gradle-instrumentation-agent-8.14.3.jar path:C:\Users\Teddy Lorenz Guangco\.vscode\extensions\redhat.java-1.56.0-win32-x64\jre\21.0.12.1-win32-x86_64\bin\instrument.dll, loaded, initialized, instrumentlib options:none

dbghelp: loaded successfully - version: 4.0.5 - missing functions: none
symbol engine: initialized successfully - sym options: 0x614 - pdb path: .;C:\Users\Teddy Lorenz Guangco\.vscode\extensions\redhat.java-1.56.0-win32-x64\jre\21.0.12.1-win32-x86_64\bin;C:\WINDOWS\SYSTEM32;C:\WINDOWS\WinSxS\amd64_microsoft.windows.common-controls_6595b64144ccf1df_6.0.26100.7019_none_3e06ffa0e335b8a8;C:\Users\Teddy Lorenz Guangco\.vscode\extensions\redhat.java-1.56.0-win32-x64\jre\21.0.12.1-win32-x86_64\bin\server;C:\Users\Teddy Lorenz Guangco\.gradle\native\1def1411415f61bf3af743bc5b6707747c0891f09f0c88961ee8f79bc544acac\windows-amd64;C:\Users\Teddy Lorenz Guangco\.gradle\native\0.2.7\x86_64-windows-gnu

VM Arguments:
jvm_args: --add-opens=java.base/java.lang=ALL-UNNAMED --add-opens=java.base/java.lang.invoke=ALL-UNNAMED --add-opens=java.base/java.util=ALL-UNNAMED --add-opens=java.prefs/java.util.prefs=ALL-UNNAMED --add-exports=jdk.compiler/com.sun.tools.javac.api=ALL-UNNAMED --add-exports=jdk.compiler/com.sun.tools.javac.util=ALL-UNNAMED --add-opens=java.base/java.util=ALL-UNNAMED --add-opens=java.prefs/java.util.prefs=ALL-UNNAMED --add-opens=java.base/java.nio.charset=ALL-UNNAMED --add-opens=java.base/java.net=ALL-UNNAMED --add-opens=java.base/java.util.concurrent.atomic=ALL-UNNAMED --add-opens=java.xml/javax.xml.namespace=ALL-UNNAMED -Xmx1536m -Dfile.encoding=UTF-8 -Duser.country=PH -Duser.language=en -Duser.variant -javaagent:C:\Users\Teddy Lorenz Guangco\.gradle\wrapper\dists\gradle-8.14.3-all\10utluxaxniiv4wxiphsi49nj\gradle-8.14.3\lib\agents\gradle-instrumentation-agent-8.14.3.jar 
java_command: org.gradle.launcher.daemon.bootstrap.GradleDaemon 8.14.3
java_class_path (initial): C:\Users\Teddy Lorenz Guangco\.gradle\wrapper\dists\gradle-8.14.3-all\10utluxaxniiv4wxiphsi49nj\gradle-8.14.3\lib\gradle-daemon-main-8.14.3.jar
Launcher Type: SUN_STANDARD

[Global flags]
     intx CICompilerCount                          = 12                                        {product} {ergonomic}
     uint ConcGCThreads                            = 3                                         {product} {ergonomic}
     uint G1ConcRefinementThreads                  = 13                                        {product} {ergonomic}
   size_t G1HeapRegionSize                         = 1048576                                   {product} {ergonomic}
    uintx GCDrainStackTargetSize                   = 64                                        {product} {ergonomic}
   size_t InitialHeapSize                          = 392167424                                 {product} {ergonomic}
   size_t MarkStackSize                            = 4194304                                   {product} {ergonomic}
   size_t MaxHeapSize                              = 1610612736                                {product} {command line}
   size_t MaxNewSize                               = 965738496                                 {product} {ergonomic}
   size_t MinHeapDeltaBytes                        = 1048576                                   {product} {ergonomic}
   size_t MinHeapSize                              = 8388608                                   {product} {ergonomic}
    uintx NonNMethodCodeHeapSize                   = 7602480                                {pd product} {ergonomic}
    uintx NonProfiledCodeHeapSize                  = 122027880                              {pd product} {ergonomic}
    uintx ProfiledCodeHeapSize                     = 122027880                              {pd product} {ergonomic}
    uintx ReservedCodeCacheSize                    = 251658240                              {pd product} {ergonomic}
     bool SegmentedCodeCache                       = true                                      {product} {ergonomic}
   size_t SoftMaxHeapSize                          = 1610612736                             {manageable} {ergonomic}
     bool UseCompressedOops                        = true                           {product lp64_product} {ergonomic}
     bool UseG1GC                                  = true                                      {product} {ergonomic}
     bool UseLargePagesIndividualAllocation        = false                                  {pd product} {ergonomic}

Logging:
Log output configuration:
 #0: stdout all=warning uptime,level,tags foldmultilines=false
 #1: stderr all=off uptime,level,tags foldmultilines=false

Release file:
JAVA_VERSION="21.0.12.1" 
MODULES="java.base java.compiler java.datatransfer java.xml java.prefs java.desktop java.instrument java.logging java.management java.security.sasl java.naming java.rmi java.management.rmi java.net.http java.scripting java.security.jgss java.transaction.xa java.sql java.sql.rowset java.xml.crypto java.se java.smartcardio jdk.accessibility jdk.internal.jvmstat jdk.attach jdk.charsets jdk.internal.opt jdk.zipfs jdk.compiler jdk.crypto.ec jdk.crypto.cryptoki jdk.crypto.mscapi jdk.dynalink jdk.internal.ed jdk.editpad jdk.hotspot.agent jdk.httpserver jdk.internal.le jdk.internal.vm.ci jdk.internal.vm.compiler jdk.internal.vm.compiler.management jdk.jartool jdk.javadoc jdk.jcmd jdk.management jdk.management.agent jdk.jconsole jdk.jdeps jdk.jdwp.agent jdk.jdi jdk.jfr jdk.jshell jdk.jsobject jdk.jstatd jdk.localedata jdk.management.jfr jdk.naming.dns jdk.naming.rmi jdk.net jdk.nio.mapmode jdk.random jdk.sctp jdk.security.auth jdk.security.jgss jdk.unsupported jdk.unsupported.desktop jdk.xml.dom" 

Environment Variables:
JAVA_HOME=C:\Program Files\Java\jdk-21
PATH="C:\xampp\php;C:\Program Files\Common Files\Oracle\Java\javapath";C:\Program Files (x86)\Common Files\Oracle\Java\javapath;C:\Program Files (x86)\Common Files\Intel\Shared Libraries\redist\intel64\compiler;C:\ProgramData\Oracle\Java\javapath;C:\Windows\system32;C:\Windows;C:\Windows\System32\Wbem;C:\Windows\System32\WindowsPowerShell\v1.0\;C:\Windows\System32\OpenSSH\;C:\Program Files (x86)\NVIDIA Corporation\PhysX\Common;C:\Program Files\NVIDIA Corporation\NVIDIA NvDLISR;C:\Program Files\dotnet\;C:\WINDOWS\system32;C:\WINDOWS;C:\WINDOWS\System32\Wbem;C:\WINDOWS\System32\WindowsPowerShell\v1.0\;C:\WINDOWS\System32\OpenSSH\;C:\Program Files\Java\jdk-21\bin;C:\Program Files\nodejs\;C:\xampp\php;C:\ProgramData\ComposerSetup\bin;C:\Program Files\Git\cmd;C:\Program Files\Git\bin;C:\MinGW\bin;C:\Users\Teddy Lorenz Guangco\AppData\Local\Microsoft\WindowsApps;C:\Users\Teddy Lorenz Guangco\AppData\Local\Programs\Microsoft VS Code\bin;C:\Users\Teddy Lorenz Guangco\AppData\Roaming\npm;C:\Users\Teddy Lorenz Guangco\AppData\Roaming\Composer\vendor\bin;C:\Users\Teddy Lorenz Guangco\AppData\Local\Python\bin;C:\Users\Teddy Lorenz Guangco\AppData\Local\Programs\Fiddler;C:\msys64\ucrt64\bin;C:\Users\Teddy Lorenz Guangco\AppData\Local\Programs\Antigravity\bin
USERNAME=Teddy Lorenz Guangco
OS=Windows_NT
PROCESSOR_IDENTIFIER=AMD64 Family 25 Model 68 Stepping 1, AuthenticAMD
TMP=C:\Users\TEDDYL~1\AppData\Local\Temp
TEMP=C:\Users\TEDDYL~1\AppData\Local\Temp




Periodic native trim disabled

---------------  S Y S T E M  ---------------

OS:
 Windows 11 , 64 bit Build 26100 (10.0.26100.7019)
OS uptime: 0 days 17:08 hours
Hyper-V role detected

CPU: total 16 (initial active 16) (16 cores per cpu, 2 threads per core) family 25 model 68 stepping 1 microcode 0xa404102, cx8, cmov, fxsr, ht, mmx, 3dnowpref, sse, sse2, sse3, ssse3, sse4a, sse4.1, sse4.2, popcnt, lzcnt, tsc, tscinvbit, avx, avx2, aes, erms, clmul, bmi1, bmi2, adx, sha, fma, vzeroupper, clflush, clflushopt, hv, rdtscp, rdpid, fsrm, f16c, cet_ss
Processor Information for the first 16 processors :
  Max Mhz: 3201, Current Mhz: 3201, Mhz Limit: 3201

Memory: 4k page, system-wide physical 23820M (2891M free)
TotalPageFile size 43337M (AvailPageFile size 7M)
current process WorkingSet (physical memory assigned to process): 356M, peak: 358M
current process commit charge ("private bytes"): 409M, peak: 598M

vm_info: OpenJDK 64-Bit Server VM (21.0.12.1+1-LTS) for windows-amd64 JRE (21.0.12.1+1-LTS), built on 2026-08-18T00:00:00Z by "admin" with MS VC++ 17.12 (VS2022)

END.
