#
# There is insufficient memory for the Java Runtime Environment to continue.
# Native memory allocation (malloc) failed to allocate 32744 bytes. Error detail: Chunk::new
# Possible reasons:
#   The system is out of physical RAM or swap space
#   This process is running with CompressedOops enabled, and the Java Heap may be blocking the growth of the native heap
# Possible solutions:
#   Reduce memory load on the system
#   Increase physical memory or swap space
#   Check if swap backing store is full
#   Decrease Java heap size (-Xmx/-Xms)
#   Decrease number of Java threads
#   Decrease Java thread stack sizes (-Xss)
#   Set larger code cache with -XX:ReservedCodeCacheSize=
#   JVM is running with Unscaled Compressed Oops mode in which the Java heap is
#     placed in the first 4GB address space. The Java Heap base address is the
#     maximum limit for the native heap growth. Please use -XX:HeapBaseMinAddress
#     to set the Java Heap base and to place the Java Heap above 4GB virtual address.
# This output file may be truncated or incomplete.
#
#  Out of Memory Error (arena.cpp:168), pid=2168, tid=3688
#
# JRE version: OpenJDK Runtime Environment Temurin-21.0.12.1+1 (21.0.12.1+1) (build 21.0.12.1+1-LTS)
# Java VM: OpenJDK 64-Bit Server VM Temurin-21.0.12.1+1 (21.0.12.1+1-LTS, mixed mode, sharing, tiered, compressed oops, compressed class ptrs, parallel gc, windows-amd64)
# No core dump will be written. Minidumps are not enabled by default on client versions of Windows
#

---------------  S U M M A R Y ------------

Command Line: --add-modules=ALL-SYSTEM --add-opens=java.base/java.util=ALL-UNNAMED --add-opens=java.base/java.lang=ALL-UNNAMED --add-opens=java.base/sun.nio.fs=ALL-UNNAMED -Declipse.application=org.eclipse.jdt.ls.core.id1 -Dosgi.bundles.defaultStartLevel=4 -Declipse.product=org.eclipse.jdt.ls.core.product -Djava.import.generatesMetadataFilesAtProjectRoot=false -Dm2e.project.cache.size=50 -DDetectVMInstallationsJob.disabled=true -Dfile.encoding=utf8 -XX:+UseParallelGC -XX:GCTimeRatio=4 -XX:AdaptiveSizePolicyWeight=90 -Dsun.zip.disableMemoryMapping=true -Xmx2G -Xms100m -Xlog:disable -javaagent:c:\Users\Teddy Lorenz Guangco\.vscode\extensions\redhat.java-1.56.0-win32-x64\lombok\lombok-1.18.39-4050.jar -XX:+HeapDumpOnOutOfMemoryError -XX:HeapDumpPath=c:\Users\Teddy Lorenz Guangco\AppData\Roaming\Code\User\workspaceStorage\bcc455c84b49112e4f4755e2f290504c\redhat.java -Daether.dependencyCollector.impl=bf c:\Users\Teddy Lorenz Guangco\.vscode\extensions\redhat.java-1.56.0-win32-x64\server\plugins\org.eclipse.equinox.launcher_1.8.0.v20260804-1928.jar -configuration c:\Users\Teddy Lorenz Guangco\AppData\Roaming\Code\User\globalStorage\redhat.java\1.56.0\config_win -data c:\Users\Teddy Lorenz Guangco\AppData\Roaming\Code\User\workspaceStorage\bcc455c84b49112e4f4755e2f290504c\redhat.java\jdt_ws --pipe=\\.\pipe\lsp-70fb7321602997d584256df657e9aa09-sock

Host: AMD Ryzen 7 6800H with Radeon Graphics         , 16 cores, 23G,  Windows 11 , 64 bit Build 26100 (10.0.26100.7019)
Time: Mon Sep 28 19:14:18 2026 Malay Peninsula Standard Time elapsed time: 29.204867 seconds (0d 0h 0m 29s)

---------------  T H R E A D  ---------------

Current thread (0x000001dc715ef950):  JavaThread "C1 CompilerThread0" daemon [_thread_in_native, id=3688, stack(0x0000008528800000,0x0000008528900000) (1024K)]


Current CompileTask:
C1:29205 9445       3       java.util.Formatter$FormatSpecifier::print (357 bytes)

Stack: [0x0000008528800000,0x0000008528900000]
Native frames: (J=compiled Java code, j=interpreted, Vv=VM code, C=native code)
V  [jvm.dll+0x6d83e9]
V  [jvm.dll+0x8b5736]
V  [jvm.dll+0x8b7cee]
V  [jvm.dll+0x8b83d3]
V  [jvm.dll+0x284596]
V  [jvm.dll+0xc685d]
V  [jvm.dll+0xc6da1]
V  [jvm.dll+0x1a4294]
V  [jvm.dll+0x1a3ada]
V  [jvm.dll+0x16ca1b]
V  [jvm.dll+0x156bb9]
V  [jvm.dll+0x156d32]
V  [jvm.dll+0x156fe4]
V  [jvm.dll+0x1563fc]
V  [jvm.dll+0x15818d]
V  [jvm.dll+0x25baad]
V  [jvm.dll+0x25a03a]
V  [jvm.dll+0x3f8aae]
V  [jvm.dll+0x8600cd]
V  [jvm.dll+0x6d6c1d]
C  [ucrtbase.dll+0x37b0]
C  [KERNEL32.DLL+0x2e8d7]
C  [ntdll.dll+0x8c53c]


---------------  P R O C E S S  ---------------

Threads class SMR info:
_java_thread_list=0x000001dc7c5dc8e0, length=57, elements={
0x000001dc18774920, 0x000001dc18811fd0, 0x000001dc18814a40, 0x000001dc1881a420,
0x000001dc1881afb0, 0x000001dc18820f30, 0x000001dc18822be0, 0x000001dc1882cc20,
0x000001dc715ef950, 0x000001dc7181d460, 0x000001dc71938680, 0x000001dc77ae3c80,
0x000001dc7189e8e0, 0x000001dc7753c460, 0x000001dc77840ca0, 0x000001dc779d50e0,
0x000001dc71607960, 0x000001dc77d3ad10, 0x000001dc783d6dd0, 0x000001dc783d6740,
0x000001dc783d8810, 0x000001dc783d9530, 0x000001dc783d7460, 0x000001dc783d7af0,
0x000001dc783d8180, 0x000001dc783d8ea0, 0x000001dc783d60b0, 0x000001dc79768d00,
0x000001dc79769390, 0x000001dc79769a20, 0x000001dc7976a0b0, 0x000001dc7976a740,
0x000001dc79767950, 0x000001dc7976add0, 0x000001dc7976b460, 0x000001dc79767fe0,
0x000001dc7976baf0, 0x000001dc79768670, 0x000001dc7976c180, 0x000001dc7976c810,
0x000001dc7976cea0, 0x000001dc7976e250, 0x000001dc7976d530, 0x000001dc7976e8e0,
0x000001dc7976dbc0, 0x000001dc7aedfd20, 0x000001dc7aedf000, 0x000001dc7981dd60,
0x000001dc7981c320, 0x000001dc7981d040, 0x000001dc7981a8e0, 0x000001dc7981c9b0,
0x000001dc7981e3f0, 0x000001dc7981af70, 0x000001dc7981ea80, 0x000001dc7981f110,
0x000001dc798204c0
}

Java Threads: ( => current thread )
  0x000001dc18774920 JavaThread "main"                              [_thread_blocked, id=31088, stack(0x0000008527d00000,0x0000008527e00000) (1024K)]
  0x000001dc18811fd0 JavaThread "Reference Handler"          daemon [_thread_blocked, id=30756, stack(0x0000008528100000,0x0000008528200000) (1024K)]
  0x000001dc18814a40 JavaThread "Finalizer"                  daemon [_thread_blocked, id=31248, stack(0x0000008528200000,0x0000008528300000) (1024K)]
  0x000001dc1881a420 JavaThread "Signal Dispatcher"          daemon [_thread_blocked, id=23276, stack(0x0000008528300000,0x0000008528400000) (1024K)]
  0x000001dc1881afb0 JavaThread "Attach Listener"            daemon [_thread_blocked, id=29908, stack(0x0000008528400000,0x0000008528500000) (1024K)]
  0x000001dc18820f30 JavaThread "Service Thread"             daemon [_thread_blocked, id=1928, stack(0x0000008528500000,0x0000008528600000) (1024K)]
  0x000001dc18822be0 JavaThread "Monitor Deflation Thread"   daemon [_thread_blocked, id=25248, stack(0x0000008528600000,0x0000008528700000) (1024K)]
  0x000001dc1882cc20 JavaThread "C2 CompilerThread0"         daemon [_thread_blocked, id=30856, stack(0x0000008528700000,0x0000008528800000) (1024K)]
=>0x000001dc715ef950 JavaThread "C1 CompilerThread0"         daemon [_thread_in_native, id=3688, stack(0x0000008528800000,0x0000008528900000) (1024K)]
  0x000001dc7181d460 JavaThread "Common-Cleaner"             daemon [_thread_blocked, id=24304, stack(0x0000008528c00000,0x0000008528d00000) (1024K)]
  0x000001dc71938680 JavaThread "Notification Thread"        daemon [_thread_blocked, id=30672, stack(0x0000008528e00000,0x0000008528f00000) (1024K)]
  0x000001dc77ae3c80 JavaThread "Active Thread: Equinox Container: aef63cde-b742-43cf-8b86-1e12602ec556"        [_thread_blocked, id=23488, stack(0x0000008529700000,0x0000008529800000) (1024K)]
  0x000001dc7189e8e0 JavaThread "Refresh Thread: Equinox Container: aef63cde-b742-43cf-8b86-1e12602ec556" daemon [_thread_blocked, id=2516, stack(0x0000008528a00000,0x0000008528b00000) (1024K)]
  0x000001dc7753c460 JavaThread "Framework Event Dispatcher: Equinox Container: aef63cde-b742-43cf-8b86-1e12602ec556" daemon [_thread_blocked, id=26992, stack(0x0000008528b00000,0x0000008528c00000) (1024K)]
  0x000001dc77840ca0 JavaThread "Start Level: Equinox Container: aef63cde-b742-43cf-8b86-1e12602ec556" daemon [_thread_blocked, id=6248, stack(0x0000008528d00000,0x0000008528e00000) (1024K)]
  0x000001dc779d50e0 JavaThread "Bundle File Closer"         daemon [_thread_blocked, id=23096, stack(0x0000008529b00000,0x0000008529c00000) (1024K)]
  0x000001dc71607960 JavaThread "SCR Component Actor"        daemon [_thread_blocked, id=5964, stack(0x0000008528900000,0x0000008528a00000) (1024K)]
  0x000001dc77d3ad10 JavaThread "Worker-JM"                         [_thread_blocked, id=24616, stack(0x000000852a000000,0x000000852a100000) (1024K)]
  0x000001dc783d6dd0 JavaThread "JNA Cleaner"                daemon [_thread_blocked, id=28124, stack(0x000000852a300000,0x000000852a400000) (1024K)]
  0x000001dc783d6740 JavaThread "Worker-0"                          [_thread_blocked, id=13896, stack(0x0000008529f00000,0x000000852a000000) (1024K)]
  0x000001dc783d8810 JavaThread "Worker-1: Initialize workspace"        [_thread_blocked, id=8576, stack(0x000000852a400000,0x000000852a500000) (1024K)]
  0x000001dc783d9530 JavaThread "Java indexing"              daemon [_thread_blocked, id=23788, stack(0x000000852a600000,0x000000852a700000) (1024K)]
  0x000001dc783d7460 JavaThread "Worker-2"                          [_thread_blocked, id=22816, stack(0x000000852a900000,0x000000852aa00000) (1024K)]
  0x000001dc783d7af0 JavaThread "Worker-3"                          [_thread_blocked, id=28784, stack(0x000000852aa00000,0x000000852ab00000) (1024K)]
  0x000001dc783d8180 JavaThread "Thread-1"                   daemon [_thread_in_native, id=22116, stack(0x000000852ab00000,0x000000852ac00000) (1024K)]
  0x000001dc783d8ea0 JavaThread "Thread-2"                   daemon [_thread_in_native, id=2900, stack(0x000000852ac00000,0x000000852ad00000) (1024K)]
  0x000001dc783d60b0 JavaThread "Thread-3"                   daemon [_thread_in_native, id=14332, stack(0x000000852ad00000,0x000000852ae00000) (1024K)]
  0x000001dc79768d00 JavaThread "Thread-4"                   daemon [_thread_in_native, id=2596, stack(0x000000852ae00000,0x000000852af00000) (1024K)]
  0x000001dc79769390 JavaThread "Thread-5"                   daemon [_thread_in_native, id=12500, stack(0x000000852af00000,0x000000852b000000) (1024K)]
  0x000001dc79769a20 JavaThread "Thread-6"                   daemon [_thread_in_native, id=13472, stack(0x000000852b000000,0x000000852b100000) (1024K)]
  0x000001dc7976a0b0 JavaThread "Thread-7"                   daemon [_thread_in_native, id=17844, stack(0x000000852b100000,0x000000852b200000) (1024K)]
  0x000001dc7976a740 JavaThread "Thread-8"                   daemon [_thread_in_native, id=14576, stack(0x000000852b200000,0x000000852b300000) (1024K)]
  0x000001dc79767950 JavaThread "Thread-9"                   daemon [_thread_in_native, id=22864, stack(0x000000852b300000,0x000000852b400000) (1024K)]
  0x000001dc7976add0 JavaThread "Thread-10"                  daemon [_thread_in_native, id=23684, stack(0x000000852b400000,0x000000852b500000) (1024K)]
  0x000001dc7976b460 JavaThread "Thread-11"                  daemon [_thread_in_native, id=19900, stack(0x000000852b500000,0x000000852b600000) (1024K)]
  0x000001dc79767fe0 JavaThread "Thread-12"                  daemon [_thread_in_native, id=20584, stack(0x000000852b600000,0x000000852b700000) (1024K)]
  0x000001dc7976baf0 JavaThread "Thread-13"                  daemon [_thread_in_native, id=22672, stack(0x000000852b700000,0x000000852b800000) (1024K)]
  0x000001dc79768670 JavaThread "Thread-14"                  daemon [_thread_in_native, id=23696, stack(0x000000852b800000,0x000000852b900000) (1024K)]
  0x000001dc7976c180 JavaThread "Thread-15"                  daemon [_thread_in_native, id=14064, stack(0x000000852b900000,0x000000852ba00000) (1024K)]
  0x000001dc7976c810 JavaThread "Thread-16"                  daemon [_thread_in_native, id=8944, stack(0x000000852ba00000,0x000000852bb00000) (1024K)]
  0x000001dc7976cea0 JavaThread "Thread-17"                  daemon [_thread_in_native, id=15196, stack(0x000000852bb00000,0x000000852bc00000) (1024K)]
  0x000001dc7976e250 JavaThread "pool-2-thread-1"                   [_thread_blocked, id=11964, stack(0x000000852bc00000,0x000000852bd00000) (1024K)]
  0x000001dc7976d530 JavaThread "Worker-4"                          [_thread_blocked, id=13512, stack(0x000000852c200000,0x000000852c300000) (1024K)]
  0x000001dc7976e8e0 JavaThread "WorkspaceEventsHandler"            [_thread_blocked, id=4320, stack(0x000000852c300000,0x000000852c400000) (1024K)]
  0x000001dc7976dbc0 JavaThread "pool-1-thread-1"                   [_thread_blocked, id=20848, stack(0x000000852c400000,0x000000852c500000) (1024K)]
  0x000001dc7aedfd20 JavaThread "PatternSearchJob-worker-1"  daemon [_thread_blocked, id=17096, stack(0x000000852bf00000,0x000000852c000000) (1024K)]
  0x000001dc7aedf000 JavaThread "PatternSearchJob-worker-2"  daemon [_thread_blocked, id=30008, stack(0x000000852c000000,0x000000852c100000) (1024K)]
  0x000001dc7981dd60 JavaThread "PatternSearchJob-worker-3"  daemon [_thread_blocked, id=5512, stack(0x000000852c100000,0x000000852c200000) (1024K)]
  0x000001dc7981c320 JavaThread "ForkJoinPool.commonPool-worker-1" daemon [_thread_blocked, id=15492, stack(0x0000008529e00000,0x0000008529f00000) (1024K)]
  0x000001dc7981d040 JavaThread "ForkJoinPool.commonPool-worker-2" daemon [_thread_blocked, id=5344, stack(0x000000852bd00000,0x000000852be00000) (1024K)]
  0x000001dc7981a8e0 JavaThread "ForkJoinPool.commonPool-worker-3" daemon [_thread_blocked, id=27448, stack(0x000000852c500000,0x000000852c600000) (1024K)]
  0x000001dc7981c9b0 JavaThread "ForkJoinPool.commonPool-worker-4" daemon [_thread_blocked, id=24068, stack(0x000000852c600000,0x000000852c700000) (1024K)]
  0x000001dc7981e3f0 JavaThread "ForkJoinPool.commonPool-worker-5" daemon [_thread_blocked, id=21924, stack(0x000000852c700000,0x000000852c800000) (1024K)]
  0x000001dc7981af70 JavaThread "ForkJoinPool.commonPool-worker-6" daemon [_thread_blocked, id=15944, stack(0x000000852c800000,0x000000852c900000) (1024K)]
  0x000001dc7981ea80 JavaThread "ForkJoinPool.commonPool-worker-7" daemon [_thread_blocked, id=11932, stack(0x000000852ca00000,0x000000852cb00000) (1024K)]
  0x000001dc7981f110 JavaThread "PatternSearchJob-worker-4"  daemon [_thread_blocked, id=16592, stack(0x000000852cb00000,0x000000852cc00000) (1024K)]
  0x000001dc798204c0 JavaThread "Connection worker"                 [_thread_in_native, id=23924, stack(0x0000008529a00000,0x0000008529b00000) (1024K)]
Total: 57

Other Threads:
  0x000001dc2f204210 VMThread "VM Thread"                           [id=15084, stack(0x0000008528000000,0x0000008528100000) (1024K)]
  0x000001dc2f0fc8d0 WatcherThread "VM Periodic Task Thread"        [id=13864, stack(0x0000008527f00000,0x0000008528000000) (1024K)]
  0x000001dc18792fa0 WorkerThread "GC Thread#0"                     [id=28340, stack(0x0000008527e00000,0x0000008527f00000) (1024K)]
  0x000001dc777b1d40 WorkerThread "GC Thread#1"                     [id=31340, stack(0x0000008529000000,0x0000008529100000) (1024K)]
  0x000001dc77665790 WorkerThread "GC Thread#2"                     [id=17636, stack(0x0000008529100000,0x0000008529200000) (1024K)]
  0x000001dc77665b40 WorkerThread "GC Thread#3"                     [id=29572, stack(0x0000008529200000,0x0000008529300000) (1024K)]
  0x000001dc7777bb90 WorkerThread "GC Thread#4"                     [id=8036, stack(0x0000008529300000,0x0000008529400000) (1024K)]
  0x000001dc7777bf40 WorkerThread "GC Thread#5"                     [id=30172, stack(0x0000008529400000,0x0000008529500000) (1024K)]
  0x000001dc7777c2f0 WorkerThread "GC Thread#6"                     [id=30908, stack(0x0000008529500000,0x0000008529600000) (1024K)]
  0x000001dc77c9bab0 WorkerThread "GC Thread#7"                     [id=19220, stack(0x0000008529800000,0x0000008529900000) (1024K)]
  0x000001dc77b0add0 WorkerThread "GC Thread#8"                     [id=23032, stack(0x0000008528f00000,0x0000008529000000) (1024K)]
  0x000001dc18775220 WorkerThread "GC Thread#9"                     [id=31456, stack(0x0000008529600000,0x0000008529700000) (1024K)]
  0x000001dc7716e520 WorkerThread "GC Thread#10"                    [id=26068, stack(0x0000008529900000,0x0000008529a00000) (1024K)]
  0x000001dc775f8350 WorkerThread "GC Thread#11"                    [id=13128, stack(0x000000852a100000,0x000000852a200000) (1024K)]
  0x000001dc775f7fa0 WorkerThread "GC Thread#12"                    [id=26944, stack(0x000000852a200000,0x000000852a300000) (1024K)]
Total: 15

Threads with active compile tasks:
C1 CompilerThread0  29238 9445       3       java.util.Formatter$FormatSpecifier::print (357 bytes)
Total: 1

VM state: not at safepoint (normal execution)

VM Mutex/Monitor currently owned by a thread: None

Heap address: 0x0000000080000000, size: 2048 MB, Compressed Oops mode: 32-bit

CDS archive(s) mapped at: [0x000001dc30000000-0x000001dc30ba0000-0x000001dc30ba0000), size 12189696, SharedBaseAddress: 0x000001dc30000000, ArchiveRelocationMode: 1.
Compressed class space mapped at: 0x000001dc31000000-0x000001dc71000000, reserved size: 1073741824
Narrow klass base: 0x000001dc30000000, Narrow klass shift: 0, Narrow klass range: 0x100000000

GC Precious Log:
 CardTable entry size: 512
 CPUs: 16 total, 16 available
 Memory: 23820M
 Large Page Support: Disabled
 NUMA Support: Disabled
 Compressed Oops: Enabled (32-bit)
 Alignments: Space 512K, Generation 512K, Heap 2M
 Heap Min Capacity: 100M
 Heap Initial Capacity: 100M
 Heap Max Capacity: 2G
 Pre-touch: Disabled
 Parallel Workers: 13

Heap:
 PSYoungGen      total 16896K, used 3101K [0x00000000d5580000, 0x00000000d6d00000, 0x0000000100000000)
  eden space 16384K, 15% used [0x00000000d5580000,0x00000000d580f5b0,0x00000000d6580000)
  from space 512K, 93% used [0x00000000d6c80000,0x00000000d6cf8010,0x00000000d6d00000)
  to   space 1536K, 0% used [0x00000000d6a00000,0x00000000d6a00000,0x00000000d6b80000)
 ParOldGen       total 68608K, used 58723K [0x0000000080000000, 0x0000000084300000, 0x00000000d5580000)
  object space 68608K, 85% used [0x0000000080000000,0x0000000083958d40,0x0000000084300000)
 Metaspace       used 66451K, committed 68032K, reserved 1114112K
  class space    used 7880K, committed 8640K, reserved 1048576K

Card table byte_map: [0x000001dc18110000,0x000001dc18520000] _byte_map_base: 0x000001dc17d10000

Marking Bits: (ParMarkBitMap*) 0x00007ffceffc44a0
 Begin Bits: [0x000001dc2ac20000, 0x000001dc2cc20000)
 End Bits:   [0x000001dc2cc20000, 0x000001dc2ec20000)

Polling page: 0x000001dc16ad0000

Metaspace:

Usage:
  Non-class:     57.20 MB used.
      Class:      7.70 MB used.
       Both:     64.89 MB used.

Virtual space:
  Non-class space:       64.00 MB reserved,      58.00 MB ( 91%) committed,  1 nodes.
      Class space:        1.00 GB reserved,       8.44 MB ( <1%) committed,  1 nodes.
             Both:        1.06 GB reserved,      66.44 MB (  6%) committed. 

Chunk freelists:
   Non-Class:  6.02 MB
       Class:  7.61 MB
        Both:  13.62 MB

MaxMetaspaceSize: unlimited
CompressedClassSpaceSize: 1.00 GB
Initial GC threshold: 21.00 MB
Current GC threshold: 97.31 MB
CDS: on
 - commit_granule_bytes: 65536.
 - commit_granule_words: 8192.
 - virtual_space_node_default_size: 8388608.
 - enlarge_chunks_in_place: 1.
 - use_allocation_guard: 0.


Internal statistics:

num_allocs_failed_limit: 9.
num_arena_births: 1274.
num_arena_deaths: 38.
num_vsnodes_births: 2.
num_vsnodes_deaths: 0.
num_space_committed: 1063.
num_space_uncommitted: 0.
num_chunks_returned_to_freelist: 53.
num_chunks_taken_from_freelist: 4095.
num_chunk_merges: 18.
num_chunk_splits: 2584.
num_chunks_enlarged: 1573.
num_inconsistent_stats: 0.

CodeHeap 'non-profiled nmethods': size=119168Kb used=6330Kb max_used=6330Kb free=112837Kb
 bounds [0x000001dc23510000, 0x000001dc23b40000, 0x000001dc2a970000]
CodeHeap 'profiled nmethods': size=119104Kb used=17806Kb max_used=17873Kb free=101297Kb
 bounds [0x000001dc1b970000, 0x000001dc1caf0000, 0x000001dc22dc0000]
CodeHeap 'non-nmethods': size=7488Kb used=1445Kb max_used=3193Kb free=6042Kb
 bounds [0x000001dc22dc0000, 0x000001dc23130000, 0x000001dc23510000]
CodeCache: size=245760Kb, used=25581Kb, max_used=27396Kb, free=220176Kb
 total_blobs=9372, nmethods=8618, adapters=660, full_count=0
Compilation: enabled, stopped_count=0, restarted_count=0

Compilation events (20 events):
Event: 24.951 Thread 0x000001dc7763aa10 nmethod 9434 0x000001dc1c36c590 code [0x000001dc1c36c720, 0x000001dc1c36c860]
Event: 26.250 Thread 0x000001dc7763b0c0 9435       3       java.util.concurrent.Executors$RunnableAdapter::call (14 bytes)
Event: 26.250 Thread 0x000001dc7763b0c0 nmethod 9435 0x000001dc1c36c110 code [0x000001dc1c36c2c0, 0x000001dc1c36c4a8]
Event: 26.754 Thread 0x000001dc718579b0 9436       4       jdk.internal.misc.Unsafe::putReferenceOpaque (9 bytes)
Event: 26.754 Thread 0x000001dc718579b0 nmethod 9436 0x000001dc23b3d410 code [0x000001dc23b3d5a0, 0x000001dc23b3d650]
Event: 26.882 Thread 0x000001dc1882cc20 9437       4       java.lang.reflect.Method::isCallerSensitive (38 bytes)
Event: 26.884 Thread 0x000001dc1882cc20 nmethod 9437 0x000001dc23b3d710 code [0x000001dc23b3d8c0, 0x000001dc23b3da00]
Event: 27.357 Thread 0x000001dc715ef950 9438       1       org.gradle.internal.logging.events.UpdateNowEvent::getTimestamp (5 bytes)
Event: 27.357 Thread 0x000001dc715ef950 nmethod 9438 0x000001dc23b3db90 code [0x000001dc23b3dd20, 0x000001dc23b3dde8]
Event: 29.192 Thread 0x000001dc1882cc20 9439       4       jdk.internal.org.objectweb.asm.ByteVector::enlarge (73 bytes)
Event: 29.193 Thread 0x000001dc715ef950 9440       1       com.google.common.collect.EvictingQueue::delegate (5 bytes)
Event: 29.193 Thread 0x000001dc715ef950 nmethod 9440 0x000001dc23b3de90 code [0x000001dc23b3e020, 0x000001dc23b3e0e8]
Event: 29.194 Thread 0x000001dc1882cc20 nmethod 9439 0x000001dc23b3e190 code [0x000001dc23b3e320, 0x000001dc23b3e688]
Event: 29.194 Thread 0x000001dc715ef950 9441       3       java.lang.invoke.MethodHandles::makeIdentity (23 bytes)
Event: 29.195 Thread 0x000001dc715ef950 nmethod 9441 0x000001dc1c36b110 code [0x000001dc1c36b380, 0x000001dc1c36bc98]
Event: 29.199 Thread 0x000001dc715ef950 9442       3       java.io.BufferedReader::fill (170 bytes)
Event: 29.199 Thread 0x000001dc715ef950 nmethod 9442 0x000001dc1c36a710 code [0x000001dc1c36a900, 0x000001dc1c36af28]
Event: 29.202 Thread 0x000001dc715ef950 9443       1       java.lang.Byte::byteValue (5 bytes)
Event: 29.202 Thread 0x000001dc715ef950 nmethod 9443 0x000001dc23b3e790 code [0x000001dc23b3e920, 0x000001dc23b3e9f0]
Event: 29.202 Thread 0x000001dc715ef950 9445       3       java.util.Formatter$FormatSpecifier::print (357 bytes)

GC Heap History (20 events):
Event: 20.732 GC heap before
{Heap before GC invocations=38 (full 3):
 PSYoungGen      total 23040K, used 4787K [0x00000000d5580000, 0x00000000d7400000, 0x0000000100000000)
  eden space 16384K, 0% used [0x00000000d5580000,0x00000000d5580000,0x00000000d6580000)
  from space 6656K, 71% used [0x00000000d6580000,0x00000000d6a2cf80,0x00000000d6c00000)
  to   space 5120K, 0% used [0x00000000d6f00000,0x00000000d6f00000,0x00000000d7400000)
 ParOldGen       total 68608K, used 52961K [0x0000000080000000, 0x0000000084300000, 0x00000000d5580000)
  object space 68608K, 77% used [0x0000000080000000,0x00000000833b8488,0x0000000084300000)
 Metaspace       used 58407K, committed 59776K, reserved 1114112K
  class space    used 6543K, committed 7168K, reserved 1048576K
}
Event: 20.795 GC heap after
{Heap after GC invocations=38 (full 3):
 PSYoungGen      total 23040K, used 0K [0x00000000d5580000, 0x00000000d7400000, 0x0000000100000000)
  eden space 16384K, 0% used [0x00000000d5580000,0x00000000d5580000,0x00000000d6580000)
  from space 6656K, 0% used [0x00000000d6580000,0x00000000d6580000,0x00000000d6c00000)
  to   space 5120K, 0% used [0x00000000d6f00000,0x00000000d6f00000,0x00000000d7400000)
 ParOldGen       total 68608K, used 51290K [0x0000000080000000, 0x0000000084300000, 0x00000000d5580000)
  object space 68608K, 74% used [0x0000000080000000,0x0000000083216af0,0x0000000084300000)
 Metaspace       used 58385K, committed 59776K, reserved 1114112K
  class space    used 6537K, committed 7168K, reserved 1048576K
}
Event: 21.019 GC heap before
{Heap before GC invocations=39 (full 3):
 PSYoungGen      total 23040K, used 16383K [0x00000000d5580000, 0x00000000d7400000, 0x0000000100000000)
  eden space 16384K, 99% used [0x00000000d5580000,0x00000000d657ffe8,0x00000000d6580000)
  from space 6656K, 0% used [0x00000000d6580000,0x00000000d6580000,0x00000000d6c00000)
  to   space 5120K, 0% used [0x00000000d6f00000,0x00000000d6f00000,0x00000000d7400000)
 ParOldGen       total 68608K, used 51290K [0x0000000080000000, 0x0000000084300000, 0x00000000d5580000)
  object space 68608K, 74% used [0x0000000080000000,0x0000000083216af0,0x0000000084300000)
 Metaspace       used 59397K, committed 60864K, reserved 1114112K
  class space    used 6737K, committed 7360K, reserved 1048576K
}
Event: 21.020 GC heap after
{Heap after GC invocations=39 (full 3):
 PSYoungGen      total 17408K, used 864K [0x00000000d5580000, 0x00000000d7000000, 0x0000000100000000)
  eden space 16384K, 0% used [0x00000000d5580000,0x00000000d5580000,0x00000000d6580000)
  from space 1024K, 84% used [0x00000000d6f00000,0x00000000d6fd8000,0x00000000d7000000)
  to   space 2560K, 0% used [0x00000000d6b00000,0x00000000d6b00000,0x00000000d6d80000)
 ParOldGen       total 68608K, used 51298K [0x0000000080000000, 0x0000000084300000, 0x00000000d5580000)
  object space 68608K, 74% used [0x0000000080000000,0x0000000083218af0,0x0000000084300000)
 Metaspace       used 59397K, committed 60864K, reserved 1114112K
  class space    used 6737K, committed 7360K, reserved 1048576K
}
Event: 21.141 GC heap before
{Heap before GC invocations=40 (full 3):
 PSYoungGen      total 17408K, used 17248K [0x00000000d5580000, 0x00000000d7000000, 0x0000000100000000)
  eden space 16384K, 100% used [0x00000000d5580000,0x00000000d6580000,0x00000000d6580000)
  from space 1024K, 84% used [0x00000000d6f00000,0x00000000d6fd8000,0x00000000d7000000)
  to   space 2560K, 0% used [0x00000000d6b00000,0x00000000d6b00000,0x00000000d6d80000)
 ParOldGen       total 68608K, used 51298K [0x0000000080000000, 0x0000000084300000, 0x00000000d5580000)
  object space 68608K, 74% used [0x0000000080000000,0x0000000083218af0,0x0000000084300000)
 Metaspace       used 59761K, committed 61184K, reserved 1114112K
  class space    used 6782K, committed 7424K, reserved 1048576K
}
Event: 21.142 GC heap after
{Heap after GC invocations=40 (full 3):
 PSYoungGen      total 18944K, used 576K [0x00000000d5580000, 0x00000000d6f80000, 0x0000000100000000)
  eden space 16384K, 0% used [0x00000000d5580000,0x00000000d5580000,0x00000000d6580000)
  from space 2560K, 22% used [0x00000000d6b00000,0x00000000d6b90000,0x00000000d6d80000)
  to   space 1024K, 0% used [0x00000000d6e80000,0x00000000d6e80000,0x00000000d6f80000)
 ParOldGen       total 68608K, used 51946K [0x0000000080000000, 0x0000000084300000, 0x00000000d5580000)
  object space 68608K, 75% used [0x0000000080000000,0x00000000832bab00,0x0000000084300000)
 Metaspace       used 59761K, committed 61184K, reserved 1114112K
  class space    used 6782K, committed 7424K, reserved 1048576K
}
Event: 21.305 GC heap before
{Heap before GC invocations=41 (full 3):
 PSYoungGen      total 18944K, used 16960K [0x00000000d5580000, 0x00000000d6f80000, 0x0000000100000000)
  eden space 16384K, 100% used [0x00000000d5580000,0x00000000d6580000,0x00000000d6580000)
  from space 2560K, 22% used [0x00000000d6b00000,0x00000000d6b90000,0x00000000d6d80000)
  to   space 1024K, 0% used [0x00000000d6e80000,0x00000000d6e80000,0x00000000d6f80000)
 ParOldGen       total 68608K, used 51946K [0x0000000080000000, 0x0000000084300000, 0x00000000d5580000)
  object space 68608K, 75% used [0x0000000080000000,0x00000000832bab00,0x0000000084300000)
 Metaspace       used 59776K, committed 61184K, reserved 1114112K
  class space    used 6782K, committed 7424K, reserved 1048576K
}
Event: 21.305 GC heap after
{Heap after GC invocations=41 (full 3):
 PSYoungGen      total 17408K, used 608K [0x00000000d5580000, 0x00000000d6f80000, 0x0000000100000000)
  eden space 16384K, 0% used [0x00000000d5580000,0x00000000d5580000,0x00000000d6580000)
  from space 1024K, 59% used [0x00000000d6e80000,0x00000000d6f18000,0x00000000d6f80000)
  to   space 1024K, 0% used [0x00000000d6d80000,0x00000000d6d80000,0x00000000d6e80000)
 ParOldGen       total 68608K, used 52315K [0x0000000080000000, 0x0000000084300000, 0x00000000d5580000)
  object space 68608K, 76% used [0x0000000080000000,0x0000000083316ea0,0x0000000084300000)
 Metaspace       used 59776K, committed 61184K, reserved 1114112K
  class space    used 6782K, committed 7424K, reserved 1048576K
}
Event: 21.468 GC heap before
{Heap before GC invocations=42 (full 3):
 PSYoungGen      total 17408K, used 16992K [0x00000000d5580000, 0x00000000d6f80000, 0x0000000100000000)
  eden space 16384K, 100% used [0x00000000d5580000,0x00000000d6580000,0x00000000d6580000)
  from space 1024K, 59% used [0x00000000d6e80000,0x00000000d6f18000,0x00000000d6f80000)
  to   space 1024K, 0% used [0x00000000d6d80000,0x00000000d6d80000,0x00000000d6e80000)
 ParOldGen       total 68608K, used 52315K [0x0000000080000000, 0x0000000084300000, 0x00000000d5580000)
  object space 68608K, 76% used [0x0000000080000000,0x0000000083316ea0,0x0000000084300000)
 Metaspace       used 59780K, committed 61184K, reserved 1114112K
  class space    used 6782K, committed 7424K, reserved 1048576K
}
Event: 21.469 GC heap after
{Heap after GC invocations=42 (full 3):
 PSYoungGen      total 17408K, used 640K [0x00000000d5580000, 0x00000000d6f00000, 0x0000000100000000)
  eden space 16384K, 0% used [0x00000000d5580000,0x00000000d5580000,0x00000000d6580000)
  from space 1024K, 62% used [0x00000000d6d80000,0x00000000d6e20000,0x00000000d6e80000)
  to   space 512K, 0% used [0x00000000d6e80000,0x00000000d6e80000,0x00000000d6f00000)
 ParOldGen       total 68608K, used 52723K [0x0000000080000000, 0x0000000084300000, 0x00000000d5580000)
  object space 68608K, 76% used [0x0000000080000000,0x000000008337cea0,0x0000000084300000)
 Metaspace       used 59780K, committed 61184K, reserved 1114112K
  class space    used 6782K, committed 7424K, reserved 1048576K
}
Event: 21.569 GC heap before
{Heap before GC invocations=43 (full 3):
 PSYoungGen      total 17408K, used 17024K [0x00000000d5580000, 0x00000000d6f00000, 0x0000000100000000)
  eden space 16384K, 100% used [0x00000000d5580000,0x00000000d6580000,0x00000000d6580000)
  from space 1024K, 62% used [0x00000000d6d80000,0x00000000d6e20000,0x00000000d6e80000)
  to   space 512K, 0% used [0x00000000d6e80000,0x00000000d6e80000,0x00000000d6f00000)
 ParOldGen       total 68608K, used 52723K [0x0000000080000000, 0x0000000084300000, 0x00000000d5580000)
  object space 68608K, 76% used [0x0000000080000000,0x000000008337cea0,0x0000000084300000)
 Metaspace       used 59884K, committed 61312K, reserved 1114112K
  class space    used 6794K, committed 7424K, reserved 1048576K
}
Event: 21.570 GC heap after
{Heap after GC invocations=43 (full 3):
 PSYoungGen      total 16896K, used 498K [0x00000000d5580000, 0x00000000d6f80000, 0x0000000100000000)
  eden space 16384K, 0% used [0x00000000d5580000,0x00000000d5580000,0x00000000d6580000)
  from space 512K, 97% used [0x00000000d6e80000,0x00000000d6efcb38,0x00000000d6f00000)
  to   space 5120K, 0% used [0x00000000d6580000,0x00000000d6580000,0x00000000d6a80000)
 ParOldGen       total 68608K, used 56411K [0x0000000080000000, 0x0000000084300000, 0x00000000d5580000)
  object space 68608K, 82% used [0x0000000080000000,0x0000000083716e58,0x0000000084300000)
 Metaspace       used 59884K, committed 61312K, reserved 1114112K
  class space    used 6794K, committed 7424K, reserved 1048576K
}
Event: 21.735 GC heap before
{Heap before GC invocations=44 (full 3):
 PSYoungGen      total 16896K, used 16882K [0x00000000d5580000, 0x00000000d6f80000, 0x0000000100000000)
  eden space 16384K, 100% used [0x00000000d5580000,0x00000000d6580000,0x00000000d6580000)
  from space 512K, 97% used [0x00000000d6e80000,0x00000000d6efcb38,0x00000000d6f00000)
  to   space 5120K, 0% used [0x00000000d6580000,0x00000000d6580000,0x00000000d6a80000)
 ParOldGen       total 68608K, used 56411K [0x0000000080000000, 0x0000000084300000, 0x00000000d5580000)
  object space 68608K, 82% used [0x0000000080000000,0x0000000083716e58,0x0000000084300000)
 Metaspace       used 60933K, committed 62336K, reserved 1114112K
  class space    used 7006K, committed 7616K, reserved 1048576K
}
Event: 21.735 GC heap after
{Heap after GC invocations=44 (full 3):
 PSYoungGen      total 21504K, used 960K [0x00000000d5580000, 0x00000000d6f00000, 0x0000000100000000)
  eden space 16384K, 0% used [0x00000000d5580000,0x00000000d5580000,0x00000000d6580000)
  from space 5120K, 18% used [0x00000000d6580000,0x00000000d6670000,0x00000000d6a80000)
  to   space 2560K, 0% used [0x00000000d6c80000,0x00000000d6c80000,0x00000000d6f00000)
 ParOldGen       total 68608K, used 56939K [0x0000000080000000, 0x0000000084300000, 0x00000000d5580000)
  object space 68608K, 82% used [0x0000000080000000,0x000000008379aff0,0x0000000084300000)
 Metaspace       used 60933K, committed 62336K, reserved 1114112K
  class space    used 7006K, committed 7616K, reserved 1048576K
}
Event: 21.853 GC heap before
{Heap before GC invocations=45 (full 3):
 PSYoungGen      total 21504K, used 17344K [0x00000000d5580000, 0x00000000d6f00000, 0x0000000100000000)
  eden space 16384K, 100% used [0x00000000d5580000,0x00000000d6580000,0x00000000d6580000)
  from space 5120K, 18% used [0x00000000d6580000,0x00000000d6670000,0x00000000d6a80000)
  to   space 2560K, 0% used [0x00000000d6c80000,0x00000000d6c80000,0x00000000d6f00000)
 ParOldGen       total 68608K, used 56939K [0x0000000080000000, 0x0000000084300000, 0x00000000d5580000)
  object space 68608K, 82% used [0x0000000080000000,0x000000008379aff0,0x0000000084300000)
 Metaspace       used 62871K, committed 64320K, reserved 1114112K
  class space    used 7307K, committed 7936K, reserved 1048576K
}
Event: 21.854 GC heap after
{Heap after GC invocations=45 (full 3):
 PSYoungGen      total 17408K, used 544K [0x00000000d5580000, 0x00000000d6d80000, 0x0000000100000000)
  eden space 16384K, 0% used [0x00000000d5580000,0x00000000d5580000,0x00000000d6580000)
  from space 1024K, 53% used [0x00000000d6c80000,0x00000000d6d08000,0x00000000d6d80000)
  to   space 1024K, 0% used [0x00000000d6b80000,0x00000000d6b80000,0x00000000d6c80000)
 ParOldGen       total 68608K, used 57724K [0x0000000080000000, 0x0000000084300000, 0x00000000d5580000)
  object space 68608K, 84% used [0x0000000080000000,0x000000008385f030,0x0000000084300000)
 Metaspace       used 62871K, committed 64320K, reserved 1114112K
  class space    used 7307K, committed 7936K, reserved 1048576K
}
Event: 21.995 GC heap before
{Heap before GC invocations=46 (full 3):
 PSYoungGen      total 17408K, used 16928K [0x00000000d5580000, 0x00000000d6d80000, 0x0000000100000000)
  eden space 16384K, 100% used [0x00000000d5580000,0x00000000d6580000,0x00000000d6580000)
  from space 1024K, 53% used [0x00000000d6c80000,0x00000000d6d08000,0x00000000d6d80000)
  to   space 1024K, 0% used [0x00000000d6b80000,0x00000000d6b80000,0x00000000d6c80000)
 ParOldGen       total 68608K, used 57724K [0x0000000080000000, 0x0000000084300000, 0x00000000d5580000)
  object space 68608K, 84% used [0x0000000080000000,0x000000008385f030,0x0000000084300000)
 Metaspace       used 64738K, committed 66304K, reserved 1114112K
  class space    used 7617K, committed 8320K, reserved 1048576K
}
Event: 21.996 GC heap after
{Heap after GC invocations=46 (full 3):
 PSYoungGen      total 17408K, used 800K [0x00000000d5580000, 0x00000000d6d00000, 0x0000000100000000)
  eden space 16384K, 0% used [0x00000000d5580000,0x00000000d5580000,0x00000000d6580000)
  from space 1024K, 78% used [0x00000000d6b80000,0x00000000d6c48000,0x00000000d6c80000)
  to   space 512K, 0% used [0x00000000d6c80000,0x00000000d6c80000,0x00000000d6d00000)
 ParOldGen       total 68608K, used 58116K [0x0000000080000000, 0x0000000084300000, 0x00000000d5580000)
  object space 68608K, 84% used [0x0000000080000000,0x00000000838c1030,0x0000000084300000)
 Metaspace       used 64738K, committed 66304K, reserved 1114112K
  class space    used 7617K, committed 8320K, reserved 1048576K
}
Event: 23.673 GC heap before
{Heap before GC invocations=47 (full 3):
 PSYoungGen      total 17408K, used 17184K [0x00000000d5580000, 0x00000000d6d00000, 0x0000000100000000)
  eden space 16384K, 100% used [0x00000000d5580000,0x00000000d6580000,0x00000000d6580000)
  from space 1024K, 78% used [0x00000000d6b80000,0x00000000d6c48000,0x00000000d6c80000)
  to   space 512K, 0% used [0x00000000d6c80000,0x00000000d6c80000,0x00000000d6d00000)
 ParOldGen       total 68608K, used 58116K [0x0000000080000000, 0x0000000084300000, 0x00000000d5580000)
  object space 68608K, 84% used [0x0000000080000000,0x00000000838c1030,0x0000000084300000)
 Metaspace       used 66301K, committed 67904K, reserved 1114112K
  class space    used 7854K, committed 8576K, reserved 1048576K
}
Event: 23.673 GC heap after
{Heap after GC invocations=47 (full 3):
 PSYoungGen      total 16896K, used 480K [0x00000000d5580000, 0x00000000d6d00000, 0x0000000100000000)
  eden space 16384K, 0% used [0x00000000d5580000,0x00000000d5580000,0x00000000d6580000)
  from space 512K, 93% used [0x00000000d6c80000,0x00000000d6cf8010,0x00000000d6d00000)
  to   space 1536K, 0% used [0x00000000d6a00000,0x00000000d6a00000,0x00000000d6b80000)
 ParOldGen       total 68608K, used 58723K [0x0000000080000000, 0x0000000084300000, 0x00000000d5580000)
  object space 68608K, 85% used [0x0000000080000000,0x0000000083958d40,0x0000000084300000)
 Metaspace       used 66301K, committed 67904K, reserved 1114112K
  class space    used 7854K, committed 8576K, reserved 1048576K
}

Dll operation events (20 events):
Event: 0.128 Attempting to load shared library C:\Users\Teddy Lorenz Guangco\.vscode\extensions\redhat.java-1.56.0-win32-x64\jre\21.0.12.1-win32-x86_64\bin\zip.dll
Event: 0.128 Loaded shared library C:\Users\Teddy Lorenz Guangco\.vscode\extensions\redhat.java-1.56.0-win32-x64\jre\21.0.12.1-win32-x86_64\bin\zip.dll
Event: 0.144 Attempting to load shared library C:\Users\Teddy Lorenz Guangco\.vscode\extensions\redhat.java-1.56.0-win32-x64\jre\21.0.12.1-win32-x86_64\bin\jimage.dll
Event: 0.144 Loaded shared library C:\Users\Teddy Lorenz Guangco\.vscode\extensions\redhat.java-1.56.0-win32-x64\jre\21.0.12.1-win32-x86_64\bin\jimage.dll
Event: 0.225 Attempting to load shared library c:\Users\Teddy Lorenz Guangco\.vscode\extensions\redhat.java-1.56.0-win32-x64\jre\21.0.12.1-win32-x86_64\bin\verify.dll
Event: 0.225 Loaded shared library c:\Users\Teddy Lorenz Guangco\.vscode\extensions\redhat.java-1.56.0-win32-x64\jre\21.0.12.1-win32-x86_64\bin\verify.dll
Event: 4.942 Attempting to load shared library C:\Users\Teddy Lorenz Guangco\AppData\Roaming\Code\User\globalStorage\redhat.java\1.56.0\config_win\org.eclipse.equinox.launcher\org.eclipse.equinox.launcher.win32.win32.x86_64_1.3.100.v20260804-1928\eclipse_11924.dll
Event: 5.002 Loaded shared library C:\Users\Teddy Lorenz Guangco\AppData\Roaming\Code\User\globalStorage\redhat.java\1.56.0\config_win\org.eclipse.equinox.launcher\org.eclipse.equinox.launcher.win32.win32.x86_64_1.3.100.v20260804-1928\eclipse_11924.dll
Event: 13.865 Attempting to load shared library C:\Users\Teddy Lorenz Guangco\AppData\Local\Temp\jna-56883218\jna3722774317587665873.dll
Event: 13.909 Loaded shared library C:\Users\Teddy Lorenz Guangco\AppData\Local\Temp\jna-56883218\jna3722774317587665873.dll
Event: 18.650 Attempting to load shared library C:\Users\Teddy Lorenz Guangco\.vscode\extensions\redhat.java-1.56.0-win32-x64\jre\21.0.12.1-win32-x86_64\bin\sunmscapi.dll
Event: 18.653 Loaded shared library C:\Users\Teddy Lorenz Guangco\.vscode\extensions\redhat.java-1.56.0-win32-x64\jre\21.0.12.1-win32-x86_64\bin\sunmscapi.dll
Event: 18.704 Attempting to load shared library C:\Users\Teddy Lorenz Guangco\.vscode\extensions\redhat.java-1.56.0-win32-x64\jre\21.0.12.1-win32-x86_64\bin\extnet.dll
Event: 18.704 Loaded shared library C:\Users\Teddy Lorenz Guangco\.vscode\extensions\redhat.java-1.56.0-win32-x64\jre\21.0.12.1-win32-x86_64\bin\extnet.dll
Event: 20.815 Attempting to load shared library C:\Users\Teddy Lorenz Guangco\.gradle\native\1def1411415f61bf3af743bc5b6707747c0891f09f0c88961ee8f79bc544acac\windows-amd64\native-platform.dll
Event: 20.815 Loaded shared library C:\Users\Teddy Lorenz Guangco\.gradle\native\1def1411415f61bf3af743bc5b6707747c0891f09f0c88961ee8f79bc544acac\windows-amd64\native-platform.dll
Event: 21.865 Attempting to load shared library C:\Users\Teddy Lorenz Guangco\.vscode\extensions\redhat.java-1.56.0-win32-x64\jre\21.0.12.1-win32-x86_64\bin\management.dll
Event: 21.865 Loaded shared library C:\Users\Teddy Lorenz Guangco\.vscode\extensions\redhat.java-1.56.0-win32-x64\jre\21.0.12.1-win32-x86_64\bin\management.dll
Event: 21.867 Attempting to load shared library C:\Users\Teddy Lorenz Guangco\.vscode\extensions\redhat.java-1.56.0-win32-x64\jre\21.0.12.1-win32-x86_64\bin\management_ext.dll
Event: 21.868 Loaded shared library C:\Users\Teddy Lorenz Guangco\.vscode\extensions\redhat.java-1.56.0-win32-x64\jre\21.0.12.1-win32-x86_64\bin\management_ext.dll

Deoptimization events (20 events):
Event: 26.950 Thread 0x000001dc7981fe30 Uncommon trap: trap_request=0xffffff45 fr.pc=0x000001dc23920618 relative=0x00000000000004b8
Event: 26.950 Thread 0x000001dc7981fe30 Uncommon trap: reason=unstable_if action=reinterpret pc=0x000001dc23920618 method=java.util.HashMap.removeNode(ILjava/lang/Object;Ljava/lang/Object;ZZ)Ljava/util/HashMap$Node; @ 133 c2
Event: 26.950 Thread 0x000001dc7981fe30 DEOPT PACKING pc=0x000001dc23920618 sp=0x000000852cfff020
Event: 26.950 Thread 0x000001dc7981fe30 DEOPT UNPACKING pc=0x000001dc22e13aa2 sp=0x000000852cffef18 mode 2
Event: 29.193 Thread 0x000001dc7981f7a0 Uncommon trap: trap_request=0xffffffde fr.pc=0x000001dc237a2780 relative=0x00000000000026a0
Event: 29.193 Thread 0x000001dc7981f7a0 Uncommon trap: reason=class_check action=maybe_recompile pc=0x000001dc237a2780 method=sun.nio.cs.StreamDecoder.read([CII)I @ 8 c2
Event: 29.193 Thread 0x000001dc7981f7a0 DEOPT PACKING pc=0x000001dc237a2780 sp=0x000000852d1fdb30
Event: 29.193 Thread 0x000001dc7981f7a0 DEOPT UNPACKING pc=0x000001dc22e13aa2 sp=0x000000852d1fdb28 mode 2
Event: 29.193 Thread 0x000001dc7981f7a0 Uncommon trap: trap_request=0xffffffde fr.pc=0x000001dc237a2780 relative=0x00000000000026a0
Event: 29.193 Thread 0x000001dc7981f7a0 Uncommon trap: reason=class_check action=maybe_recompile pc=0x000001dc237a2780 method=sun.nio.cs.StreamDecoder.read([CII)I @ 8 c2
Event: 29.193 Thread 0x000001dc7981f7a0 DEOPT PACKING pc=0x000001dc237a2780 sp=0x000000852d1fdb30
Event: 29.193 Thread 0x000001dc7981f7a0 DEOPT UNPACKING pc=0x000001dc22e13aa2 sp=0x000000852d1fdb28 mode 2
Event: 29.193 Thread 0x000001dc7981f7a0 Uncommon trap: trap_request=0xffffffde fr.pc=0x000001dc237a2780 relative=0x00000000000026a0
Event: 29.193 Thread 0x000001dc7981f7a0 Uncommon trap: reason=class_check action=maybe_recompile pc=0x000001dc237a2780 method=sun.nio.cs.StreamDecoder.read([CII)I @ 8 c2
Event: 29.193 Thread 0x000001dc7981f7a0 DEOPT PACKING pc=0x000001dc237a2780 sp=0x000000852d1fdb30
Event: 29.193 Thread 0x000001dc7981f7a0 DEOPT UNPACKING pc=0x000001dc22e13aa2 sp=0x000000852d1fdb28 mode 2
Event: 29.193 Thread 0x000001dc7981f7a0 Uncommon trap: trap_request=0xffffffde fr.pc=0x000001dc237a2780 relative=0x00000000000026a0
Event: 29.193 Thread 0x000001dc7981f7a0 Uncommon trap: reason=class_check action=maybe_recompile pc=0x000001dc237a2780 method=sun.nio.cs.StreamDecoder.read([CII)I @ 8 c2
Event: 29.193 Thread 0x000001dc7981f7a0 DEOPT PACKING pc=0x000001dc237a2780 sp=0x000000852d1fdb30
Event: 29.193 Thread 0x000001dc7981f7a0 DEOPT UNPACKING pc=0x000001dc22e13aa2 sp=0x000000852d1fdb28 mode 2

Classes loaded (20 events):
Event: 23.666 Loading class java/nio/channels/spi/AbstractSelectionKey done
Event: 23.666 Loading class sun/nio/ch/SelectionKeyImpl done
Event: 23.666 Loading class java/lang/invoke/ConstantBootstraps
Event: 23.666 Loading class java/lang/invoke/ConstantBootstraps done
Event: 23.676 Loading class java/nio/channels/spi/AbstractSelector$1
Event: 23.676 Loading class java/nio/channels/spi/AbstractSelector$1 done
Event: 23.737 Loading class java/util/concurrent/Executors$AutoShutdownDelegatedExecutorService
Event: 23.737 Loading class java/util/concurrent/Executors$AutoShutdownDelegatedExecutorService done
Event: 29.189 Loading class sun/net/ConnectionResetException
Event: 29.189 Loading class sun/net/ConnectionResetException done
Event: 29.189 Loading class java/nio/file/FileChannelLinesSpliterator
Event: 29.189 Loading class java/nio/file/FileChannelLinesSpliterator done
Event: 29.190 Loading class java/util/stream/Streams$1
Event: 29.190 Loading class java/util/stream/Streams$1 done
Event: 29.192 Loading class java/nio/file/FileChannelLinesSpliterator$1
Event: 29.193 Loading class java/nio/file/FileChannelLinesSpliterator$1 done
Event: 29.196 Loading class java/util/concurrent/ConcurrentLinkedQueue$Itr
Event: 29.196 Loading class java/util/concurrent/ConcurrentLinkedQueue$Itr done
Event: 29.199 Loading class java/util/LinkedList$LLSpliterator
Event: 29.199 Loading class java/util/LinkedList$LLSpliterator done

Classes unloaded (19 events):
Event: 14.404 Thread 0x000001dc2f204210 Unloading class 0x000001dc311a8c00 'java/lang/invoke/LambdaForm$MH+0x000001dc311a8c00'
Event: 14.404 Thread 0x000001dc2f204210 Unloading class 0x000001dc311a8800 'java/lang/invoke/LambdaForm$MH+0x000001dc311a8800'
Event: 14.404 Thread 0x000001dc2f204210 Unloading class 0x000001dc311a8400 'java/lang/invoke/LambdaForm$MH+0x000001dc311a8400'
Event: 14.404 Thread 0x000001dc2f204210 Unloading class 0x000001dc311a8000 'java/lang/invoke/LambdaForm$MH+0x000001dc311a8000'
Event: 14.404 Thread 0x000001dc2f204210 Unloading class 0x000001dc311a7c00 'java/lang/invoke/LambdaForm$BMH+0x000001dc311a7c00'
Event: 14.404 Thread 0x000001dc2f204210 Unloading class 0x000001dc311a7800 'java/lang/invoke/LambdaForm$DMH+0x000001dc311a7800'
Event: 14.404 Thread 0x000001dc2f204210 Unloading class 0x000001dc311a6400 'java/lang/invoke/LambdaForm$DMH+0x000001dc311a6400'
Event: 20.739 Thread 0x000001dc2f204210 Unloading class 0x000001dc3167c000 'java/lang/invoke/LambdaForm$MH+0x000001dc3167c000'
Event: 20.739 Thread 0x000001dc2f204210 Unloading class 0x000001dc3167bc00 'java/lang/invoke/LambdaForm$MH+0x000001dc3167bc00'
Event: 20.739 Thread 0x000001dc2f204210 Unloading class 0x000001dc3167b400 'java/lang/invoke/LambdaForm$MH+0x000001dc3167b400'
Event: 20.739 Thread 0x000001dc2f204210 Unloading class 0x000001dc3167b000 'java/lang/invoke/LambdaForm$MH+0x000001dc3167b000'
Event: 20.739 Thread 0x000001dc2f204210 Unloading class 0x000001dc3167a800 'java/lang/invoke/LambdaForm$MH+0x000001dc3167a800'
Event: 20.739 Thread 0x000001dc2f204210 Unloading class 0x000001dc3167a400 'java/lang/invoke/LambdaForm$MH+0x000001dc3167a400'
Event: 20.739 Thread 0x000001dc2f204210 Unloading class 0x000001dc31679c00 'java/lang/invoke/LambdaForm$MH+0x000001dc31679c00'
Event: 20.739 Thread 0x000001dc2f204210 Unloading class 0x000001dc31679800 'java/lang/invoke/LambdaForm$MH+0x000001dc31679800'
Event: 20.739 Thread 0x000001dc2f204210 Unloading class 0x000001dc31679000 'java/lang/invoke/LambdaForm$MH+0x000001dc31679000'
Event: 20.739 Thread 0x000001dc2f204210 Unloading class 0x000001dc31678c00 'java/lang/invoke/LambdaForm$MH+0x000001dc31678c00'
Event: 20.739 Thread 0x000001dc2f204210 Unloading class 0x000001dc31678800 'java/lang/invoke/LambdaForm$MH+0x000001dc31678800'
Event: 20.739 Thread 0x000001dc2f204210 Unloading class 0x000001dc31678000 'java/lang/invoke/LambdaForm$MH+0x000001dc31678000'

Classes redefined (0 events):
No events

Internal exceptions (20 events):
Event: 21.982 Thread 0x000001dc7981f7a0 Exception <a 'java/lang/NoSuchMethodError'{0x00000000d63b8e90}: 'java.lang.Object java.lang.invoke.DirectMethodHandle$Holder.invokeStatic(java.lang.Object, java.lang.Object, java.lang.Object, java.lang.Object, java.lang.Object, java.lang.Object, java.lang.Object, java.lang.Object, java.lang.Object, java.lang.Object, java.lang.Object, java.lang.Object, java.lang.Object, java.lang.Object, java.lang.Object, java.lang.Object, java.lang.Object)'> (0x00000000d63b8e90) 
thrown [s\src\hotspot\share\interpreter\lin
Event: 21.984 Thread 0x000001dc7981f7a0 Exception <a 'java/lang/NoSuchMethodError'{0x00000000d63e57e0}: 'java.lang.Object java.lang.invoke.DirectMethodHandle$Holder.invokeStatic(java.lang.Object, java.lang.Object, java.lang.Object, java.lang.Object, java.lang.Object, java.lang.Object, java.lang.Object, java.lang.Object, java.lang.Object, java.lang.Object, java.lang.Object, java.lang.Object, java.lang.Object, java.lang.Object, java.lang.Object, java.lang.Object, java.lang.Object, java.lang.Object)'> (0x00000000d63e57e0) 
thrown [s\src\hotspot\sha
Event: 21.985 Thread 0x000001dc7981f7a0 Exception <a 'java/lang/NoSuchMethodError'{0x00000000d6414ae8}: 'java.lang.Object java.lang.invoke.DirectMethodHandle$Holder.invokeStatic(java.lang.Object, java.lang.Object, java.lang.Object, java.lang.Object, java.lang.Object, java.lang.Object, java.lang.Object, java.lang.Object, java.lang.Object, java.lang.Object, java.lang.Object, java.lang.Object, java.lang.Object, java.lang.Object, java.lang.Object, java.lang.Object, java.lang.Object, java.lang.Object, java.lang.Object)'> (0x00000000d6414ae8) 
thrown 
Event: 21.986 Thread 0x000001dc7981f7a0 Exception <a 'java/lang/NoSuchMethodError'{0x00000000d6443b50}: 'java.lang.Object java.lang.invoke.DirectMethodHandle$Holder.invokeStatic(java.lang.Object, java.lang.Object, java.lang.Object, java.lang.Object, java.lang.Object, java.lang.Object, java.lang.Object, java.lang.Object, java.lang.Object, java.lang.Object, java.lang.Object, java.lang.Object, java.lang.Object, java.lang.Object, java.lang.Object, java.lang.Object, java.lang.Object, java.lang.Object, java.lang.Object, java.lang.Object)'> (0x00000000
Event: 21.987 Thread 0x000001dc7981f7a0 Exception <a 'java/lang/NoSuchMethodError'{0x00000000d64740e0}: 'java.lang.Object java.lang.invoke.DirectMethodHandle$Holder.invokeStatic(java.lang.Object, java.lang.Object, java.lang.Object, java.lang.Object, java.lang.Object, java.lang.Object, java.lang.Object, java.lang.Object, java.lang.Object, java.lang.Object, java.lang.Object, java.lang.Object, java.lang.Object, java.lang.Object, java.lang.Object, java.lang.Object, java.lang.Object, java.lang.Object, java.lang.Object, java.lang.Object, java.lang.Obj
Event: 21.988 Thread 0x000001dc7981f7a0 Exception <a 'java/lang/NoSuchMethodError'{0x00000000d64a5018}: 'java.lang.Object java.lang.invoke.DirectMethodHandle$Holder.invokeStatic(java.lang.Object, java.lang.Object, java.lang.Object, java.lang.Object, java.lang.Object, java.lang.Object, java.lang.Object, java.lang.Object, java.lang.Object, java.lang.Object, java.lang.Object, java.lang.Object, java.lang.Object, java.lang.Object, java.lang.Object, java.lang.Object, java.lang.Object, java.lang.Object, java.lang.Object, java.lang.Object, java.lang.Obj
Event: 21.989 Thread 0x000001dc7981f7a0 Exception <a 'java/lang/NoSuchMethodError'{0x00000000d64d6bc8}: 'java.lang.Object java.lang.invoke.DirectMethodHandle$Holder.invokeStatic(java.lang.Object, java.lang.Object, java.lang.Object, java.lang.Object, java.lang.Object, java.lang.Object, java.lang.Object, java.lang.Object, java.lang.Object, java.lang.Object, java.lang.Object, java.lang.Object, java.lang.Object, java.lang.Object, java.lang.Object, java.lang.Object, java.lang.Object, java.lang.Object, java.lang.Object, java.lang.Object, java.lang.Obj
Event: 21.990 Thread 0x000001dc7981f7a0 Exception <a 'java/lang/NoSuchMethodError'{0x00000000d6509440}: 'java.lang.Object java.lang.invoke.DirectMethodHandle$Holder.invokeStatic(java.lang.Object, java.lang.Object, java.lang.Object, java.lang.Object, java.lang.Object, java.lang.Object, java.lang.Object, java.lang.Object, java.lang.Object, java.lang.Object, java.lang.Object, java.lang.Object, java.lang.Object, java.lang.Object, java.lang.Object, java.lang.Object, java.lang.Object, java.lang.Object, java.lang.Object, java.lang.Object, java.lang.Obj
Event: 21.992 Thread 0x000001dc7981f7a0 Exception <a 'java/lang/NoSuchMethodError'{0x00000000d653dd28}: 'java.lang.Object java.lang.invoke.DirectMethodHandle$Holder.invokeStatic(java.lang.Object, java.lang.Object, java.lang.Object, java.lang.Object, java.lang.Object, java.lang.Object, java.lang.Object, java.lang.Object, java.lang.Object, java.lang.Object, java.lang.Object, java.lang.Object, java.lang.Object, java.lang.Object, java.lang.Object, java.lang.Object, java.lang.Object, java.lang.Object, java.lang.Object, java.lang.Object, java.lang.Obj
Event: 21.994 Thread 0x000001dc7981f7a0 Exception <a 'java/lang/NoSuchMethodError'{0x00000000d6563af8}: 'java.lang.Object java.lang.invoke.DirectMethodHandle$Holder.invokeSpecial(java.lang.Object, java.lang.Object, java.lang.Object, java.lang.Object, java.lang.Object, java.lang.Object, java.lang.Object, java.lang.Object, java.lang.Object, java.lang.Object, java.lang.Object, java.lang.Object, java.lang.Object, java.lang.Object, java.lang.Object, java.lang.Object, java.lang.Object, java.lang.Object, java.lang.Object, java.lang.Object, java.lang.Ob
Event: 21.995 Thread 0x000001dc7981f7a0 Exception <a 'java/lang/NoSuchMethodError'{0x00000000d65792e0}: 'java.lang.Object java.lang.invoke.DirectMethodHandle$Holder.newInvokeSpecial(java.lang.Object, java.lang.Object, java.lang.Object, java.lang.Object, java.lang.Object, java.lang.Object, java.lang.Object, java.lang.Object, java.lang.Object, java.lang.Object, java.lang.Object, java.lang.Object, java.lang.Object, java.lang.Object, java.lang.Object, java.lang.Object, java.lang.Object, java.lang.Object, java.lang.Object, java.lang.Object, java.lang
Event: 21.995 Thread 0x000001dc7981f7a0 Exception <a 'java/lang/NoSuchMethodError'{0x00000000d657f498}: 'java.lang.Object java.lang.invoke.Invokers$Holder.linkToTargetMethod(java.lang.Object, java.lang.Object, java.lang.Object, java.lang.Object, java.lang.Object, java.lang.Object, java.lang.Object, java.lang.Object, java.lang.Object, java.lang.Object, java.lang.Object, java.lang.Object, java.lang.Object, java.lang.Object, java.lang.Object, java.lang.Object, java.lang.Object, java.lang.Object, java.lang.Object, java.lang.Object, java.lang.Object,
Event: 21.997 Thread 0x000001dc7981f7a0 Exception <a 'java/lang/NoSuchMethodError'{0x00000000d5584908}: 'java.lang.Object java.lang.invoke.DirectMethodHandle$Holder.invokeVirtual(java.lang.Object, java.lang.Object, java.lang.Object, java.lang.Object, java.lang.Object, java.lang.Object, java.lang.Object, java.lang.Object, java.lang.Object, java.lang.Object)'> (0x00000000d5584908) 
thrown [s\src\hotspot\share\interpreter\linkResolver.cpp, line 773]
Event: 22.012 Thread 0x000001dc7981f7a0 Exception <a 'java/lang/NoSuchMethodError'{0x00000000d56e2248}: 'java.lang.Object java.lang.invoke.DirectMethodHandle$Holder.invokeVirtual(java.lang.Object, java.lang.Object, java.lang.Object, java.lang.Object, java.lang.Object, java.lang.Object, java.lang.Object, java.lang.Object, java.lang.Object)'> (0x00000000d56e2248) 
thrown [s\src\hotspot\share\interpreter\linkResolver.cpp, line 773]
Event: 22.037 Thread 0x000001dc7981f7a0 Exception <a 'java/lang/NoSuchMethodError'{0x00000000d5992778}: 'long java.lang.invoke.DirectMethodHandle$Holder.invokeVirtual(java.lang.Object, java.lang.Object)'> (0x00000000d5992778) 
thrown [s\src\hotspot\share\interpreter\linkResolver.cpp, line 773]
Event: 22.037 Thread 0x000001dc7981f7a0 Exception <a 'java/lang/NoSuchMethodError'{0x00000000d5995b78}: 'long java.lang.invoke.DelegatingMethodHandle$Holder.reinvoke_L(java.lang.Object, java.lang.Object)'> (0x00000000d5995b78) 
thrown [s\src\hotspot\share\interpreter\linkResolver.cpp, line 773]
Event: 22.177 Thread 0x000001dc798204c0 Exception <a 'java/lang/NoSuchMethodError'{0x00000000d6382bf8}: 'void java.lang.invoke.DirectMethodHandle$Holder.invokeStatic(java.lang.Object, long)'> (0x00000000d6382bf8) 
thrown [s\src\hotspot\share\interpreter\linkResolver.cpp, line 773]
Event: 23.669 Thread 0x000001dc7981f7a0 Exception <a 'java/lang/NoSuchMethodError'{0x00000000d6520f90}: 'void java.lang.invoke.DirectMethodHandle$Holder.invokeInterface(java.lang.Object, java.lang.Object, java.lang.Object, java.lang.Object)'> (0x00000000d6520f90) 
thrown [s\src\hotspot\share\interpreter\linkResolver.cpp, line 773]
Event: 29.189 Thread 0x000001dc7981f7a0 Exception <a 'sun/net/ConnectionResetException'{0x00000000d55ee9d0}: Connection reset> (0x00000000d55ee9d0) 
thrown [s\src\hotspot\share\prims\jni.cpp, line 539]
Event: 29.195 Thread 0x000001dc7981f7a0 Exception <a 'java/io/IOException'{0x00000000d5670700}: Connection reset by peer> (0x00000000d5670700) 
thrown [s\src\hotspot\share\prims\jni.cpp, line 539]

ZGC Phase Switch (0 events):
No events

VM Operations (20 events):
Event: 21.735 Executing safepoint VM operation: ParallelGCFailedAllocation (Allocation Failure)
Event: 21.736 Executing safepoint VM operation: ParallelGCFailedAllocation (Allocation Failure) done
Event: 21.853 Executing safepoint VM operation: ParallelGCFailedAllocation (Allocation Failure)
Event: 21.854 Executing safepoint VM operation: ParallelGCFailedAllocation (Allocation Failure) done
Event: 21.995 Executing safepoint VM operation: ParallelGCFailedAllocation (Allocation Failure)
Event: 21.996 Executing safepoint VM operation: ParallelGCFailedAllocation (Allocation Failure) done
Event: 22.017 Executing non-safepoint VM operation: HandshakeAllThreads (Deoptimize)
Event: 22.017 Executing non-safepoint VM operation: HandshakeAllThreads (Deoptimize) done
Event: 22.179 Executing non-safepoint VM operation: HandshakeAllThreads (Deoptimize)
Event: 22.179 Executing non-safepoint VM operation: HandshakeAllThreads (Deoptimize) done
Event: 23.184 Executing safepoint VM operation: Cleanup
Event: 23.184 Executing safepoint VM operation: Cleanup done
Event: 23.673 Executing safepoint VM operation: ParallelGCFailedAllocation (Allocation Failure)
Event: 23.674 Executing safepoint VM operation: ParallelGCFailedAllocation (Allocation Failure) done
Event: 23.677 Executing non-safepoint VM operation: HandshakeAllThreads (Deoptimize)
Event: 23.677 Executing non-safepoint VM operation: HandshakeAllThreads (Deoptimize) done
Event: 26.692 Executing safepoint VM operation: Cleanup
Event: 26.692 Executing safepoint VM operation: Cleanup done
Event: 28.715 Executing safepoint VM operation: Cleanup
Event: 28.715 Executing safepoint VM operation: Cleanup done

Memory protections (0 events):
No events

Nmethod flushes (20 events):
Event: 20.759 Thread 0x000001dc2f204210 flushing  nmethod 0x000001dc1c389990
Event: 20.759 Thread 0x000001dc2f204210 flushing  nmethod 0x000001dc1c38f410
Event: 20.759 Thread 0x000001dc2f204210 flushing  nmethod 0x000001dc1c3a8110
Event: 20.759 Thread 0x000001dc2f204210 flushing  nmethod 0x000001dc1c3a9a10
Event: 20.759 Thread 0x000001dc2f204210 flushing  nmethod 0x000001dc1c3ab510
Event: 20.759 Thread 0x000001dc2f204210 flushing  nmethod 0x000001dc1c3acf90
Event: 20.759 Thread 0x000001dc2f204210 flushing  nmethod 0x000001dc1c3b0110
Event: 20.759 Thread 0x000001dc2f204210 flushing  nmethod 0x000001dc1c3b0590
Event: 20.759 Thread 0x000001dc2f204210 flushing  nmethod 0x000001dc1c3b1490
Event: 20.759 Thread 0x000001dc2f204210 flushing  nmethod 0x000001dc1c3b1990
Event: 20.759 Thread 0x000001dc2f204210 flushing  nmethod 0x000001dc1c3b2390
Event: 20.759 Thread 0x000001dc2f204210 flushing  nmethod 0x000001dc1c3b2890
Event: 20.759 Thread 0x000001dc2f204210 flushing  nmethod 0x000001dc1c3b5490
Event: 20.759 Thread 0x000001dc2f204210 flushing  nmethod 0x000001dc1c3b5990
Event: 20.759 Thread 0x000001dc2f204210 flushing  nmethod 0x000001dc1c3b8810
Event: 20.759 Thread 0x000001dc2f204210 flushing  nmethod 0x000001dc1c3b8b90
Event: 20.759 Thread 0x000001dc2f204210 flushing  nmethod 0x000001dc1c3b9310
Event: 20.759 Thread 0x000001dc2f204210 flushing  nmethod 0x000001dc1c3b9890
Event: 20.759 Thread 0x000001dc2f204210 flushing  nmethod 0x000001dc1c3cdb10
Event: 20.759 Thread 0x000001dc2f204210 flushing  nmethod 0x000001dc1c3e7190

Events (20 events):
Event: 20.445 Thread 0x000001dc783d8810 Thread added: 0x000001dc7981f7a0
Event: 20.477 Thread 0x000001dc7be9b910 Thread exited: 0x000001dc7be9b910
Event: 21.902 Thread 0x000001dc7be9b240 Thread exited: 0x000001dc7be9b240
Event: 22.048 Thread 0x000001dc7981f7a0 Thread added: 0x000001dc7981fe30
Event: 22.165 Thread 0x000001dc7981f7a0 Thread added: 0x000001dc798204c0
Event: 22.181 Thread 0x000001dc798204c0 Thread added: 0x000001dc79820b50
Event: 22.181 Thread 0x000001dc79820b50 Thread exited: 0x000001dc79820b50
Event: 22.182 Thread 0x000001dc798204c0 Thread added: 0x000001dc79820b50
Event: 23.647 Thread 0x000001dc7be9e8c0 Thread exited: 0x000001dc7be9e8c0
Event: 23.649 Thread 0x000001dc798204c0 Thread exited: 0x000001dc798204c0
Event: 23.649 Thread 0x000001dc79820b50 Thread exited: 0x000001dc79820b50
Event: 24.951 Thread 0x000001dc7be9bfe0 Thread exited: 0x000001dc7be9bfe0
Event: 24.951 Thread 0x000001dc77742eb0 Thread exited: 0x000001dc77742eb0
Event: 26.250 Thread 0x000001dc7be9d450 Thread exited: 0x000001dc7be9d450
Event: 26.250 Thread 0x000001dc7be9db20 Thread exited: 0x000001dc7be9db20
Event: 26.754 Thread 0x000001dc7763b0c0 Thread exited: 0x000001dc7763b0c0
Event: 26.882 Thread 0x000001dc718579b0 Thread exited: 0x000001dc718579b0
Event: 26.882 Thread 0x000001dc7763aa10 Thread exited: 0x000001dc7763aa10
Event: 29.196 Thread 0x000001dc7981fe30 Thread exited: 0x000001dc7981fe30
Event: 29.199 Thread 0x000001dc7981f7a0 Thread exited: 0x000001dc7981f7a0


Dynamic libraries:
0x00007ff7ba6b0000 - 0x00007ff7ba6be000 	c:\Users\Teddy Lorenz Guangco\.vscode\extensions\redhat.java-1.56.0-win32-x64\jre\21.0.12.1-win32-x86_64\bin\java.exe
0x00007ffda41c0000 - 0x00007ffda4428000 	C:\WINDOWS\SYSTEM32\ntdll.dll
0x00007ffda2270000 - 0x00007ffda2339000 	C:\WINDOWS\System32\KERNEL32.DLL
0x00007ffda1a70000 - 0x00007ffda1e68000 	C:\WINDOWS\System32\KERNELBASE.dll
0x00007ffda1740000 - 0x00007ffda188b000 	C:\WINDOWS\System32\ucrtbase.dll
0x00007ffd8a650000 - 0x00007ffd8a66e000 	c:\Users\Teddy Lorenz Guangco\.vscode\extensions\redhat.java-1.56.0-win32-x64\jre\21.0.12.1-win32-x86_64\bin\VCRUNTIME140.dll
0x00007ffd8a490000 - 0x00007ffd8a4a8000 	c:\Users\Teddy Lorenz Guangco\.vscode\extensions\redhat.java-1.56.0-win32-x64\jre\21.0.12.1-win32-x86_64\bin\jli.dll
0x00007ffda1ff0000 - 0x00007ffda21b7000 	C:\WINDOWS\System32\USER32.dll
0x00007ffda1f30000 - 0x00007ffda1f57000 	C:\WINDOWS\System32\win32u.dll
0x00007ffda0790000 - 0x00007ffda0a24000 	C:\WINDOWS\WinSxS\amd64_microsoft.windows.common-controls_6595b64144ccf1df_6.0.26100.7019_none_3e06ffa0e335b8a8\COMCTL32.dll
0x00007ffda2ee0000 - 0x00007ffda2f0b000 	C:\WINDOWS\System32\GDI32.dll
0x00007ffda21c0000 - 0x00007ffda2269000 	C:\WINDOWS\System32\msvcrt.dll
0x00007ffda1890000 - 0x00007ffda19bc000 	C:\WINDOWS\System32\gdi32full.dll
0x00007ffda1490000 - 0x00007ffda1533000 	C:\WINDOWS\System32\msvcp_win.dll
0x00007ffda27a0000 - 0x00007ffda27d1000 	C:\WINDOWS\System32\IMM32.DLL
0x00007ffd8a630000 - 0x00007ffd8a63c000 	c:\Users\Teddy Lorenz Guangco\.vscode\extensions\redhat.java-1.56.0-win32-x64\jre\21.0.12.1-win32-x86_64\bin\vcruntime140_1.dll
0x00007ffd392a0000 - 0x00007ffd3932d000 	c:\Users\Teddy Lorenz Guangco\.vscode\extensions\redhat.java-1.56.0-win32-x64\jre\21.0.12.1-win32-x86_64\bin\msvcp140.dll
0x00007ffcef300000 - 0x00007ffcf00a2000 	c:\Users\Teddy Lorenz Guangco\.vscode\extensions\redhat.java-1.56.0-win32-x64\jre\21.0.12.1-win32-x86_64\bin\server\jvm.dll
0x00007ffda2480000 - 0x00007ffda2534000 	C:\WINDOWS\System32\ADVAPI32.dll
0x00007ffda3050000 - 0x00007ffda30f6000 	C:\WINDOWS\System32\sechost.dll
0x00007ffda3280000 - 0x00007ffda3398000 	C:\WINDOWS\System32\RPCRT4.dll
0x00007ffda27e0000 - 0x00007ffda2854000 	C:\WINDOWS\System32\WS2_32.dll
0x00007ffda1170000 - 0x00007ffda11ce000 	C:\WINDOWS\SYSTEM32\POWRPROF.dll
0x00007ffd998a0000 - 0x00007ffd998ab000 	C:\WINDOWS\SYSTEM32\VERSION.dll
0x00007ffd97270000 - 0x00007ffd972a5000 	C:\WINDOWS\SYSTEM32\WINMM.dll
0x00007ffda1150000 - 0x00007ffda1164000 	C:\WINDOWS\SYSTEM32\UMPDC.dll
0x00007ffd9f810000 - 0x00007ffd9f82b000 	C:\WINDOWS\SYSTEM32\kernel.appcore.dll
0x00007ffd8bad0000 - 0x00007ffd8bada000 	c:\Users\Teddy Lorenz Guangco\.vscode\extensions\redhat.java-1.56.0-win32-x64\jre\21.0.12.1-win32-x86_64\bin\jimage.dll
0x00007ffda0b40000 - 0x00007ffda0d82000 	C:\WINDOWS\SYSTEM32\DBGHELP.DLL
0x00007ffda3c70000 - 0x00007ffda3ffb000 	C:\WINDOWS\System32\combase.dll
0x00007ffda2f10000 - 0x00007ffda2fe7000 	C:\WINDOWS\System32\OLEAUT32.dll
0x00007ffda0a30000 - 0x00007ffda0a6c000 	C:\WINDOWS\SYSTEM32\dbgcore.DLL
0x00007ffda19c0000 - 0x00007ffda1a65000 	C:\WINDOWS\System32\bcryptPrimitives.dll
0x00007ffd8bac0000 - 0x00007ffd8bacf000 	c:\Users\Teddy Lorenz Guangco\.vscode\extensions\redhat.java-1.56.0-win32-x64\jre\21.0.12.1-win32-x86_64\bin\instrument.dll
0x00007ffd8baa0000 - 0x00007ffd8bac0000 	c:\Users\Teddy Lorenz Guangco\.vscode\extensions\redhat.java-1.56.0-win32-x64\jre\21.0.12.1-win32-x86_64\bin\java.dll
0x00007ffda33a0000 - 0x00007ffda3aef000 	C:\WINDOWS\System32\SHELL32.dll
0x00007ffda15d0000 - 0x00007ffda173b000 	C:\WINDOWS\System32\wintypes.dll
0x00007ffd9e600000 - 0x00007ffd9ee5d000 	C:\WINDOWS\SYSTEM32\windows.storage.dll
0x00007ffda4080000 - 0x00007ffda4172000 	C:\WINDOWS\System32\SHCORE.dll
0x00007ffda1f70000 - 0x00007ffda1fd7000 	C:\WINDOWS\System32\shlwapi.dll
0x00007ffda1230000 - 0x00007ffda1259000 	C:\WINDOWS\SYSTEM32\profapi.dll
0x00007ffd894a0000 - 0x00007ffd894b8000 	c:\Users\Teddy Lorenz Guangco\.vscode\extensions\redhat.java-1.56.0-win32-x64\jre\21.0.12.1-win32-x86_64\bin\zip.dll
0x00007ffd8a460000 - 0x00007ffd8a470000 	C:\Users\Teddy Lorenz Guangco\.vscode\extensions\redhat.java-1.56.0-win32-x64\jre\21.0.12.1-win32-x86_64\bin\net.dll
0x00007ffd99e80000 - 0x00007ffd99fa8000 	C:\WINDOWS\SYSTEM32\WINHTTP.dll
0x00007ffd9fd80000 - 0x00007ffd9fdeb000 	C:\WINDOWS\system32\mswsock.dll
0x00007ffd89480000 - 0x00007ffd89496000 	C:\Users\Teddy Lorenz Guangco\.vscode\extensions\redhat.java-1.56.0-win32-x64\jre\21.0.12.1-win32-x86_64\bin\nio.dll
0x00007ffd893c0000 - 0x00007ffd893d0000 	c:\Users\Teddy Lorenz Guangco\.vscode\extensions\redhat.java-1.56.0-win32-x64\jre\21.0.12.1-win32-x86_64\bin\verify.dll
0x00007ffcdfbf0000 - 0x00007ffcdfc35000 	C:\Users\Teddy Lorenz Guangco\AppData\Roaming\Code\User\globalStorage\redhat.java\1.56.0\config_win\org.eclipse.equinox.launcher\org.eclipse.equinox.launcher.win32.win32.x86_64_1.3.100.v20260804-1928\eclipse_11924.dll
0x00007ffda2600000 - 0x00007ffda2797000 	C:\WINDOWS\System32\ole32.dll
0x00007ffda0eb0000 - 0x00007ffda0ecb000 	C:\WINDOWS\SYSTEM32\CRYPTSP.dll
0x00007ffd9faf0000 - 0x00007ffd9fb2a000 	C:\WINDOWS\system32\rsaenh.dll
0x00007ffd9fe80000 - 0x00007ffd9feab000 	C:\WINDOWS\SYSTEM32\USERENV.dll
0x00007ffda1200000 - 0x00007ffda122a000 	C:\WINDOWS\SYSTEM32\bcrypt.dll
0x00007ffda0210000 - 0x00007ffda021c000 	C:\WINDOWS\SYSTEM32\CRYPTBASE.dll
0x00007ffd9f2e0000 - 0x00007ffd9f314000 	C:\WINDOWS\SYSTEM32\IPHLPAPI.DLL
0x00007ffda2470000 - 0x00007ffda247a000 	C:\WINDOWS\System32\NSI.dll
0x00007ffcd7110000 - 0x00007ffcd7159000 	C:\Users\Teddy Lorenz Guangco\AppData\Local\Temp\jna-56883218\jna3722774317587665873.dll
0x00007ffda2860000 - 0x00007ffda2868000 	C:\WINDOWS\System32\PSAPI.DLL
0x00007ffd9a100000 - 0x00007ffd9a11e000 	C:\WINDOWS\SYSTEM32\dhcpcsvc6.DLL
0x00007ffd9a050000 - 0x00007ffd9a073000 	C:\WINDOWS\SYSTEM32\dhcpcsvc.DLL
0x00007ffd39040000 - 0x00007ffd3904e000 	C:\Users\Teddy Lorenz Guangco\.vscode\extensions\redhat.java-1.56.0-win32-x64\jre\21.0.12.1-win32-x86_64\bin\sunmscapi.dll
0x00007ffda1310000 - 0x00007ffda1487000 	C:\WINDOWS\System32\CRYPT32.dll
0x00007ffda0390000 - 0x00007ffda03c0000 	C:\WINDOWS\SYSTEM32\ncrypt.dll
0x00007ffda0340000 - 0x00007ffda037f000 	C:\WINDOWS\SYSTEM32\NTASN1.dll
0x00007ffd9f320000 - 0x00007ffd9f44c000 	C:\WINDOWS\SYSTEM32\DNSAPI.dll
0x00007ffd99960000 - 0x00007ffd9996b000 	C:\Windows\System32\rasadhlp.dll
0x00007ffd9a300000 - 0x00007ffd9a386000 	C:\WINDOWS\System32\fwpuclnt.dll
0x00007ffd698e0000 - 0x00007ffd698e9000 	C:\Users\Teddy Lorenz Guangco\.vscode\extensions\redhat.java-1.56.0-win32-x64\jre\21.0.12.1-win32-x86_64\bin\extnet.dll
0x00007ffd94c30000 - 0x00007ffd94c57000 	C:\Users\Teddy Lorenz Guangco\.gradle\native\1def1411415f61bf3af743bc5b6707747c0891f09f0c88961ee8f79bc544acac\windows-amd64\native-platform.dll
0x00007ffd893b0000 - 0x00007ffd893ba000 	C:\Users\Teddy Lorenz Guangco\.vscode\extensions\redhat.java-1.56.0-win32-x64\jre\21.0.12.1-win32-x86_64\bin\management.dll
0x00007ffd6d700000 - 0x00007ffd6d70c000 	C:\Users\Teddy Lorenz Guangco\.vscode\extensions\redhat.java-1.56.0-win32-x64\jre\21.0.12.1-win32-x86_64\bin\management_ext.dll
0x00007ffd79370000 - 0x00007ffd79378000 	C:\WINDOWS\system32\wshunix.dll

JVMTI agents:
c:\Users\Teddy Lorenz Guangco\.vscode\extensions\redhat.java-1.56.0-win32-x64\lombok\lombok-1.18.39-4050.jar path:c:\Users\Teddy Lorenz Guangco\.vscode\extensions\redhat.java-1.56.0-win32-x64\jre\21.0.12.1-win32-x86_64\bin\instrument.dll, loaded, initialized, instrumentlib options:none

dbghelp: loaded successfully - version: 4.0.5 - missing functions: none
symbol engine: initialized successfully - sym options: 0x614 - pdb path: .;c:\Users\Teddy Lorenz Guangco\.vscode\extensions\redhat.java-1.56.0-win32-x64\jre\21.0.12.1-win32-x86_64\bin;C:\WINDOWS\SYSTEM32;C:\WINDOWS\WinSxS\amd64_microsoft.windows.common-controls_6595b64144ccf1df_6.0.26100.7019_none_3e06ffa0e335b8a8;c:\Users\Teddy Lorenz Guangco\.vscode\extensions\redhat.java-1.56.0-win32-x64\jre\21.0.12.1-win32-x86_64\bin\server;C:\Users\Teddy Lorenz Guangco\AppData\Roaming\Code\User\globalStorage\redhat.java\1.56.0\config_win\org.eclipse.equinox.launcher\org.eclipse.equinox.launcher.win32.win32.x86_64_1.3.100.v20260804-1928;C:\Users\Teddy Lorenz Guangco\AppData\Local\Temp\jna-56883218;C:\Users\Teddy Lorenz Guangco\.gradle\native\1def1411415f61bf3af743bc5b6707747c0891f09f0c88961ee8f79bc544acac\windows-amd64

VM Arguments:
jvm_args: --add-modules=ALL-SYSTEM --add-opens=java.base/java.util=ALL-UNNAMED --add-opens=java.base/java.lang=ALL-UNNAMED --add-opens=java.base/sun.nio.fs=ALL-UNNAMED -Declipse.application=org.eclipse.jdt.ls.core.id1 -Dosgi.bundles.defaultStartLevel=4 -Declipse.product=org.eclipse.jdt.ls.core.product -Djava.import.generatesMetadataFilesAtProjectRoot=false -Dm2e.project.cache.size=50 -DDetectVMInstallationsJob.disabled=true -Dfile.encoding=utf8 -XX:+UseParallelGC -XX:GCTimeRatio=4 -XX:AdaptiveSizePolicyWeight=90 -Dsun.zip.disableMemoryMapping=true -Xmx2G -Xms100m -Xlog:disable -javaagent:c:\Users\Teddy Lorenz Guangco\.vscode\extensions\redhat.java-1.56.0-win32-x64\lombok\lombok-1.18.39-4050.jar -XX:+HeapDumpOnOutOfMemoryError -XX:HeapDumpPath=c:\Users\Teddy Lorenz Guangco\AppData\Roaming\Code\User\workspaceStorage\bcc455c84b49112e4f4755e2f290504c\redhat.java -Daether.dependencyCollector.impl=bf 
java_command: c:\Users\Teddy Lorenz Guangco\.vscode\extensions\redhat.java-1.56.0-win32-x64\server\plugins\org.eclipse.equinox.launcher_1.8.0.v20260804-1928.jar -configuration c:\Users\Teddy Lorenz Guangco\AppData\Roaming\Code\User\globalStorage\redhat.java\1.56.0\config_win -data c:\Users\Teddy Lorenz Guangco\AppData\Roaming\Code\User\workspaceStorage\bcc455c84b49112e4f4755e2f290504c\redhat.java\jdt_ws --pipe=\\.\pipe\lsp-70fb7321602997d584256df657e9aa09-sock
java_class_path (initial): c:\Users\Teddy Lorenz Guangco\.vscode\extensions\redhat.java-1.56.0-win32-x64\server\plugins\org.eclipse.equinox.launcher_1.8.0.v20260804-1928.jar
Launcher Type: SUN_STANDARD

[Global flags]
    uintx AdaptiveSizePolicyWeight                 = 90                                        {product} {command line}
     intx CICompilerCount                          = 12                                        {product} {ergonomic}
    uintx GCTimeRatio                              = 4                                         {product} {command line}
     bool HeapDumpOnOutOfMemoryError               = true                                   {manageable} {command line}
    ccstr HeapDumpPath                             = c:\Users\Teddy Lorenz Guangco\AppData\Roaming\Code\User\workspaceStorage\bcc455c84b49112e4f4755e2f290504c\redhat.java         {manageable} {command line}
   size_t InitialHeapSize                          = 104857600                                 {product} {command line}
   size_t MaxHeapSize                              = 2147483648                                {product} {command line}
   size_t MaxNewSize                               = 715653120                                 {product} {ergonomic}
   size_t MinHeapDeltaBytes                        = 524288                                    {product} {ergonomic}
   size_t MinHeapSize                              = 104857600                                 {product} {command line}
   size_t NewSize                                  = 34603008                                  {product} {ergonomic}
    uintx NonNMethodCodeHeapSize                   = 7602480                                {pd product} {ergonomic}
    uintx NonProfiledCodeHeapSize                  = 122027880                              {pd product} {ergonomic}
   size_t OldSize                                  = 70254592                                  {product} {ergonomic}
    uintx ProfiledCodeHeapSize                     = 122027880                              {pd product} {ergonomic}
    uintx ReservedCodeCacheSize                    = 251658240                              {pd product} {ergonomic}
     bool SegmentedCodeCache                       = true                                      {product} {ergonomic}
   size_t SoftMaxHeapSize                          = 2147483648                             {manageable} {ergonomic}
     bool UseCompressedOops                        = true                           {product lp64_product} {ergonomic}
     bool UseLargePagesIndividualAllocation        = false                                  {pd product} {ergonomic}
     bool UseParallelGC                            = true                                      {product} {command line}

Logging:
Log output configuration:
 #0: stdout all=off uptime,level,tags foldmultilines=false
 #1: stderr all=off uptime,level,tags foldmultilines=false

Release file:
JAVA_VERSION="21.0.12.1" 
MODULES="java.base java.compiler java.datatransfer java.xml java.prefs java.desktop java.instrument java.logging java.management java.security.sasl java.naming java.rmi java.management.rmi java.net.http java.scripting java.security.jgss java.transaction.xa java.sql java.sql.rowset java.xml.crypto java.se java.smartcardio jdk.accessibility jdk.internal.jvmstat jdk.attach jdk.charsets jdk.internal.opt jdk.zipfs jdk.compiler jdk.crypto.ec jdk.crypto.cryptoki jdk.crypto.mscapi jdk.dynalink jdk.internal.ed jdk.editpad jdk.hotspot.agent jdk.httpserver jdk.internal.le jdk.internal.vm.ci jdk.internal.vm.compiler jdk.internal.vm.compiler.management jdk.jartool jdk.javadoc jdk.jcmd jdk.management jdk.management.agent jdk.jconsole jdk.jdeps jdk.jdwp.agent jdk.jdi jdk.jfr jdk.jshell jdk.jsobject jdk.jstatd jdk.localedata jdk.management.jfr jdk.naming.dns jdk.naming.rmi jdk.net jdk.nio.mapmode jdk.random jdk.sctp jdk.security.auth jdk.security.jgss jdk.unsupported jdk.unsupported.desktop jdk.xml.dom" 

Environment Variables:
JAVA_HOME=C:\Program Files\Java\jdk-21
PATH="C:\xampp\php;C:\Program Files\Common Files\Oracle\Java\javapath";C:\Program Files (x86)\Common Files\Oracle\Java\javapath;C:\Program Files (x86)\Common Files\Intel\Shared Libraries\redist\intel64\compiler;C:\ProgramData\Oracle\Java\javapath;C:\Windows\system32;C:\Windows;C:\Windows\System32\Wbem;C:\Windows\System32\WindowsPowerShell\v1.0\;C:\Windows\System32\OpenSSH\;C:\Program Files (x86)\NVIDIA Corporation\PhysX\Common;C:\Program Files\NVIDIA Corporation\NVIDIA NvDLISR;C:\Program Files\dotnet\;C:\WINDOWS\system32;C:\WINDOWS;C:\WINDOWS\System32\Wbem;C:\WINDOWS\System32\WindowsPowerShell\v1.0\;C:\WINDOWS\System32\OpenSSH\;C:\Program Files\Java\jdk-21\bin;C:\Program Files\nodejs\;C:\xampp\php;C:\ProgramData\ComposerSetup\bin;C:\Program Files\Git\cmd;C:\Program Files\Git\bin;C:\MinGW\bin;C:\Users\Teddy Lorenz Guangco\AppData\Local\Microsoft\WindowsApps;C:\Users\Teddy Lorenz Guangco\AppData\Local\Programs\Microsoft VS Code\bin;C:\Users\Teddy Lorenz Guangco\AppData\Roaming\npm;C:\Users\Teddy Lorenz Guangco\AppData\Roaming\Composer\vendor\bin;C:\Users\Teddy Lorenz Guangco\AppData\Local\Python\bin;C:\Users\Teddy Lorenz Guangco\AppData\Local\Programs\Fiddler;C:\msys64\ucrt64\bin;C:\Users\Teddy Lorenz Guangco\AppData\Local\Programs\Antigravity\bin
USERNAME=Teddy Lorenz Guangco
OS=Windows_NT
PROCESSOR_IDENTIFIER=AMD64 Family 25 Model 68 Stepping 1, AuthenticAMD
TMP=C:\Users\TEDDYL~1\AppData\Local\Temp
TEMP=C:\Users\TEDDYL~1\AppData\Local\Temp




Periodic native trim disabled

---------------  S Y S T E M  ---------------

OS:
 Windows 11 , 64 bit Build 26100 (10.0.26100.7019)
OS uptime: 0 days 17:08 hours
Hyper-V role detected

CPU: total 16 (initial active 16) (16 cores per cpu, 2 threads per core) family 25 model 68 stepping 1 microcode 0xa404102, cx8, cmov, fxsr, ht, mmx, 3dnowpref, sse, sse2, sse3, ssse3, sse4a, sse4.1, sse4.2, popcnt, lzcnt, tsc, tscinvbit, avx, avx2, aes, erms, clmul, bmi1, bmi2, adx, sha, fma, vzeroupper, clflush, clflushopt, hv, rdtscp, rdpid, fsrm, f16c, cet_ss
Processor Information for the first 16 processors :
  Max Mhz: 3201, Current Mhz: 3201, Mhz Limit: 3201

Memory: 4k page, system-wide physical 23820M (3410M free)
TotalPageFile size 43337M (AvailPageFile size 725M)
current process WorkingSet (physical memory assigned to process): 282M, peak: 347M
current process commit charge ("private bytes"): 393M, peak: 447M

vm_info: OpenJDK 64-Bit Server VM (21.0.12.1+1-LTS) for windows-amd64 JRE (21.0.12.1+1-LTS), built on 2026-08-18T00:00:00Z by "admin" with MS VC++ 17.12 (VS2022)

END.
